[100/1267] rows=2334 (24s)
[200/1267] rows=5087 (71s)
[300/1267] rows=7520 (117s)
[400/1267] rows=10126 (162s)
[500/1267] rows=12866 (198s)
[600/1267] rows=15482 (236s)
[700/1267] rows=18313 (268s)
[800/1267] rows=20948 (305s)
[900/1267] rows=23543 (342s)
[1000/1267] rows=26176 (390s)
[1100/1267] rows=28787 (425s)
[1200/1267] rows=31368 (469s)

DONE 496s days=1231 rows=33134 -> C:\Users\Admin\myquant-regime\data\regime\entry_variants_20260723.csv

== ALL 2E ==
                 n    win       net    PF  per_tr
variant book                                     
base    T1    3340  44.85 -108000.0  0.82  -32.34
        T2    3340  27.93 -174212.5  0.78  -52.16
bemove  T2    3340  22.63  -86025.0  0.85  -25.76
closec  T1    1657  43.93  -94647.5  0.77  -57.12
        T2    1657  25.53 -201222.5  0.64 -121.44
noslip  T1    3340  47.34  -68925.0  0.87  -20.64
        T2    3340  29.67 -125525.0  0.83  -37.58
retest  T1    3220  51.80   -9937.5  0.98   -3.09
        T2    3220  32.98  -57937.5  0.90  -17.99
tstop12 T1    3340  45.78  -77425.0  0.86  -23.18
        T2    3340  33.47 -104750.0  0.84  -31.36

== WITH-TREND ==
                 n    win      net    PF  per_tr
variant book                                    
base    T1    1186  45.03 -37430.0  0.81  -31.56
        T2    1186  29.09 -50717.5  0.80  -42.76
bemove  T2    1186  23.10 -25817.5  0.86  -21.77
closec  T1     610  45.08 -25162.5  0.82  -41.25
        T2     610  25.74 -70012.5  0.64 -114.77
noslip  T1    1186  47.05 -26705.0  0.86  -22.52
        T2    1186  30.86 -36417.5  0.85  -30.71
retest  T1    1135  52.42  -5937.5  0.96   -5.23
        T2    1135  32.86 -25662.5  0.87  -22.61
tstop12 T1    1186  46.37 -23367.5  0.87  -19.70
        T2    1186  34.57 -24230.0  0.89  -20.43
