[150/1267] rows=7235 (75s)
[300/1267] rows=14100 (186s)
[450/1267] rows=22255 (291s)
[600/1267] rows=28800 (380s)
[900/1267] rows=44470 (555s)
[1050/1267] rows=52575 (668s)
[1200/1267] rows=59975 (780s)

DONE 827s rows=63285 -> C:\Users\Admin\myquant-regime\data\regime\final_variants_20260723.csv

================================================================================================
ENTRIES: 2E only   (train | test)
================================================================================================
  gate exit  n_tr  net_tr  PF_tr  n_te  net_te  PF_te
  base  eod   417   21752   1.32   458    7485   1.10
  base term   417  -17422   0.72   458  -23840   0.68
  base oppo   417  -62522   0.20   458  -65065   0.25
  base  t4p   417    1715   1.04   458   -5090   0.89
  base  t8p   417   -1485   0.97   458   -1490   0.98
sticky  eod   561   19470   1.21   627    9865   1.09
sticky term   561  -30155   0.64   627  -30685   0.68
sticky oppo   561  -83242   0.19   627  -83935   0.28
sticky  t4p   561    1795   1.03   627   -4935   0.92
sticky  t8p   561   -6405   0.92   627    1065   1.01
closec  eod   490   17238   1.22   537    3802   1.04
closec term   490  -44188   0.46   537  -48210   0.48
closec oppo   490  -89738   0.08   537  -93110   0.12
closec  t4p   490    1150   1.02   537   -2485   0.95
closec  t8p   490   -6850   0.90   537    2115   1.03

================================================================================================
ENTRIES: 1E only   (train | test)
================================================================================================
  gate exit  n_tr  net_tr  PF_tr  n_te  net_te  PF_te
  base  eod  1327   24052   1.11  1528   -6628   0.97
  base term  1327 -100735   0.51  1528 -122352   0.50
  base oppo  1327 -201735   0.18  1528 -230378   0.20
  base  t4p  1327  -16435   0.88  1528  -14440   0.91
  base  t8p  1327  -22435   0.88  1528  -12040   0.94
sticky  eod  1698   40472   1.14  1943  -19965   0.94
sticky term  1698 -126365   0.51  1943 -147890   0.51
sticky oppo  1698 -254915   0.18  1943 -283465   0.21
sticky  t4p  1698  -13690   0.92  1943  -10315   0.95
sticky  t8p  1698  -16890   0.93  1943  -11315   0.96
closec  eod  1466   43870   1.18  1605  -13850   0.95
closec term  1466 -149792   0.39  1605 -173100   0.38
closec oppo  1466 -259042   0.10  1605 -282100   0.11
closec  t4p  1466  -12530   0.92  1605  -11425   0.93
closec  t8p  1466  -10730   0.95  1605  -13425   0.94

================================================================================================
ENTRIES: 1E+2E   (train | test)
================================================================================================
  gate exit  n_tr  net_tr  PF_tr  n_te  net_te  PF_te
  base  eod  1744   45805   1.16  1986     858   1.00
  base term  1744 -118158   0.56  1986 -146192   0.54
  base oppo  1744 -264258   0.19  1986 -295442   0.21
  base  t4p  1744  -14720   0.92  1986  -19530   0.91
  base  t8p  1744  -23920   0.90  1986  -13530   0.95
sticky  eod  2259   59942   1.16  2570  -10100   0.98
sticky term  2259 -156520   0.54  2570 -178575   0.55
sticky oppo  2259 -338158   0.18  2570 -367400   0.23
sticky  t4p  2259  -11895   0.95  2570  -15250   0.94
sticky  t8p  2259  -23295   0.93  2570  -10250   0.97
closec  eod  1956   61108   1.19  2142  -10048   0.97
closec term  1956 -193980   0.41  2142 -221310   0.40
closec oppo  1956 -348780   0.09  2142 -375210   0.11
closec  t4p  1956  -11380   0.94  2142  -13910   0.94
closec  t8p  1956  -17580   0.93  2142  -11310   0.96
