train gap q3 = 0.540%
[150/1267] rows=443 (44s)
[300/1267] rows=846 (112s)
[450/1267] rows=1359 (175s)
[600/1267] rows=1795 (227s)
[900/1267] rows=2817 (338s)
[1050/1267] rows=3346 (403s)
[1200/1267] rows=3838 (467s)

DONE 492s rows=4100 -> C:\Users\Admin\myquant-regime\data\regime\gapday_cancel_20260724.csv

== A) GAP DAYS (|gap|>q3) - entry depth ==
variant   n    $/tr   PF   win%  maxDD    train        | test
chase     209  -175.5  0.69  39.7    -45390    -28630/0.54 |    -8052/0.86
retest2   206  -156.3  0.72  41.3    -41662    -25345/0.58 |    -6860/0.88
retest4   201  -156.4  0.73  39.8    -40768    -25200/0.58 |    -6242/0.89
retest6   199  -134.7  0.76  40.7    -36608    -21790/0.62 |    -5018/0.91

== B) NORMAL DAYS - retest6 limit lifetime (bars) ==
variant   n    $/tr   PF   win%  maxDD    train        | test
cxl1      447  +148.2  1.42  47.7     -8875    +30312/1.46 |   +35928/1.40
cxl2      506  +155.3  1.46  48.0     -8682    +38685/1.56 |   +39885/1.40
cxl3      529  +148.5  1.44  47.6     -9772    +39468/1.54 |   +39100/1.38
cxl6      573  +151.6  1.45  47.5     -8838    +41248/1.51 |   +45600/1.42
cxl12     600  +135.1  1.40  47.0     -9115    +38890/1.45 |   +42198/1.37
cxl999    630  +131.3  1.39  46.8    -12988    +40772/1.44 |   +41940/1.36
saved C:\Users\Admin\myquant-regime\docs\living\gapday_cancel_20260724.png
