[150/1267] rows=2655 (46s)
[300/1267] rows=4790 (113s)
[450/1267] rows=7475 (177s)
[600/1267] rows=10056 (232s)
[900/1267] rows=15331 (338s)
[1050/1267] rows=18311 (402s)
[1200/1267] rows=21005 (467s)

== headline neighborhood (WT, EOD hold) ==
window filter  retest stop  n_tr  net_tr  PF_tr  n_te  net_te  PF_te
h09-12     WT       2   3p   354     555  1.012   381   17508  1.345
h09-12     WT       2   4p   354   21768  1.377   381   14320  1.222
h09-12     WT       2   5p   354   21980  1.322   381   15882  1.210
h09-12     WT       2   6p   354   18018  1.227   381   15720  1.183
h09-12     WT       2  sb1   354   12068  1.170   381   13858  1.154
h09-12     WT       4   3p   336   14745  1.335   370   20975  1.429
h09-12     WT       4   4p   336   27158  1.499   370   15588  1.251
h09-12     WT       4   5p   336   23608  1.362   370   22850  1.319
h09-12     WT       4   6p   336   22870  1.304   370   17925  1.217
h09-12     WT       4  sb1   336   16708  1.268   370   17712  1.220
h09-12     WT       6   3p   320   22412  1.543   352   14752  1.312
h09-12     WT       6   4p   320   22862  1.441   352   16078  1.272
h09-12     WT       6   5p   320   19525  1.311   352   16315  1.234
h09-12     WT       6   6p   320   22675  1.320   352   15515  1.197
h09-12     WT       6  sb1   318   14135  1.260   351   14895  1.206
h09-12     WT       8   3p   309   27580  1.703   341    8032  1.176
h09-12     WT       8   4p   309   24630  1.494   341   15695  1.281
h09-12     WT       8   5p   309   24042  1.401   341    9882  1.147
h09-12     WT       8   6p   309   26630  1.399   341   17670  1.233
h09-12     WT       8  sb1   297   17965  1.380   337    9652  1.150
h09-13     WT       2   3p   447   -3848  0.934   482   23228  1.370
h09-13     WT       2   4p   447   16215  1.227   482   17852  1.223
h09-13     WT       2   5p   447   19228  1.230   482   21815  1.234
h09-13     WT       2   6p   447   18540  1.193   482   20090  1.190
h09-13     WT       2  sb1   447    9665  1.111   482   19040  1.179
h09-13     WT       4   3p   427   10890  1.197   470   24250  1.397
h09-13     WT       4   4p   427   27740  1.413   470   16925  1.218
h09-13     WT       4   5p   427   25078  1.314   470   26362  1.295
h09-13     WT       4   6p   427   26415  1.290   470   22662  1.223
h09-13     WT       4  sb1   427   15628  1.204   470   21412  1.223
h09-13     WT       6   3p   410   19825  1.379   448   16685  1.282
h09-13     WT       6   4p   410   22950  1.354   448   21048  1.288
h09-13     WT       6   5p   410   22638  1.291   448   19722  1.229
h09-13     WT       6   6p   410   26700  1.307   448   18272  1.188
h09-13     WT       6  sb1   407   13552  1.201   446   17945  1.209
h09-13     WT       8   3p   396   28182  1.566   429    8780  1.155
h09-13     WT       8   4p   396   25570  1.406   429   18818  1.272
h09-13     WT       8   5p   396   26658  1.356   429   13155  1.160
h09-13     WT       8   6p   396   28995  1.347   429   18042  1.192
h09-13     WT       8  sb1   379   16942  1.289   420   12525  1.165
h10-13     WT       2   3p   360     900  1.020   402   10940  1.209
h10-13     WT       2   4p   360   14050  1.251   402    5702  1.086
h10-13     WT       2   5p   360   15962  1.246   402    9702  1.126
h10-13     WT       2   6p   360   16938  1.228   402    7965  1.091
h10-13     WT       2  sb1   360   11138  1.176   402     828  1.010
h10-13     WT       4   3p   344    9292  1.214   395    9575  1.187
h10-13     WT       4   4p   344   22092  1.420   395    5400  1.084
h10-13     WT       4   5p   344   21255  1.343   395   12500  1.168
h10-13     WT       4   6p   344   19892  1.281   395   10712  1.128
h10-13     WT       4  sb1   344   14755  1.264   395    2062  1.026
h10-13     WT       6   3p   330   12962  1.313   375    4125  1.084
h10-13     WT       6   4p   330   14688  1.287   375    8375  1.138
h10-13     WT       6   5p   330   15738  1.258   375    6888  1.096
h10-13     WT       6   6p   330   15525  1.227   375    7162  1.089
h10-13     WT       6  sb1   327   10002  1.205   373    -865  0.988
h10-13     WT       8   3p   323   20410  1.510   362    6090  1.128
h10-13     WT       8   4p   323   19222  1.382   362   13640  1.236
h10-13     WT       8   5p   323   17210  1.286   362    9740  1.142
h10-13     WT       8   6p   323   18360  1.275   362    6465  1.083
h10-13     WT       8  sb1   307   13390  1.311   353    1872  1.030
   all     WT       2   3p   552   -8835  0.873   614   21205  1.270
   all     WT       2   4p   552   10552  1.124   614   14342  1.145
   all     WT       2   5p   552   13428  1.136   614   18168  1.159
   all     WT       2   6p   552   12365  1.110   614   16368  1.127
   all     WT       2  sb1   552    6028  1.059   614   12580  1.097
   all     WT       4   3p   534    4655  1.069   601   20195  1.265
   all     WT       4   4p   534   21492  1.265   601   13320  1.139
   all     WT       4   5p   534   18242  1.190   601   23270  1.212
   all     WT       4   6p   534   20918  1.195   601   19245  1.155
   all     WT       4  sb1   534   11455  1.126   601   14070  1.120
   all     WT       6   3p   519   14968  1.233   582   13802  1.186
   all     WT       6   4p   519   17842  1.227   582   17628  1.193
   all     WT       6   5p   519   16780  1.179   582   15828  1.148
   all     WT       6   6p   519   21655  1.209   582   14602  1.121
   all     WT       6  sb1   516   10458  1.130   579   12030  1.114
   all     WT       8   3p   505   25562  1.420   562    5665  1.078
   all     WT       8   4p   505   22312  1.291   562   15615  1.178
   all     WT       8   5p   505   24988  1.281   562   11590  1.112
   all     WT       8   6p   505   25200  1.253   562   15365  1.131
   all     WT       8  sb1   481   15445  1.220   547    6352  1.068

== filter overlays ==
window filter  retest stop  n_tr  net_tr  PF_tr  n_te  net_te  PF_te
h09-12  WT+ER       2   3p   160   -2300  0.893   198   17360  1.664
h09-12  WT+ER       2   4p   160   10088  1.394   198   19022  1.575
h09-12  WT+ER       2   5p   160    9000  1.300   198   24010  1.622
h09-12  WT+ER       2   6p   160    5812  1.166   198   25735  1.594
h09-12  WT+ER       2  sb1   160    1400  1.046   198   19448  1.420
h09-12  WT+ER       4   3p   148    8048  1.415   192   22640  1.904
h09-12  WT+ER       4   4p   148   11448  1.486   192   22652  1.720
h09-12  WT+ER       4   5p   148   10572  1.376   192   31315  1.875
h09-12  WT+ER       4   6p   148    5572  1.168   192   28865  1.702
h09-12  WT+ER       4  sb1   148    4448  1.174   192   23702  1.576
h09-12  WT+ER       6   3p   138   13610  1.770   180   17050  1.714
h09-12  WT+ER       6   4p   138   12560  1.571   180   22388  1.758
h09-12  WT+ER       6   5p   138    9798  1.366   180   24462  1.713
h09-12  WT+ER       6   6p   138    7035  1.229   180   23425  1.604
h09-12  WT+ER       6  sb1   138    6548  1.302   180   18075  1.491
h09-12  WT+ER       8   3p   135   14612  1.866   174   10305  1.452
h09-12  WT+ER       8   4p   135   14038  1.657   174   19268  1.701
h09-12  WT+ER       8   5p   135    8888  1.335   174   16042  1.486
h09-12  WT+ER       8   6p   135    9512  1.329   174   14430  1.385
h09-12  WT+ER       8  sb1   130    8138  1.435   173   10998  1.337
h09-13  WT+ER       2   3p   212   -3085  0.887   255   20325  1.611
h09-13  WT+ER       2   4p   212    7952  1.242   255   19875  1.469
h09-13  WT+ER       2   5p   212    6440  1.169   255   26150  1.533
h09-13  WT+ER       2   6p   212    3690  1.083   255   26475  1.477
h09-13  WT+ER       2  sb1   212   -2548  0.934   255   20925  1.368
h09-13  WT+ER       4   3p   198    6860  1.271   247   22378  1.692
h09-13  WT+ER       4   4p   198   10998  1.362   247   21165  1.520
h09-13  WT+ER       4   5p   198    9222  1.256   247   29990  1.642
h09-13  WT+ER       4   6p   198    4622  1.110   247   26678  1.499
h09-13  WT+ER       4  sb1   198     610  1.018   247   22728  1.445
h09-13  WT+ER       6   3p   186   12120  1.511   234   14005  1.449
h09-13  WT+ER       6   4p   186   10958  1.376   234   20530  1.535
h09-13  WT+ER       6   5p   186    8482  1.241   234   21105  1.468
h09-13  WT+ER       6   6p   186    4758  1.119   234   18105  1.352
h09-13  WT+ER       6  sb1   185    1875  1.064   233   15372  1.336
h09-13  WT+ER       8   3p   179   13268  1.595   225    6400  1.215
h09-13  WT+ER       8   4p   179   11630  1.414   225   15525  1.428
h09-13  WT+ER       8   5p   179    6730  1.196   225   12012  1.277
h09-13  WT+ER       8   6p   179    6230  1.164   225    8400  1.169
h09-13  WT+ER       8  sb1   171    3645  1.144   221    7858  1.194
h10-13  WT+ER       2   3p   183    -802  0.965   223    8785  1.300
h10-13  WT+ER       2   4p   183    5510  1.198   223    6422  1.173
h10-13  WT+ER       2   5p   183    3322  1.103   223   10985  1.254
h10-13  WT+ER       2   6p   183    1722  1.046   223   12460  1.257
h10-13  WT+ER       2  sb1   183   -4252  0.864   223    7310  1.148
h10-13  WT+ER       4   3p   172    6240  1.289   217    7190  1.250
h10-13  WT+ER       4   4p   172    7640  1.293   217    7128  1.198
h10-13  WT+ER       4   5p   172    5190  1.168   217   14090  1.340
h10-13  WT+ER       4   6p   172    1590  1.044   217   11828  1.251
h10-13  WT+ER       4  sb1   172   -2548  0.908   217    7790  1.175
h10-13  WT+ER       6   3p   161    7608  1.372   206    1058  1.038
h10-13  WT+ER       6   4p   161    5570  1.221   206    5770  1.169
h10-13  WT+ER       6   5p   161    4045  1.134   206    7395  1.186
h10-13  WT+ER       6   6p   161    1270  1.037   206    4570  1.101
h10-13  WT+ER       6  sb1   160   -2150  0.911   205    2100  1.053
h10-13  WT+ER       8   3p   156   10432  1.539   200    2488  1.094
h10-13  WT+ER       8   4p   156    8020  1.328   200    9650  1.298
h10-13  WT+ER       8   5p   156    4020  1.135   200    7088  1.184
h10-13  WT+ER       8   6p   156    4420  1.136   200    3525  1.079
h10-13  WT+ER       8  sb1   148     622  1.030   196    2958  1.084
   all  WT+ER       2   3p   269   -4858  0.853   316   17708  1.440
   all  WT+ER       2   4p   269    5718  1.144   316   17108  1.338
   all  WT+ER       2   5p   269    4505  1.099   316   24882  1.431
   all  WT+ER       2   6p   269    2755  1.053   316   24208  1.371
   all  WT+ER       2  sb1   269   -2908  0.936   316   18258  1.281
   all  WT+ER       4   3p   257    3990  1.126   308   20035  1.511
   all  WT+ER       4   4p   257    7990  1.212   308   20272  1.417
   all  WT+ER       4   5p   257    7128  1.162   308   28660  1.516
   all  WT+ER       4   6p   257    3052  1.061   308   25348  1.403
   all  WT+ER       4  sb1   257     -72  0.998   308   20410  1.347
   all  WT+ER       6   3p   245    9938  1.333   296   12982  1.341
   all  WT+ER       6   4p   245    8725  1.240   296   20758  1.449
   all  WT+ER       6   5p   245    6975  1.163   296   20082  1.370
   all  WT+ER       6   6p   245    3225  1.067   296   17132  1.279
   all  WT+ER       6  sb1   244    1318  1.037   295   14125  1.268
   all  WT+ER       8   3p   239   12568  1.445   288    6148  1.168
   all  WT+ER       8   4p   239   11705  1.334   288   14535  1.327
   all  WT+ER       8   5p   239    7630  1.184   288   11222  1.214
   all  WT+ER       8   6p   239    6255  1.137   288    6385  1.106
   all  WT+ER       8  sb1   228    4485  1.144   281    6258  1.134

green-in-both: 147/160 cells

== HEADLINE (WT | h09-13 | retest4 | 4p | EOD) per-year ==
        n      net    pf
yr                      
2021   90   3900.0  1.30
2022  154  19280.0  1.73
2023  183   4560.0  1.16
2024  182   4352.5  1.14
2025  192   9977.5  1.32
2026   96   2595.0  1.16

total net $44,665  trades 897  max closed-trade DD $-15,592

by dir:
       n      net    pf
dir                    
L    463  34147.5  1.49
S    434  10517.5  1.14
