[150/1267] rows=2585 (47s)
[300/1267] rows=4695 (116s)
[450/1267] rows=7345 (178s)
[600/1267] rows=9886 (231s)
[900/1267] rows=15067 (334s)
[1050/1267] rows=17997 (396s)
[1200/1267] rows=20646 (458s)

== headline neighborhood (WT, EOD hold) ==
window filter  retest stop  n_tr  net_tr  PF_tr  n_te  net_te  PF_te
h09-12     WT       2   3p   346   -1768  0.962   377   17265  1.343
h09-12     WT       2   4p   346   18895  1.331   377   14228  1.222
h09-12     WT       2   5p   346   18745  1.277   377   15940  1.212
h09-12     WT       2   6p   346   14882  1.189   377   15928  1.187
h09-12     WT       2  sb1   346   10258  1.147   377   14340  1.162
h09-12     WT       4   3p   328   10948  1.252   361   14582  1.300
h09-12     WT       4   4p   328   22822  1.424   361    9245  1.150
h09-12     WT       4   5p   328   19422  1.301   361   16558  1.232
h09-12     WT       4   6p   328   18735  1.252   361   11682  1.142
h09-12     WT       4  sb1   328   12760  1.207   361   11420  1.142
h09-12     WT       6   3p   312   18740  1.459   348   12585  1.268
h09-12     WT       6   4p   312   19340  1.378   348   14010  1.239
h09-12     WT       6   5p   312   16152  1.260   348   14348  1.208
h09-12     WT       6   6p   312   19078  1.272   348   13410  1.171
h09-12     WT       6  sb1   311   11170  1.207   348   12735  1.177
h09-12     WT       8   3p   305   25475  1.654   333     460  1.010
h09-12     WT       8   4p   305   22625  1.457   333    8272  1.150
h09-12     WT       8   5p   305   22138  1.372   333    2610  1.039
h09-12     WT       8   6p   305   24125  1.363   333   10348  1.138
h09-12     WT       8  sb1   295   15550  1.329   329    1630  1.025
h09-13     WT       2   3p   438   -6302  0.891   477   20040  1.320
h09-13     WT       2   4p   438   13960  1.197   477   14715  1.184
h09-13     WT       2   5p   438   17060  1.207   477   18728  1.202
h09-13     WT       2   6p   438   16522  1.174   477   17052  1.162
h09-13     WT       2  sb1   438    7472  1.087   477   16278  1.154
h09-13     WT       4   3p   417    5152  1.094   459   14555  1.239
h09-13     WT       4   4p   417   21752  1.324   459    7280  1.094
h09-13     WT       4   5p   417   19090  1.239   459   16768  1.188
h09-13     WT       4   6p   417   20428  1.225   459   13118  1.130
h09-13     WT       4  sb1   417    9790  1.128   459   11642  1.121
h09-13     WT       6   3p   401   15620  1.301   439   12380  1.211
h09-13     WT       6   4p   401   18845  1.292   439   16892  1.233
h09-13     WT       6   5p   401   18420  1.238   439   15718  1.184
h09-13     WT       6   6p   401   22158  1.255   439   14418  1.150
h09-13     WT       6  sb1   398    9360  1.139   437   13615  1.159
h09-13     WT       8   3p   391   25020  1.504   419    -545  0.990
h09-13     WT       8   4p   391   22458  1.358   419    9592  1.140
h09-13     WT       8   5p   391   23358  1.312   419    4030  1.049
h09-13     WT       8   6p   391   25695  1.307   419    9018  1.097
h09-13     WT       8  sb1   374   13692  1.234   410    2862  1.038
h10-13     WT       2   3p   355   -1488  0.967   400    8150  1.155
h10-13     WT       2   4p   355   11712  1.210   400    2862  1.043
h10-13     WT       2   5p   355   13562  1.210   400    6812  1.088
h10-13     WT       2   6p   355   14538  1.196   400    5025  1.057
h10-13     WT       2  sb1   355    8675  1.137   400   -1800  0.979
h10-13     WT       4   3p   336    3245  1.074   385     988  1.019
h10-13     WT       4   4p   336   15695  1.296   385   -3138  0.951
h10-13     WT       4   5p   336   14758  1.236   385    4012  1.054
h10-13     WT       4   6p   336   13295  1.186   385    2275  1.027
h10-13     WT       4  sb1   336    8495  1.151   385   -6600  0.916
h10-13     WT       6   3p   326   10245  1.246   367    -335  0.993
h10-13     WT       6   4p   326   11870  1.230   367    4015  1.067
h10-13     WT       6   5p   326   12608  1.204   367    2628  1.037
h10-13     WT       6   6p   326   11870  1.170   367    3002  1.038
h10-13     WT       6  sb1   323    7060  1.143   365   -5488  0.921
h10-13     WT       8   3p   323   18410  1.457   357   -4010  0.916
h10-13     WT       8   4p   323   17122  1.338   357    3390  1.058
h10-13     WT       8   5p   323   14772  1.243   357    -660  0.990
h10-13     WT       8   6p   323   16498  1.245   357   -3185  0.960
h10-13     WT       8  sb1   307   10878  1.248   348   -8528  0.864
   all     WT       2   3p   541  -13855  0.801   608   14698  1.187
   all     WT       2   4p   541    5532  1.065   608    7835  1.079
   all     WT       2   5p   541    8408  1.085   608   11660  1.102
   all     WT       2   6p   541    7345  1.065   608    9860  1.076
   all     WT       2  sb1   541    1008  1.010   608    6072  1.047
   all     WT       4   3p   525   -1575  0.977   588   10148  1.133
   all     WT       4   4p   525   15262  1.188   588    3272  1.034
   all     WT       4   5p   525   12012  1.125   588   13222  1.121
   all     WT       4   6p   525   14688  1.137   588    9198  1.074
   all     WT       4  sb1   525    5225  1.057   588    4022  1.034
   all     WT       6   3p   510    9888  1.154   574    7855  1.106
   all     WT       6   4p   510   12762  1.162   574   11680  1.128
   all     WT       6   5p   510   11700  1.125   574    9880  1.092
   all     WT       6   6p   510   16575  1.160   574    8655  1.072
   all     WT       6  sb1   507    5378  1.067   571    6082  1.058
   all     WT       8   3p   498   21172  1.348   552   -6422  0.911
   all     WT       8   4p   498   17922  1.234   552    3528  1.040
   all     WT       8   5p   498   20598  1.232   552    -498  0.995
   all     WT       8   6p   498   20810  1.209   552    3278  1.028
   all     WT       8  sb1   474   11055  1.157   538   -5278  0.943

== filter overlays ==
window filter  retest stop  n_tr  net_tr  PF_tr  n_te  net_te  PF_te
h09-12  WT+ER       2   3p   156   -1942  0.908   196   17670  1.684
h09-12  WT+ER       2   4p   156    9845  1.390   196   19432  1.594
h09-12  WT+ER       2   5p   156    8345  1.281   196   24520  1.644
h09-12  WT+ER       2   6p   156    5208  1.150   196   26345  1.617
h09-12  WT+ER       2  sb1   156    2145  1.073   196   20258  1.446
h09-12  WT+ER       4   3p   144    7430  1.390   187   17628  1.706
h09-12  WT+ER       4   4p   144   10192  1.437   187   17640  1.562
h09-12  WT+ER       4   5p   144    9368  1.336   187   26302  1.737
h09-12  WT+ER       4   6p   144    4318  1.131   187   23852  1.581
h09-12  WT+ER       4  sb1   144    3518  1.138   187   18590  1.452
h09-12  WT+ER       6   3p   136   11645  1.659   179   15330  1.642
h09-12  WT+ER       6   4p   136   10595  1.481   179   20668  1.700
h09-12  WT+ER       6   5p   136    7832  1.292   179   22742  1.663
h09-12  WT+ER       6   6p   136    4695  1.151   179   21705  1.560
h09-12  WT+ER       6  sb1   136    4532  1.209   179   16342  1.444
h09-12  WT+ER       8   3p   134   13018  1.772   171    7558  1.332
h09-12  WT+ER       8   4p   134   12442  1.583   171   16520  1.601
h09-12  WT+ER       8   5p   134    7292  1.275   171   13295  1.403
h09-12  WT+ER       8   6p   134    7218  1.247   171   11682  1.311
h09-12  WT+ER       8  sb1   130    6338  1.335   170    8075  1.246
h09-13  WT+ER       2   3p   209   -3170  0.883   252   17690  1.532
h09-13  WT+ER       2   4p   209    7918  1.242   252   17240  1.407
h09-13  WT+ER       2   5p   209    6455  1.170   252   23515  1.479
h09-13  WT+ER       2   6p   209    3755  1.085   252   23840  1.429
h09-13  WT+ER       2  sb1   209   -2670  0.931   252   18490  1.326
h09-13  WT+ER       4   3p   192    4302  1.169   242   13940  1.429
h09-13  WT+ER       4   4p   192    8390  1.275   242   12678  1.310
h09-13  WT+ER       4   5p   192    6565  1.181   242   21452  1.456
h09-13  WT+ER       4   6p   192    1915  1.045   242   18090  1.336
h09-13  WT+ER       4  sb1   192   -2048  0.940   242   14090  1.274
h09-13  WT+ER       6   3p   183    9798  1.413   231   11032  1.355
h09-13  WT+ER       6   4p   183    8635  1.296   231   17608  1.461
h09-13  WT+ER       6   5p   183    6160  1.175   231   18232  1.407
h09-13  WT+ER       6   6p   183    2060  1.051   231   15282  1.298
h09-13  WT+ER       6  sb1   182    -498  0.983   230   12275  1.268
h09-13  WT+ER       8   3p   176   10770  1.483   221    3082  1.104
h09-13  WT+ER       8   4p   176    9132  1.325   221   12208  1.336
h09-13  WT+ER       8   5p   176    3995  1.115   221    8695  1.201
h09-13  WT+ER       8   6p   176    3445  1.090   221    5082  1.102
h09-13  WT+ER       8  sb1   168    1010  1.040   217    4415  1.109
h10-13  WT+ER       2   3p   183   -1352  0.942   222    5840  1.198
h10-13  WT+ER       2   4p   183    4860  1.172   222    3378  1.090
h10-13  WT+ER       2   5p   183    2572  1.078   222    7840  1.179
h10-13  WT+ER       2   6p   183     872  1.023   222    9215  1.188
h10-13  WT+ER       2  sb1   183   -5178  0.838   222    4302  1.087
h10-13  WT+ER       4   3p   167    3528  1.161   213    -140  0.995
h10-13  WT+ER       4   4p   167    4828  1.183   213    -252  0.993
h10-13  WT+ER       4   5p   167    2278  1.073   213    6660  1.160
h10-13  WT+ER       4   6p   167   -1422  0.961   213    4348  1.092
h10-13  WT+ER       4  sb1   167   -5448  0.807   213     260  1.006
h10-13  WT+ER       6   3p   159    7392  1.361   204   -2070  0.925
h10-13  WT+ER       6   4p   159    5355  1.212   204    2642  1.078
h10-13  WT+ER       6   5p   159    3830  1.126   204    4268  1.107
h10-13  WT+ER       6   6p   159     680  1.020   204    1442  1.032
h10-13  WT+ER       6  sb1   158   -2415  0.900   203   -1290  0.968
h10-13  WT+ER       8   3p   154    7780  1.399   199   -1295  0.952
h10-13  WT+ER       8   4p   154    5318  1.216   199    5718  1.173
h10-13  WT+ER       8   5p   154    1030  1.034   199    3005  1.077
h10-13  WT+ER       8   6p   154    1330  1.040   199     192  1.004
h10-13  WT+ER       8  sb1   146   -2468  0.886   195    -288  0.992
   all  WT+ER       2   3p   264   -6270  0.811   313   14735  1.364
   all  WT+ER       2   4p   264    4255  1.107   313   14085  1.277
   all  WT+ER       2   5p   264    2992  1.065   313   21810  1.376
   all  WT+ER       2   6p   264    1192  1.023   313   21085  1.321
   all  WT+ER       2  sb1   264   -4445  0.903   313   15060  1.230
   all  WT+ER       4   3p   251    1095  1.034   301   11420  1.290
   all  WT+ER       4   4p   251    5045  1.133   301   11608  1.238
   all  WT+ER       4   5p   251    4132  1.093   301   19945  1.357
   all  WT+ER       4   6p   251       8  1.000   301   16582  1.262
   all  WT+ER       4  sb1   251   -3068  0.925   301   11595  1.196
   all  WT+ER       6   3p   242    7702  1.257   294    8505  1.223
   all  WT+ER       6   4p   242    6440  1.176   294   16230  1.350
   all  WT+ER       6   5p   242    4640  1.108   294   15505  1.284
   all  WT+ER       6   6p   242     840  1.017   294   12505  1.203
   all  WT+ER       6  sb1   241    -992  0.973   293    9472  1.178
   all  WT+ER       8   3p   236    9332  1.328   284    2542  1.069
   all  WT+ER       8   4p   236    8420  1.239   284   10880  1.243
   all  WT+ER       8   5p   236    4295  1.103   284    7518  1.143
   all  WT+ER       8   6p   236    2870  1.062   284    2630  1.043
   all  WT+ER       8  sb1   225    1200  1.038   278    2960  1.063

green-in-both: 122/160 cells

== HEADLINE (WT | h09-13 | retest4 | 4p | EOD) per-year ==
        n      net    pf
yr                      
2021   87   2915.0  1.23
2022  153  16272.5  1.62
2023  177   2565.0  1.09
2024  174  -3145.0  0.90
2025  190   7862.5  1.25
2026   95   2562.5  1.15

total net $29,032  trades 876  max closed-trade DD $-18,790

by dir:
       n      net    pf
dir                    
L    449  25655.0  1.37
S    427   3377.5  1.04
