tf15 [100/1267] rows=788 (26s)
tf15 [200/1267] rows=1672 (76s)
tf15 [300/1267] rows=2508 (123s)
tf15 [400/1267] rows=3354 (170s)
tf15 [500/1267] rows=4252 (210s)
tf15 [600/1267] rows=5076 (249s)
tf15 [700/1267] rows=5994 (284s)
tf15 [800/1267] rows=6896 (323s)
tf15 [900/1267] rows=7742 (361s)
tf15 [1000/1267] rows=8602 (412s)
tf15 [1100/1267] rows=9486 (450s)
tf15 [1200/1267] rows=10388 (495s)

DONE tf15 521s days=1231 rows=10966 -> C:\Users\Admin\myquant-regime\data\regime\second_entries_tf15_20260723.csv

== tf15m SECOND ENTRIES ==  n/book=1339

-- T1 --  n=1339  meanR -0.164  win 41.8%  net $-126,382  PF 0.67
               n  meanR     win      net     PF
regime  dir                                    
BEAR    L    256 -0.133  43.359 -25217.5  0.684
        S    148 -0.135  43.243 -17940.0  0.634
BULL    L    132 -0.182  40.909 -13810.0  0.619
        S    281 -0.174  41.281 -19117.5  0.710
NEUTRAL L    242 -0.207  39.669 -23372.5  0.680
        S    280 -0.150  42.500 -26925.0  0.679

-- T2 --  n=1339  meanR -0.308  win 23.1%  net $-230,620  PF 0.55
               n  meanR     win      net     PF
regime  dir                                    
BEAR    L    256 -0.391  20.312 -65092.5  0.418
        S    148 -0.250  25.000 -29777.5  0.532
BULL    L    132 -0.432  18.939 -32997.5  0.345
        S    281 -0.359  21.352 -39217.5  0.558
NEUTRAL L    242 -0.293  23.554 -35085.0  0.626
        S    280 -0.164  27.857 -28450.0  0.726
