tf1 [100/1267] rows=9076 (31s)
tf1 [200/1267] rows=19560 (92s)
tf1 [300/1267] rows=29628 (150s)
tf1 [400/1267] rows=39622 (208s)
tf1 [500/1267] rows=49238 (253s)
tf1 [600/1267] rows=58918 (301s)
tf1 [700/1267] rows=68018 (343s)
tf1 [800/1267] rows=76982 (389s)
tf1 [900/1267] rows=85524 (436s)
tf1 [1000/1267] rows=95338 (496s)
tf1 [1100/1267] rows=104832 (537s)
tf1 [1200/1267] rows=114360 (588s)

DONE tf1 621s days=1231 rows=120654 -> C:\Users\Admin\myquant-regime\data\regime\second_entries_tf1_20260723.csv

== tf1m SECOND ENTRIES ==  n/book=17396

-- T1 --  n=17396  meanR -0.159  win 42.0%  net $-419,930  PF 0.73
                n  meanR     win      net     PF
regime  dir                                     
BEAR    L    1719 -0.138  43.106 -37395.0  0.774
        S    3602 -0.147  42.671 -82960.0  0.750
BULL    L    3960 -0.167  41.641 -91550.0  0.724
        S    1862 -0.117  44.146 -31697.5  0.810
NEUTRAL L    3151 -0.178  41.098 -82855.0  0.710
        S    3102 -0.182  40.877 -93472.5  0.685

-- T2 --  n=17396  meanR -0.188  win 27.1%  net $-463,592  PF 0.77
                n  meanR     win       net     PF
regime  dir                                      
BEAR    L    1719 -0.168  27.749  -44682.5  0.790
        S    3602 -0.165  27.846  -88122.5  0.791
BULL    L    3960 -0.184  27.197  -92975.0  0.777
        S    1862 -0.167  27.766  -40185.0  0.815
NEUTRAL L    3151 -0.203  26.563  -88292.5  0.754
        S    3102 -0.227  25.758 -109335.0  0.708
