tf30 [100/1267] rows=542 (24s)
tf30 [200/1267] rows=1112 (70s)
tf30 [300/1267] rows=1656 (115s)
tf30 [400/1267] rows=2202 (158s)
tf30 [500/1267] rows=2764 (195s)
tf30 [600/1267] rows=3348 (231s)
tf30 [700/1267] rows=3924 (263s)
tf30 [800/1267] rows=4488 (299s)
tf30 [900/1267] rows=5052 (337s)
tf30 [1000/1267] rows=5618 (385s)
tf30 [1100/1267] rows=6196 (421s)
tf30 [1200/1267] rows=6790 (463s)

DONE tf30 489s days=1231 rows=7160 -> C:\Users\Admin\myquant-regime\data\regime\second_entries_tf30_20260723.csv

== tf30m SECOND ENTRIES ==  n/book=677

-- T1 --  n=677  meanR -0.303  win 34.9%  net $-151,772  PF 0.47
               n  meanR     win      net     PF
regime  dir                                    
BEAR    L    126 -0.270  36.508 -30567.5  0.513
        S     49 -0.347  32.653  -8632.5  0.531
BULL    L     40 -0.350  32.500 -10162.5  0.418
        S    177 -0.299  35.028 -37310.0  0.424
NEUTRAL L    120 -0.283  35.833 -25187.5  0.511
        S    165 -0.321  33.939 -39912.5  0.422

-- T2 --  n=677  meanR -0.579  win 14.0%  net $-266,160  PF 0.28
               n  meanR     win      net     PF
regime  dir                                    
BEAR    L    126 -0.619  12.698 -64330.0  0.243
        S     49 -0.633  12.245 -21082.5  0.186
BULL    L     40 -0.625  12.500 -16425.0  0.254
        S    177 -0.610  12.994 -64560.0  0.225
NEUTRAL L    120 -0.525  15.833 -38500.0  0.407
        S    165 -0.527  15.758 -61262.5  0.288
