tf60 [100/1267] rows=300 (21s)
tf60 [200/1267] rows=586 (63s)
tf60 [300/1267] rows=860 (103s)
tf60 [400/1267] rows=1128 (141s)
tf60 [500/1267] rows=1406 (173s)
tf60 [600/1267] rows=1710 (207s)
tf60 [700/1267] rows=1992 (236s)
tf60 [800/1267] rows=2276 (267s)
tf60 [900/1267] rows=2592 (300s)
tf60 [1000/1267] rows=2900 (344s)
tf60 [1100/1267] rows=3204 (375s)
tf60 [1200/1267] rows=3504 (415s)

DONE tf60 439s days=1219 rows=3692 -> C:\Users\Admin\myquant-regime\data\regime\second_entries_tf60_20260723.csv

== tf60m SECOND ENTRIES ==  n/book=44

-- T1 --  n=44  meanR -0.682  win 15.9%  net $-33,170  PF 0.13
              n  meanR     win      net     PF
regime  dir                                   
BEAR    L     3 -0.333  33.333  -1440.0  0.318
        S     4 -0.500  25.000  -1382.5  0.200
BULL    L     5 -1.000   0.000  -4937.5  0.000
        S    10 -0.600  20.000  -4887.5  0.207
NEUTRAL L     8 -0.500  25.000  -5927.5  0.288
        S    14 -0.857   7.143 -14595.0  0.028

-- T2 --  n=44  meanR -0.932  win 2.3%  net $-42,420  PF 0.02
              n  meanR   win      net     PF
regime  dir                                 
BEAR    L     3  -1.00   0.0  -2790.0  0.000
        S     4  -0.25  25.0  -1032.5  0.402
BULL    L     5  -1.00   0.0  -4937.5  0.000
        S    10  -1.00   0.0  -7462.5  0.000
NEUTRAL L     8  -1.00   0.0 -10752.5  0.000
        S    14  -1.00   0.0 -15445.0  0.000
