[800/1267] rows=665 (204s)
[1000/1267] rows=827 (258s)
[1200/1267] rows=1003 (317s)
C:\Users\Admin\myquant-regime\scripts\regime_2e_two_sleeves.py:209: UserWarning: This figure includes Axes that are not compatible with tight_layout, so results might be incorrect.
  fig.tight_layout()

DONE 337s  fadestop=16t  rows=1062

=== PER BOOK ===
WT-L  2EL long bull            n= 282  net  +37,878  $/tr +134.3  PF 1.44  win 52.5%  avgW   +835 avgL   -640  maxDD  -12,840  tr 1.60|te 1.33
WT-S  2ES short bear           n= 291  net  +48,970  $/tr +168.3  PF 1.46  win 42.6%  avgW  +1246 avgL   -632  maxDD  -14,130  tr 1.43|te 1.49
FADE-S f2EL fade short         n= 249  net   -2,632  $/tr  -10.6  PF 0.94  win 13.3%  avgW  +1337 avgL   -217  maxDD   -9,885  tr 1.09|te 0.79
FADE-L f2ES fade long          n= 240  net     -338  $/tr   -1.4  PF 0.99  win 18.3%  avgW   +958 avgL   -217  maxDD   -8,295  tr 1.11|te 0.91

=== PER SLEEVE ===
SLEEVE A  with-trend (wide)    n= 573  net  +86,848  $/tr +151.6  PF 1.45  win 47.5%  avgW  +1022 avgL   -635  maxDD   -8,838  tr 1.51|te 1.42
SLEEVE B  fade (tight)         n= 489  net   -2,970  $/tr   -6.1  PF 0.97  win 15.7%  avgW  +1120 avgL   -217  maxDD  -13,370  tr 1.10|te 0.85

=== COMBINED (both sleeves, one book) ===
COMBINED                       n=1062  net  +83,878  $/tr  +79.0  PF 1.30  win 32.9%  avgW  +1044 avgL   -393  maxDD  -14,840  tr 1.37|te 1.25

=== PF BY YEAR ===
sleeve  FADE    WT  COMBINED  FADE_n  WT_n
yr                                        
2021    1.14  1.30      1.25      32    53
2022    1.04  1.83      1.57      89    84
2023    1.14  1.23      1.19     111   111
2024    0.84  1.55      1.32     115   139
2025    1.05  1.38      1.28      99   125
2026    0.42  1.25      1.02      43    61

sleeve daily-PnL correlation (WT vs FADE): +0.021
combined maxDD: realized -14,840  | MC median -15,742 worst-5% -24,743 worst-1% -29,901
combined: 1062 trades, 210/yr, net/yr +16,577, exp +79$/tr
saved C:\Users\Admin\myquant-regime\docs\living\two_sleeves_20260724.png
