[200/1267] rows=140 (66s)
[400/1267] rows=284 (153s)
[600/1267] rows=416 (223s)
[800/1267] rows=554 (290s)
[1000/1267] rows=706 (374s)
[1200/1267] rows=846 (449s)
dataset -> C:\Users\Admin\myquant-regime\data\regime\wf_dataset_20260725.csv  (901 rows, all days incl gap)

=== WALK-FORWARD (concatenated OOS, ~16 quarters) ===
gap threshold re-derived per window: mean 0.531%  range 0.348-0.787  (adopted const = 0.54)
WF-OPTIMIZED OOS (per-window best stop+threshold): n=548  net +74,810  PF 1.47
FIXED OOS       (0.54 gap, 0.30 stop, no optimizing): n=556  net +66,932  PF 1.39
-> optimizing BEAT fixed (+7,878); if fixed wins, the knobs should stay fixed.

quarterly OOS (fixed params): 18 quarters, 14 green (78%), worst -5,208, median +2,484
         n      net     PF
q                         
2022Q2   7  13802.5  64.46
2022Q3  21   2357.5   1.37
2022Q4  34  -2095.0   0.85
2023Q1  25   6750.0   1.84
2023Q2  39  -1995.0   0.83
2023Q3  26   6720.0   2.33
2023Q4  44  -5207.5   0.54
2024Q1  44    805.0   1.06
2024Q2  37   9627.5   2.00
2024Q3  38   2610.0   1.25
2024Q4  40   8250.0   1.67
2025Q1  42  -3022.5   0.84
2025Q2  23   1747.5   1.20
2025Q3  48  13322.5   2.60
2025Q4  36  11520.0   1.86
2026Q1  26   1395.0   1.18
2026Q2  33   3122.5   1.24
2026Q3   7     77.5   1.03

saved docs/living/walkforward_20260725.png
