8099 strong-FT signals
feature coverage:
  ext10: 25% at extreme   poke10>0: 21%
  ext15: 21% at extreme   poke15>0: 17%
  ext20: 18% at extreme   poke20>0: 15%
  er median 0.29  adx median 24.2

=== EXTREME + NOT-TR TEST (strong-FT base, EOD hold) ===
                         cfg    n    pnl   pf  ndd   shp  tr_pf  tr_pnl  oo_pf  oo_pnl green  both
                      adx>25 1796  53258 1.08  1.8  0.50   1.02    8058   1.13   45200   2/6  True
          baseline strong-FT 2645  55138 1.05  1.0  0.38   1.04   19290   1.07   35848   4/6  True
                       ext10 1455  34838 1.07  0.8  0.35   0.93  -16512   1.18   51350   4/6 False
                      adx>20 2232  34240 1.04  0.7  0.27   1.04   18290   1.04   15950   4/6  True
                       ext20 1145  28750 1.07  0.6  0.34   0.87  -24952   1.24   53702   3/6 False
      ext20 & er>0.3 & below  321  12795 1.09  0.6  0.53   1.01     892   1.17   11902   3/6  True
     ext20 & er>0.3 & adx>20  673   9748 1.04  0.3  0.20   0.89  -12338   1.16   22085   3/6 False
                      er>0.3 2033  10422 1.01  0.2  0.09   0.96  -16412   1.07   26835   4/6 False
              ext20 & er>0.3  824   3880 1.01  0.1  0.07   0.92  -10708   1.09   14588   2/6 False
ext20+poke & er>0.3 & adx>20  595   1438 1.01  0.0  0.03   0.84  -16082   1.14   17520   3/6 False
              ext20 & adx>20  890  -1175 1.00 -0.0 -0.02   0.79  -33642   1.19   32468   4/6 False
                      er>0.4 1680  -6788 0.99 -0.2 -0.07   1.02    5835   0.96  -12622   4/6 False
                  ext20+poke  983 -23602 0.94 -0.4 -0.38   0.81  -32818   1.04    9215   2/6 False

PER-YEAR adx>25:
        n      pnl    pf   win
year                          
2021  187  -3448.0  0.93  35.3
2022  383  26798.0  1.15  34.2
2023  351 -15292.0  0.87  30.8
2024  362  -7185.0  0.94  32.3
2025  320  56862.0  1.45  38.1
2026  193  -4478.0  0.95  31.6

PER-YEAR baseline strong-FT:
        n      pnl    pf   win
year                          
2021  266  11458.0  1.16  37.2
2022  539  28755.0  1.11  34.7
2023  532 -20922.0  0.88  32.7
2024  562 -25410.0  0.87  31.0
2025  502  44428.0  1.20  34.7
2026  244  16830.0  1.14  36.9

PER-YEAR adx>20:
        n      pnl    pf   win
year                          
2021  224   7280.0  1.12  36.6
2022  467  30428.0  1.14  36.0
2023  446 -19418.0  0.87  33.4
2024  454 -22720.0  0.86  30.0
2025  422  35352.0  1.20  35.1
2026  219   3318.0  1.03  34.7

PER-YEAR ext20 & er>0.3 & below:
        n      pnl    pf   win
year                          
2021   38   7872.0  1.86  36.8
2022  101    -18.0  1.00  32.7
2023   60  -6962.0  0.65  23.3
2024   36  -5230.0  0.67  25.0
2025   53  16548.0  1.50  37.7
2026   33    585.0  1.03  36.4

DONE_EXT
