8099 strong-FT signals
52 configs, one pass...

=== PER-TYPE x EXTREME-LOOKBACK (strong-FT, EOD hold) ===

--- Trap ---
            cfg    n    pnl   pf  ndd  tr_pf  tr_pnl  oo_pf  oo_pnl green  ex2025  robust
     Trap|ext10 1212   3590 1.01  0.1   0.90  -19092   1.10   22682   3/6    4080   False
Trap|ext10+poke 1139  -6445 0.98 -0.1   0.90  -18632   1.06   12188   3/6   -6940   False
      Trap|ext8 1332 -21810 0.95 -0.4   0.92  -16735   0.98   -5075   1/6   -8452   False
 Trap|ext8+poke 1220 -18012 0.96 -0.4   0.91  -16948   1.00   -1065   2/6  -11125   False
      Trap|ext3 1862 -29448 0.96 -0.6   0.92  -24440   0.99   -5008   1/6  -21240   False
      Trap|ext5 1561 -34068 0.94 -0.6   0.91  -23405   0.96  -10662   1/6  -22708   False
      Trap|ext6 1470 -30688 0.94 -0.5   0.91  -20692   0.96   -9995   2/6  -23675   False
      Trap|ext4 1680 -36362 0.94 -0.7   0.89  -29712   0.98   -6650   1/6  -26145   False
       Trap|all 2099 -44182 0.94 -0.6   0.93  -24182   0.95  -20000   2/6  -26762   False
 Trap|ext6+poke 1368 -35878 0.93 -0.6   0.92  -16518   0.93  -19360   2/6  -30520   False
 Trap|ext3+poke 1635 -46875 0.92 -0.7   0.88  -32478   0.95  -14398   1/6  -34715   False
 Trap|ext5+poke 1430 -43188 0.92 -0.6   0.91  -20128   0.92  -23060   2/6  -35252   False
 Trap|ext4+poke 1516 -53268 0.90 -0.7   0.89  -26992   0.91  -26275   2/6  -41232   False

--- BO ---
   cfg    n   pnl   pf  ndd  tr_pf  tr_pnl  oo_pf  oo_pnl green  ex2025  robust
BO|all 1307 73928 1.15  2.4   1.05   12292   1.24   61635   4/6   23235    True

--- OB ---
          cfg    n    pnl   pf  ndd  tr_pf  tr_pnl  oo_pf  oo_pnl green  ex2025  robust
      OB|ext8  386  32270 1.24  2.8   0.98   -1208   1.43   33478   4/6    2568   False
      OB|ext5  531  18558 1.10  1.2   1.00     175   1.17   18382   3/6   -1345   False
     OB|ext10  339  25218 1.20  1.9   0.96   -2225   1.37   27442   4/6   -4802   False
OB|ext10+poke  252    165 1.00  0.0   0.98    -835   1.02    1000   3/6   -5540   False
      OB|ext6  473  16048 1.09  1.2   0.90   -7430   1.25   23478   2/6   -6712   False
 OB|ext8+poke  283    960 1.01  0.0   0.94   -2728   1.06    3688   2/6   -7572   False
 OB|ext4+poke  407  -9422 0.94 -0.3   0.99    -670   0.91   -8752   2/6   -7835   False
      OB|ext4  599  14555 1.07  0.7   0.99   -1375   1.13   15930   3/6   -9005   False
 OB|ext6+poke  323  -2465 0.98 -0.1   0.92   -4528   1.03    2062   3/6   -9350   False
 OB|ext5+poke  366  -7068 0.95 -0.3   0.94   -3348   0.96   -3720   3/6   -9592   False
 OB|ext3+poke  459 -12670 0.93 -0.4   0.97   -2075   0.90  -10595   3/6  -17662   False
      OB|ext3  737   6265 1.02  0.2   0.91  -11272   1.13   17538   3/6  -20908   False
       OB|all 1011  -8718 0.98 -0.2   0.92  -13108   1.02    4390   2/6  -30712   False

--- IB ---
     cfg    n    pnl   pf  ndd  tr_pf  tr_pnl  oo_pf  oo_pnl green  ex2025  robust
IB|ext10  123   9398 1.28  0.8   0.91   -1535   1.68   10932   5/6    9085   False
 IB|ext8  129   8242 1.23  0.7   0.88   -2258   1.62   10500   4/6    8635   False
 IB|ext6  146   6620 1.17  0.5   0.83   -3592   1.55   10212   4/6    6722   False
 IB|ext5  162   1978 1.04  0.1   0.67   -8512   1.53   10490   3/6    2602   False
 IB|ext4  190   3862 1.08  0.2   0.66   -9930   1.65   13792   4/6    2500   False
  IB|all 1088 -17890 0.95 -0.5   0.92  -13795   0.98   -4095   3/6    1898   False
 IB|ext3  218   2622 1.05  0.2   0.71   -8985   1.44   11608   4/6    1512   False

*** ROBUST (both halves + ex-2025 positive + >=4/6 green) ***
   cfg    n   pnl   pf  ndd  tr_pf  tr_pnl  oo_pf  oo_pnl green  ex2025  robust
BO|all 1307 73928 1.15  2.4   1.05   12292   1.24   61635   4/6   23235    True

PER-YEAR BO|all:
        n      pnl    pf   win
year                          
2021  128   5185.0  1.17  35.9
2022  273  -2602.0  0.98  35.2
2023  258   9710.0  1.13  37.6
2024  279 -16432.0  0.83  32.6
2025  244  50692.0  1.48  41.4
2026  125  27375.0  1.56  46.4

DONE_PT
