[100/1274] rows=406 (28s)
[200/1274] rows=840 (78s)
[300/1274] rows=1261 (130s)
[400/1274] rows=1673 (183s)
[500/1274] rows=2100 (224s)
[600/1274] rows=2538 (267s)
[700/1274] rows=2940 (303s)
[800/1274] rows=3347 (344s)
[900/1274] rows=3748 (385s)
[1000/1274] rows=4157 (441s)
[1100/1274] rows=4568 (479s)
[1200/1274] rows=5016 (529s)

DONE 565s sessions=1272 rows=5328 -> C:\Users\Admin\myquant-regime\data\regime_eth\eth_2e_trades_20260724.csv

============================================================================================
2E — 24h session machine   (train | test)
============================================================================================
       slice  n_tr  net_tr  PF_tr  n_te  net_te  PF_te
FULL session  2409  -51682   0.88  2465  -61062   0.86
       17-20   170  -17212   0.47   172   -2485   0.92
       20-00   396  -28068   0.63   381  -13718   0.81
       00-04   467    1052   1.01   502  -20510   0.79
     04-0830   542   -7710   0.92   586  -13892   0.87
   0830-1400   629    9455   1.09   628   -2565   0.98
     1400-16   771  -54480   0.58   749  -24095   0.81

============================================================================================
f2EL — 24h session machine   (train | test)
============================================================================================
       slice  n_tr  net_tr  PF_tr  n_te  net_te  PF_te
FULL session   230  -17300   0.60   224  -16370   0.62
       17-20    46   -3842   0.56    46   -9430   0.00
       00-04    40     438   1.06    44   -9020   0.00
     04-0830    44   -5708   0.34    38   -7015   0.08
   0830-1400    67   -7760   0.40    55   12250   2.39
     1400-16    79   -4270   0.68    87  -12585   0.26
