----------------------------------------
Exception occurred during processing of request from ('127.0.0.1', 59734)
Traceback (most recent call last):
  File "C:\Users\Admin\AppData\Local\Programs\Python\Python312\Lib\socketserver.py", line 318, in _handle_request_noblock
    self.process_request(request, client_address)
  File "C:\Users\Admin\AppData\Local\Programs\Python\Python312\Lib\socketserver.py", line 349, in process_request
    self.finish_request(request, client_address)
  File "C:\Users\Admin\AppData\Local\Programs\Python\Python312\Lib\socketserver.py", line 362, in finish_request
    self.RequestHandlerClass(request, client_address, self)
  File "C:\Users\Admin\AppData\Local\Programs\Python\Python312\Lib\socketserver.py", line 766, in __init__
    self.handle()
  File "C:\Users\Admin\AppData\Local\Programs\Python\Python312\Lib\http\server.py", line 436, in handle
    self.handle_one_request()
  File "C:\Users\Admin\AppData\Local\Programs\Python\Python312\Lib\http\server.py", line 424, in handle_one_request
    method()
  File "C:\Users\Admin\myquant\scripts\td_vs_ib_dashboard.py", line 138, in do_GET
    self.wfile.write(body.encode("utf-8"))
  File "C:\Users\Admin\AppData\Local\Programs\Python\Python312\Lib\socketserver.py", line 845, in write
    self._sock.sendall(b)
ConnectionAbortedError: [WinError 10053] An established connection was aborted by the software in your host machine
----------------------------------------
