BACKFILL PLAN (ETH -> data/ticks_continuous_eth/):
  ES 12-25: 2025-09-14 .. 2025-12-12

=== ES 12-25 2025-09-14..2025-12-12 — requested (ETH); waiting for AddOn ===

contract 'ES 12-25' -> ticker ESZ5  (65 files)
pass 1/2: counting sessions per file...
pass 2/2: writing best file per session...
  2025-09-15 off +170.75  485,220 ticks (416,643 RTH)  2025-09-14 17:00:00.048000 .. 2025-09-15 15:59:59.852000  RTH vol NT 604424 vs Massive 604424: MATCH
  2025-09-16 off +170.75  662,667 ticks (567,563 RTH)  2025-09-15 17:00:00.024000 .. 2025-09-16 15:59:59.892000  RTH vol NT 834545 vs Massive 834545: MATCH
  2025-09-17 off +170.75  1,040,018 ticks (943,368 RTH)  2025-09-16 17:00:00.036000 .. 2025-09-17 15:59:59.428000  RTH vol NT 1274701 vs Massive 1274701: MATCH
  2025-09-18 off +170.75  936,859 ticks (755,765 RTH)  2025-09-17 17:00:00.112000 .. 2025-09-18 15:59:59.676000  RTH vol NT 1075937 vs Massive 1075935: MISMATCH
  2025-09-19 off +170.75  836,888 ticks (695,477 RTH)  2025-09-18 17:00:00.032000 .. 2025-09-19 15:59:59.668000  RTH vol NT 1033850 vs Massive 1033808: MISMATCH
  2025-09-22 off +170.75  669,514 ticks (555,909 RTH)  2025-09-21 17:00:00.032000 .. 2025-09-22 15:59:59.440000  RTH vol NT 867163 vs Massive 867153: MISMATCH
  2025-09-23 off +170.75  832,651 ticks (741,455 RTH)  2025-09-22 17:00:00.016000 .. 2025-09-23 15:59:59.940000  RTH vol NT 1081742 vs Massive 1081730: MISMATCH
  2025-09-24 off +170.75  822,391 ticks (728,284 RTH)  2025-09-23 17:00:00.036000 .. 2025-09-24 15:59:59.764000  RTH vol NT 1055284 vs Massive 1055284: MATCH
  2025-09-25 off +170.75  1,204,904 ticks (1,049,018 RTH)  2025-09-24 17:00:00.024000 .. 2025-09-25 15:59:59.800000  RTH vol NT 1425193 vs Massive 1425193: MATCH
  2025-09-26 off +170.75  955,234 ticks (800,541 RTH)  2025-09-25 17:00:00.016000 .. 2025-09-26 15:59:59.292000  RTH vol NT 1065432 vs Massive 1065432: MATCH
  2025-09-29 off +170.75  834,511 ticks (707,567 RTH)  2025-09-28 17:00:00.036000 .. 2025-09-29 15:59:59.444000  RTH vol NT 966828 vs Massive 966828: MATCH
  2025-09-30 off +170.75  1,011,634 ticks (893,889 RTH)  2025-09-29 17:00:00.012000 .. 2025-09-30 15:59:58.632000  RTH vol NT 1274489 vs Massive 1274489: MATCH
  2025-10-01 off +170.75  887,509 ticks (700,776 RTH)  2025-09-30 17:00:00.016000 .. 2025-10-01 15:59:59.144000  RTH vol NT 1003801 vs Massive 1003801: MATCH
  2025-10-02 off +170.75  825,323 ticks (703,920 RTH)  2025-10-01 17:00:00.024000 .. 2025-10-02 15:59:59.852000  RTH vol NT 974097 vs Massive 974088: MISMATCH
  2025-10-03 off +170.75  950,328 ticks (847,516 RTH)  2025-10-02 17:00:00.008000 .. 2025-10-03 15:59:59.960000  RTH vol NT 1176814 vs Massive 1176801: MISMATCH
  2025-10-06 off +170.75  742,315 ticks (600,001 RTH)  2025-10-05 17:00:00.028000 .. 2025-10-06 15:59:59.616000  RTH vol NT 852054 vs Massive 852046: MISMATCH
  2025-10-07 off +170.75  1,009,421 ticks (896,098 RTH)  2025-10-06 17:00:00.012000 .. 2025-10-07 15:59:57.792000  RTH vol NT 1218177 vs Massive 1218177: MATCH
  2025-10-08 off +170.75  697,403 ticks (583,268 RTH)  2025-10-07 17:00:00.008000 .. 2025-10-08 15:59:59.588000  RTH vol NT 846191 vs Massive 846191: MATCH
  2025-10-09 off +170.75  940,531 ticks (828,159 RTH)  2025-10-08 17:00:00.024000 .. 2025-10-09 15:59:59.076000  RTH vol NT 1168694 vs Massive 1168683: MISMATCH
  2025-10-10 off +170.75  1,865,237 ticks (1,704,679 RTH)  2025-10-09 17:00:00.024000 .. 2025-10-10 15:59:59.868000  RTH vol NT 2245524 vs Massive 2245524: MATCH
  2025-10-13 off +170.75  1,329,666 ticks (984,768 RTH)  2025-10-12 17:00:00.048000 .. 2025-10-13 15:59:59.308000  RTH vol NT 1275527 vs Massive 1275523: MISMATCH
  2025-10-14 off +170.75  1,613,981 ticks (1,287,009 RTH)  2025-10-13 17:00:00.012000 .. 2025-10-14 15:59:59.460000  RTH vol NT 1676690 vs Massive 1676690: MATCH
  2025-10-15 off +170.75  1,493,903 ticks (1,317,711 RTH)  2025-10-14 17:00:00.008000 .. 2025-10-15 15:59:59.524000  RTH vol NT 1716556 vs Massive 1716556: MATCH
  2025-10-16 off +170.75  1,722,236 ticks (1,557,194 RTH)  2025-10-15 17:00:00.020000 .. 2025-10-16 15:59:59.008000  RTH vol NT 1950155 vs Massive 1950155: MATCH
  2025-10-17 off +170.75  1,551,793 ticks (1,145,761 RTH)  2025-10-16 17:00:00.012000 .. 2025-10-17 15:59:59.908000  RTH vol NT 1479886 vs Massive 1479885: MISMATCH
  2025-10-20 off +170.75  843,938 ticks (688,369 RTH)  2025-10-19 17:00:00.028000 .. 2025-10-20 15:59:59.616000  RTH vol NT 943364 vs Massive 943364: MATCH
  2025-10-21 off +170.75  924,041 ticks (800,761 RTH)  2025-10-20 17:00:00.016000 .. 2025-10-21 15:59:57.644000  RTH vol NT 1089077 vs Massive 1089077: MATCH
  2025-10-22 off +170.75  1,460,842 ticks (1,328,970 RTH)  2025-10-21 17:00:00.016000 .. 2025-10-22 15:59:59.448000  RTH vol NT 1675557 vs Massive 1675557: MATCH
  2025-10-23 off +170.75  986,558 ticks (834,437 RTH)  2025-10-22 17:00:00.024000 .. 2025-10-23 15:59:59.320000  RTH vol NT 1124904 vs Massive 1124902: MISMATCH
  2025-10-24 off +170.75  874,901 ticks (713,713 RTH)  2025-10-23 17:00:00.008000 .. 2025-10-24 15:59:59.804000  RTH vol NT 995808 vs Massive 995808: MATCH
  2025-10-27 off +170.75  759,698 ticks (603,085 RTH)  2025-10-26 17:00:00.032000 .. 2025-10-27 15:59:59.352000  RTH vol NT 918617 vs Massive 918613: MISMATCH
  2025-10-28 off +170.75  834,231 ticks (702,055 RTH)  2025-10-27 17:00:00.016000 .. 2025-10-28 15:59:59.388000  RTH vol NT 985967 vs Massive 985985: MISMATCH
  2025-10-29 off +170.75  1,114,296 ticks (981,199 RTH)  2025-10-28 17:00:00.028000 .. 2025-10-29 15:59:59.652000  RTH vol NT 1291583 vs Massive 1291581: MISMATCH
  2025-10-30 off +170.75  1,329,519 ticks (1,042,116 RTH)  2025-10-29 17:00:00.084000 .. 2025-10-30 15:59:59.488000  RTH vol NT 1385189 vs Massive 1385399: MISMATCH
  2025-10-31 off +170.75  1,228,314 ticks (1,066,026 RTH)  2025-10-30 17:00:00.024000 .. 2025-10-31 15:59:59.812000  RTH vol NT 1472933 vs Massive 1472929: MISMATCH
  2025-11-03 off +170.75  990,024 ticks (837,637 RTH)  2025-11-02 17:00:00.024000 .. 2025-11-03 15:59:59.064000  RTH vol NT 1112199 vs Massive 1112185: MISMATCH
  2025-11-04 off +170.75  1,275,512 ticks (1,008,052 RTH)  2025-11-03 17:00:00.012000 .. 2025-11-04 15:59:59.756000  RTH vol NT 1285896 vs Massive 1285896: MATCH
  2025-11-05 off +170.75  1,038,549 ticks (797,086 RTH)  2025-11-04 17:00:00.100000 .. 2025-11-05 15:59:58.996000  RTH vol NT 1091974 vs Massive 1091990: MISMATCH
  2025-11-06 off +170.75  1,390,678 ticks (1,224,118 RTH)  2025-11-05 17:00:00.024000 .. 2025-11-06 15:59:59.696000  RTH vol NT 1564741 vs Massive 1564741: MATCH
  2025-11-07 off +170.75  1,587,401 ticks (1,339,280 RTH)  2025-11-06 17:00:00.024000 .. 2025-11-07 15:59:59.076000  RTH vol NT 1732087 vs Massive 1732081: MISMATCH
  2025-11-10 off +170.75  1,081,197 ticks (892,766 RTH)  2025-11-09 17:00:00.028000 .. 2025-11-10 15:59:59.936000  RTH vol NT 1277995 vs Massive 1277995: MATCH
  2025-11-11 off +170.75  966,753 ticks (830,510 RTH)  2025-11-10 17:00:00.008000 .. 2025-11-11 15:59:59.760000  RTH vol NT 1128994 vs Massive 1128936: MISMATCH
  2025-11-12 off +170.75  1,041,127 ticks (909,511 RTH)  2025-11-11 17:00:00.028000 .. 2025-11-12 15:59:59.632000  RTH vol NT 1177678 vs Massive 1177678: MATCH
  2025-11-13 off +170.75  1,575,943 ticks (1,390,721 RTH)  2025-11-12 17:00:00.020000 .. 2025-11-13 15:59:59.652000  RTH vol NT 1767857 vs Massive 1767863: MISMATCH
  2025-11-14 off +170.75  1,613,723 ticks (1,309,798 RTH)  2025-11-13 17:00:00.016000 .. 2025-11-14 15:59:59.976000  RTH vol NT 1642867 vs Massive 1642867: MATCH
  2025-11-17 off +170.75  1,432,852 ticks (1,241,131 RTH)  2025-11-16 17:00:00.024000 .. 2025-11-17 15:59:59.436000  RTH vol NT 1584688 vs Massive 1584686: MISMATCH
  2025-11-18 off +170.75  2,019,165 ticks (1,729,823 RTH)  2025-11-17 17:00:00.008000 .. 2025-11-18 15:59:59.756000  RTH vol NT 2107281 vs Massive 2107198: MISMATCH
  2025-11-19 off +170.75  1,612,743 ticks (1,348,708 RTH)  2025-11-18 17:00:00.016000 .. 2025-11-19 15:59:59.892000  RTH vol NT 1653357 vs Massive 1653302: MISMATCH
  2025-11-20 off +170.75  2,380,525 ticks (2,126,372 RTH)  2025-11-19 17:00:00.024000 .. 2025-11-20 15:59:59.336000  RTH vol NT 2565020 vs Massive 2564955: MISMATCH
  2025-11-21 off +170.75  2,065,421 ticks (1,684,081 RTH)  2025-11-20 17:00:00.196000 .. 2025-11-21 15:59:59.940000  RTH vol NT 2014721 vs Massive 2014721: MATCH
  2025-11-24 off +170.75  1,230,865 ticks (1,027,449 RTH)  2025-11-23 17:00:00.024000 .. 2025-11-24 15:59:59.524000  RTH vol NT 1311097 vs Massive 1311097: MATCH
  2025-11-25 off +170.75  1,258,196 ticks (1,093,479 RTH)  2025-11-24 17:00:00.024000 .. 2025-11-25 15:59:59.364000  RTH vol NT 1365708 vs Massive 1365708: MATCH
  2025-11-26 off +170.75  1,073,138 ticks (921,415 RTH)  2025-11-25 17:00:00.012000 .. 2025-11-26 15:59:59.256000  RTH vol NT 1192624 vs Massive 1192624: MATCH
  2025-11-27 off +170.75  50,676 ticks (18,783 RTH)  2025-11-27 00:00:00.452000 .. 2025-11-27 11:59:59.996000  RTH vol NT 21839 vs Massive 8528: MISMATCH
  2025-11-28 off +170.75  236,852 ticks (203,729 RTH)  2025-11-26 17:00:00.028000 .. 2025-11-28 12:14:59.632000  RTH vol NT 300017 vs Massive 321850: MISMATCH
  2025-12-01 off +170.75  1,085,470 ticks (894,037 RTH)  2025-11-30 17:00:00.040000 .. 2025-12-01 15:59:59.456000  RTH vol NT 1168662 vs Massive 1168662: MATCH
  2025-12-02 off +170.75  1,088,817 ticks (972,178 RTH)  2025-12-01 17:00:00.008000 .. 2025-12-02 15:59:59.784000  RTH vol NT 1246330 vs Massive 1246322: MISMATCH
  2025-12-03 off +170.75  932,188 ticks (768,186 RTH)  2025-12-02 17:00:00.028000 .. 2025-12-03 15:59:59.400000  RTH vol NT 1037758 vs Massive 1037742: MISMATCH
  2025-12-04 off +170.75  944,816 ticks (834,948 RTH)  2025-12-03 17:00:00.012000 .. 2025-12-04 15:59:59.472000  RTH vol NT 1125250 vs Massive 1125240: MISMATCH
  2025-12-05 off +170.75  930,063 ticks (819,798 RTH)  2025-12-04 17:00:00.008000 .. 2025-12-05 15:59:59.648000  RTH vol NT 1112556 vs Massive 1112515: MISMATCH
  2025-12-08 off +170.75  835,149 ticks (727,218 RTH)  2025-12-07 17:00:00.052000 .. 2025-12-08 15:59:59.720000  RTH vol NT 1006216 vs Massive 1006216: MATCH
  2025-12-09 off +170.75  695,582 ticks (579,443 RTH)  2025-12-08 17:00:00.028000 .. 2025-12-09 15:59:59.604000  RTH vol NT 778949 vs Massive 778944: MISMATCH
  2025-12-10 off +170.75  991,216 ticks (874,655 RTH)  2025-12-09 17:00:00.020000 .. 2025-12-10 15:59:58.736000  RTH vol NT 1187275 vs Massive 1187275: MATCH
  2025-12-11 off +170.75  1,134,704 ticks (923,125 RTH)  2025-12-10 17:00:00.020000 .. 2025-12-11 15:59:58.960000  RTH vol NT 1241071 vs Massive 1209465: MISMATCH
  2025-12-12 off +170.75  1,382,643 ticks (1,242,239 RTH)  2025-12-11 17:00:00.032000 .. 2025-12-12 15:59:59.512000  RTH vol NT 1627199 vs Massive 1627199: MATCH

done: 65 written, 0 skipped, 0 aborted -> C:\Users\Admin\myquant\data\ticks_continuous_eth
  export done: {"done":"2026-09-12 23:01:13","note":"exported 65/65 day(s)"}

BACKFILL COMPLETE. ETH store: data/ticks_continuous_eth/
BACKFILL PLAN (ETH -> data/ticks_continuous_eth/):
  ES 03-26: 2025-12-14 .. 2026-03-13

=== ES 03-26 2025-12-14..2026-03-13 — requested (ETH); waiting for AddOn ===

contract 'ES 03-26' -> ticker ESH6  (65 files)
pass 1/2: counting sessions per file...
pass 2/2: writing best file per session...
  2025-12-15 off +111.00  750,406 ticks (669,525 RTH)  2025-12-14 17:00:00.052000 .. 2025-12-15 15:59:58.984000  RTH vol NT 872234 vs Massive 872230: MISMATCH
  2025-12-16 off +111.00  1,294,682 ticks (1,099,148 RTH)  2025-12-15 17:00:00.020000 .. 2025-12-16 15:59:59.160000  RTH vol NT 1423972 vs Massive 1423972: MATCH
  2025-12-17 off +111.00  1,206,188 ticks (1,039,932 RTH)  2025-12-16 17:00:00.020000 .. 2025-12-17 15:59:59.840000  RTH vol NT 1378042 vs Massive 1378041: MISMATCH
  2025-12-18 off +111.00  1,450,721 ticks (1,243,334 RTH)  2025-12-17 17:00:00.020000 .. 2025-12-18 15:59:59.592000  RTH vol NT 1706206 vs Massive 1706196: MISMATCH
  2025-12-19 off +111.00  888,811 ticks (718,704 RTH)  2025-12-18 17:00:00.020000 .. 2025-12-19 15:59:59.808000  RTH vol NT 1030458 vs Massive 1030438: MISMATCH
  2025-12-22 off +111.00  653,963 ticks (552,399 RTH)  2025-12-21 17:00:00.024000 .. 2025-12-22 15:59:58.736000  RTH vol NT 802491 vs Massive 802491: MATCH
  2025-12-23 off +111.00  564,992 ticks (469,048 RTH)  2025-12-22 17:00:00.028000 .. 2025-12-23 15:59:58.512000  RTH vol NT 698086 vs Massive 698084: MISMATCH
  2025-12-24 off +111.00  286,839 ticks (238,509 RTH)  2025-12-23 17:00:00.024000 .. 2025-12-24 12:14:59.508000  RTH vol NT 362558 vs Massive 362557: MISMATCH
  2025-12-26 off +111.00  427,164 ticks (374,073 RTH)  2025-12-25 17:00:00.024000 .. 2025-12-26 15:59:59.144000  RTH vol NT 523682 vs Massive 523682: MATCH
  2025-12-29 off +111.00  602,704 ticks (493,767 RTH)  2025-12-28 17:00:00.028000 .. 2025-12-29 15:59:59.500000  RTH vol NT 694777 vs Massive 694874: MISMATCH
  2025-12-30 off +111.00  503,779 ticks (427,245 RTH)  2025-12-29 17:00:00.020000 .. 2025-12-30 15:59:59.544000  RTH vol NT 627961 vs Massive 627945: MISMATCH
  2025-12-31 off +111.00  614,544 ticks (536,621 RTH)  2025-12-30 17:00:00.008000 .. 2025-12-31 15:59:59.428000  RTH vol NT 808811 vs Massive 808804: MISMATCH
  2026-01-02 off +111.00  1,059,896 ticks (944,762 RTH)  2026-01-01 17:00:00.052000 .. 2026-01-02 15:59:59.872000  RTH vol NT 1345997 vs Massive 1345988: MISMATCH
  2026-01-05 off +111.00  832,580 ticks (693,008 RTH)  2026-01-04 17:00:00.040000 .. 2026-01-05 15:59:59.384000  RTH vol NT 1013947 vs Massive 1013944: MISMATCH
  2026-01-06 off +111.00  778,927 ticks (663,432 RTH)  2026-01-05 17:00:00.024000 .. 2026-01-06 15:59:59.960000  RTH vol NT 975076 vs Massive 975066: MISMATCH
  2026-01-07 off +111.00  842,035 ticks (737,815 RTH)  2026-01-06 17:00:00.020000 .. 2026-01-07 15:59:59.536000  RTH vol NT 1047434 vs Massive 1047404: MISMATCH
  2026-01-08 off +111.00  939,373 ticks (801,043 RTH)  2026-01-07 17:00:00.020000 .. 2026-01-08 15:59:59.492000  RTH vol NT 1069049 vs Massive 1069013: MISMATCH
  2026-01-09 off +111.00  863,185 ticks (737,942 RTH)  2026-01-08 17:00:00.024000 .. 2026-01-09 15:59:59.016000  RTH vol NT 1107128 vs Massive 1107110: MISMATCH
  2026-01-12 off +111.00  702,149 ticks (514,423 RTH)  2026-01-11 17:00:00.056000 .. 2026-01-12 15:59:59.696000  RTH vol NT 748203 vs Massive 748183: MISMATCH
  2026-01-13 off +111.00  958,041 ticks (809,097 RTH)  2026-01-12 17:00:00.036000 .. 2026-01-13 15:59:58.932000  RTH vol NT 1120568 vs Massive 1120533: MISMATCH
  2026-01-14 off +111.00  1,273,368 ticks (1,116,068 RTH)  2026-01-13 17:00:00.036000 .. 2026-01-14 15:59:58.632000  RTH vol NT 1474693 vs Massive 1474657: MISMATCH
  2026-01-15 off +111.00  916,673 ticks (755,387 RTH)  2026-01-14 17:00:00.036000 .. 2026-01-15 15:59:59.504000  RTH vol NT 1023538 vs Massive 1023974: MISMATCH
  2026-01-16 off +111.00  867,601 ticks (738,842 RTH)  2026-01-15 17:00:00.016000 .. 2026-01-16 15:59:59  RTH vol NT 1035973 vs Massive 1035967: MISMATCH
  2026-01-19 off +111.00  171,110 ticks (65,119 RTH)  2026-01-19 00:00:00.428000 .. 2026-01-19 11:59:59.872000
  2026-01-20 off +111.00  1,602,185 ticks (1,239,040 RTH)  2026-01-18 17:00:00.048000 .. 2026-01-20 15:59:59.392000  RTH vol NT 1640101 vs Massive 1723517: MISMATCH
  2026-01-21 off +111.00  1,644,985 ticks (1,371,501 RTH)  2026-01-20 17:00:00.024000 .. 2026-01-21 15:59:59.496000  RTH vol NT 1768761 vs Massive 1768761: MATCH
  2026-01-22 off +111.00  970,779 ticks (793,146 RTH)  2026-01-21 17:00:00.008000 .. 2026-01-22 15:59:59.988000  RTH vol NT 1049336 vs Massive 1049334: MISMATCH
  2026-01-23 off +111.00  876,243 ticks (722,014 RTH)  2026-01-22 17:00:00.024000 .. 2026-01-23 15:59:59  RTH vol NT 969234 vs Massive 969233: MISMATCH
  2026-01-26 off +111.00  720,038 ticks (563,007 RTH)  2026-01-25 17:00:00.040000 .. 2026-01-26 15:59:59.772000  RTH vol NT 805188 vs Massive 805186: MISMATCH
  2026-01-27 off +111.00  650,095 ticks (531,193 RTH)  2026-01-26 17:00:00.028000 .. 2026-01-27 15:59:59.100000  RTH vol NT 771216 vs Massive 771214: MISMATCH
  2026-01-28 off +111.00  878,085 ticks (717,961 RTH)  2026-01-27 17:00:00.012000 .. 2026-01-28 15:59:59.380000  RTH vol NT 939017 vs Massive 939013: MISMATCH
  2026-01-29 off +111.00  1,440,872 ticks (1,259,182 RTH)  2026-01-28 17:00:00.008000 .. 2026-01-29 15:59:58.904000  RTH vol NT 1654311 vs Massive 1658798: MISMATCH
  2026-01-30 off +111.00  1,551,488 ticks (1,303,248 RTH)  2026-01-29 17:00:00.028000 .. 2026-01-30 15:59:59.164000  RTH vol NT 1641502 vs Massive 1641819: MISMATCH
  2026-02-02 off +111.00  1,106,798 ticks (788,180 RTH)  2026-02-01 17:00:00.028000 .. 2026-02-02 15:59:59.288000  RTH vol NT 1042144 vs Massive 1042142: MISMATCH
  2026-02-03 off +111.00  1,466,517 ticks (1,323,056 RTH)  2026-02-02 17:00:00.024000 .. 2026-02-03 15:59:59.956000  RTH vol NT 1695939 vs Massive 1695933: MISMATCH
  2026-02-04 off +111.00  1,674,797 ticks (1,487,549 RTH)  2026-02-03 17:00:00.028000 .. 2026-02-04 15:59:59.428000  RTH vol NT 1830434 vs Massive 1830434: MATCH
  2026-02-05 off +111.00  1,672,489 ticks (1,356,955 RTH)  2026-02-04 17:00:00.128000 .. 2026-02-05 15:59:59.484000  RTH vol NT 1648870 vs Massive 1648870: MATCH
  2026-02-06 off +111.00  1,314,112 ticks (1,014,788 RTH)  2026-02-05 17:00:00.012000 .. 2026-02-06 15:59:59.028000  RTH vol NT 1345510 vs Massive 1345510: MATCH
  2026-02-09 off +111.00  880,086 ticks (693,355 RTH)  2026-02-08 17:00:00.040000 .. 2026-02-09 15:59:58.884000  RTH vol NT 911041 vs Massive 911041: MATCH
  2026-02-10 off +111.00  877,232 ticks (737,275 RTH)  2026-02-09 17:00:00.008000 .. 2026-02-10 15:59:59.240000  RTH vol NT 967965 vs Massive 967965: MATCH
  2026-02-11 off +111.00  1,131,831 ticks (969,244 RTH)  2026-02-10 17:00:00.008000 .. 2026-02-11 15:59:59.516000  RTH vol NT 1246262 vs Massive 1246256: MISMATCH
  2026-02-12 off +111.00  1,526,713 ticks (1,389,504 RTH)  2026-02-11 17:00:00.008000 .. 2026-02-12 15:59:59.444000  RTH vol NT 1823281 vs Massive 1823279: MISMATCH
  2026-02-13 off +111.00  1,379,014 ticks (1,094,740 RTH)  2026-02-12 17:00:00.012000 .. 2026-02-13 15:59:59  RTH vol NT 1362515 vs Massive 1362506: MISMATCH
  2026-02-16 off +111.00  117,050 ticks (68,763 RTH)  2026-02-16 00:00:04.560000 .. 2026-02-16 11:59:59.974000
  2026-02-17 off +111.00  1,327,605 ticks (1,077,798 RTH)  2026-02-15 17:00:00 .. 2026-02-17 15:59:59.980000  RTH vol NT 1329205 vs Massive 1411737: MISMATCH
  2026-02-18 off +111.00  983,502 ticks (828,352 RTH)  2026-02-17 17:00:00.008000 .. 2026-02-18 15:59:59.484000  RTH vol NT 1084588 vs Massive 1084588: MATCH
  2026-02-19 off +111.00  976,816 ticks (813,305 RTH)  2026-02-18 17:00:00.028000 .. 2026-02-19 15:59:59.488000  RTH vol NT 1024053 vs Massive 1024051: MISMATCH
  2026-02-20 off +111.00  1,356,909 ticks (1,179,887 RTH)  2026-02-19 17:00:00.028000 .. 2026-02-20 15:59:59.664000  RTH vol NT 1514082 vs Massive 1514082: MATCH
  2026-02-23 off +111.00  1,090,427 ticks (910,347 RTH)  2026-02-22 17:00:00.032000 .. 2026-02-23 15:59:59.336000  RTH vol NT 1182321 vs Massive 1182321: MATCH
  2026-02-24 off +111.00  947,872 ticks (786,112 RTH)  2026-02-23 17:00:00.008000 .. 2026-02-24 15:59:59.820000  RTH vol NT 1076453 vs Massive 1076453: MATCH
  2026-02-25 off +111.00  718,862 ticks (566,383 RTH)  2026-02-24 17:00:00.028000 .. 2026-02-25 15:59:59.240000  RTH vol NT 803204 vs Massive 803204: MATCH
  2026-02-26 off +111.00  1,121,142 ticks (990,996 RTH)  2026-02-25 17:00:00.028000 .. 2026-02-26 15:59:59.560000  RTH vol NT 1323165 vs Massive 1323164: MISMATCH
  2026-02-27 off +111.00  1,165,206 ticks (955,470 RTH)  2026-02-26 17:00:00.080000 .. 2026-02-27 15:59:59  RTH vol NT 1307081 vs Massive 1307079: MISMATCH
  2026-03-02 off +111.00  1,368,248 ticks (991,636 RTH)  2026-03-01 17:00:00.044000 .. 2026-03-02 15:59:59.700000  RTH vol NT 1295294 vs Massive 1295289: MISMATCH
  2026-03-03 off +111.00  1,762,988 ticks (1,330,807 RTH)  2026-03-02 17:00:00.020000 .. 2026-03-03 15:59:59.888000  RTH vol NT 1656042 vs Massive 1656040: MISMATCH
  2026-03-04 off +111.00  1,146,110 ticks (773,158 RTH)  2026-03-03 17:00:00.028000 .. 2026-03-04 15:59:59.568000  RTH vol NT 1051575 vs Massive 1051571: MISMATCH
  2026-03-05 off +111.00  1,462,387 ticks (1,178,671 RTH)  2026-03-04 17:00:00.028000 .. 2026-03-05 15:59:59.520000  RTH vol NT 1473561 vs Massive 1473555: MISMATCH
  2026-03-06 off +111.00  1,441,010 ticks (1,107,869 RTH)  2026-03-05 17:00:00.024000 .. 2026-03-06 15:59:59.044000  RTH vol NT 1409365 vs Massive 1409312: MISMATCH
  2026-03-09 off +111.00  1,691,769 ticks (1,185,665 RTH)  2026-03-08 17:00:00.040000 .. 2026-03-09 15:59:59.372000  RTH vol NT 1520507 vs Massive 1520496: MISMATCH
  2026-03-10 off +111.00  1,455,982 ticks (1,130,095 RTH)  2026-03-09 17:00:00.156000 .. 2026-03-10 15:59:59.472000  RTH vol NT 1425763 vs Massive 1425763: MATCH
  2026-03-11 off +111.00  1,184,213 ticks (948,325 RTH)  2026-03-10 17:00:00.008000 .. 2026-03-11 15:59:59.772000  RTH vol NT 1209336 vs Massive 1209335: MISMATCH
  2026-03-12 off +111.00  1,404,430 ticks (1,128,947 RTH)  2026-03-11 17:00:00.008000 .. 2026-03-12 15:59:59.872000  RTH vol NT 1476347 vs Massive 1476345: MISMATCH
  2026-03-13 off +111.00  1,288,932 ticks (1,025,973 RTH)  2026-03-12 17:00:00.024000 .. 2026-03-13 15:59:59.860000  RTH vol NT 1404893 vs Massive 1404887: MISMATCH

done: 63 written, 0 skipped, 0 aborted -> C:\Users\Admin\myquant\data\ticks_continuous_eth
  export done: {"done":"2026-09-12 23:22:55","note":"exported 65/65 day(s)"}

BACKFILL COMPLETE. ETH store: data/ticks_continuous_eth/
BACKFILL PLAN (ETH -> data/ticks_continuous_eth/):
  ES 06-26: 2026-03-15 .. 2026-06-18

=== ES 06-26 2026-03-15..2026-06-18 — requested (ETH); waiting for AddOn ===

contract 'ES 06-26' -> ticker ESM6  (69 files)
pass 1/2: counting sessions per file...
pass 2/2: writing best file per session...
  2026-03-16 off +61.25  816,868 ticks (638,162 RTH)  2026-03-15 17:00:00.064000 .. 2026-03-16 15:59:58.516000  RTH vol NT 843200 vs Massive 843196: MISMATCH
  2026-03-17 off +61.25  822,702 ticks (653,117 RTH)  2026-03-16 17:00:00.008000 .. 2026-03-17 15:59:59.504000  RTH vol NT 869702 vs Massive 869699: MISMATCH
  2026-03-18 off +61.25  1,043,496 ticks (822,745 RTH)  2026-03-17 17:00:00.044000 .. 2026-03-18 15:59:59.656000  RTH vol NT 1113223 vs Massive 1113214: MISMATCH
  2026-03-19 off +61.25  1,418,782 ticks (1,078,070 RTH)  2026-03-18 17:00:00.024000 .. 2026-03-19 15:59:59.928000  RTH vol NT 1401019 vs Massive 1401017: MISMATCH
  2026-03-20 off +61.25  1,352,165 ticks (1,107,455 RTH)  2026-03-19 17:00:00.164000 .. 2026-03-20 15:59:59.936000  RTH vol NT 1495217 vs Massive 1495215: MISMATCH
  2026-03-23 off +61.25  1,615,730 ticks (1,057,768 RTH)  2026-03-22 17:00:00.036000 .. 2026-03-23 15:59:59.552000  RTH vol NT 1368761 vs Massive 1368753: MISMATCH
  2026-03-24 off +61.25  1,429,044 ticks (1,083,701 RTH)  2026-03-23 17:00:00.072000 .. 2026-03-24 15:59:59.328000  RTH vol NT 1419456 vs Massive 1419452: MISMATCH
  2026-03-25 off +61.25  1,255,169 ticks (982,634 RTH)  2026-03-24 17:00:00.016000 .. 2026-03-25 15:59:58.752000  RTH vol NT 1288159 vs Massive 1288149: MISMATCH
  2026-03-26 off +61.25  1,224,575 ticks (982,544 RTH)  2026-03-25 17:00:00.044000 .. 2026-03-26 15:59:59.980000  RTH vol NT 1288401 vs Massive 1288401: MATCH
  2026-03-27 off +61.25  1,333,008 ticks (1,082,114 RTH)  2026-03-26 17:00:00.028000 .. 2026-03-27 15:59:59.952000  RTH vol NT 1473354 vs Massive 1473347: MISMATCH
  2026-03-30 off +61.25  1,286,083 ticks (978,126 RTH)  2026-03-29 17:00:00.044000 .. 2026-03-30 15:59:59.812000  RTH vol NT 1307113 vs Massive 1307113: MATCH
  2026-03-31 off +61.25  1,650,190 ticks (1,322,185 RTH)  2026-03-30 17:00:00.012000 .. 2026-03-31 15:59:59.440000  RTH vol NT 1794125 vs Massive 1796228: MISMATCH
  2026-04-01 off +61.25  1,273,001 ticks (974,038 RTH)  2026-03-31 17:00:00.152000 .. 2026-04-01 15:59:58.132000  RTH vol NT 1293041 vs Massive 1293333: MISMATCH
  2026-04-02 off +61.25  1,421,507 ticks (1,101,044 RTH)  2026-04-01 17:00:00.016000 .. 2026-04-02 15:59:59.864000  RTH vol NT 1459372 vs Massive 1488546: MISMATCH
  2026-04-03 off +61.25  36,798 ticks (0 RTH)  2026-04-03 00:00:02.664000 .. 2026-04-03 08:14:58.512000
  2026-04-06 off +61.25  865,272 ticks (673,256 RTH)  2026-04-05 17:00:00.028000 .. 2026-04-06 15:59:59.472000  RTH vol NT 832000 vs Massive 832000: MATCH
  2026-04-07 off +61.25  1,483,098 ticks (1,172,374 RTH)  2026-04-06 17:00:00.008000 .. 2026-04-07 15:59:59.784000  RTH vol NT 1525824 vs Massive 1525838: MISMATCH
  2026-04-08 off +61.25  1,564,926 ticks (1,125,450 RTH)  2026-04-07 17:00:00.116000 .. 2026-04-08 15:59:58.956000  RTH vol NT 1512659 vs Massive 1512659: MATCH
  2026-04-09 off +61.25  1,132,174 ticks (957,655 RTH)  2026-04-08 17:00:00.024000 .. 2026-04-09 15:59:58.644000  RTH vol NT 1290117 vs Massive 1290117: MATCH
  2026-04-10 off +61.25  923,197 ticks (776,189 RTH)  2026-04-09 17:00:00.008000 .. 2026-04-10 15:59:59.656000  RTH vol NT 1038060 vs Massive 1038060: MATCH
  2026-04-13 off +61.25  1,078,553 ticks (870,742 RTH)  2026-04-12 17:00:00.044000 .. 2026-04-13 15:59:59.948000  RTH vol NT 1194113 vs Massive 1194113: MATCH
  2026-04-14 off +61.25  873,845 ticks (726,044 RTH)  2026-04-13 17:00:00.036000 .. 2026-04-14 15:59:57.760000  RTH vol NT 1048958 vs Massive 1048956: MISMATCH
  2026-04-15 off +61.25  923,749 ticks (760,840 RTH)  2026-04-14 17:00:00.008000 .. 2026-04-15 15:59:59.668000  RTH vol NT 1080675 vs Massive 1080674: MISMATCH
  2026-04-16 off +61.25  934,258 ticks (804,352 RTH)  2026-04-15 17:00:00.028000 .. 2026-04-16 15:59:59.760000  RTH vol NT 1120330 vs Massive 1120320: MISMATCH
  2026-04-17 off +61.25  1,183,508 ticks (951,571 RTH)  2026-04-16 17:00:00.024000 .. 2026-04-17 15:59:58.640000  RTH vol NT 1335082 vs Massive 1335081: MISMATCH
  2026-04-20 off +61.25  927,112 ticks (723,659 RTH)  2026-04-19 17:00:00.064000 .. 2026-04-20 15:59:59.540000  RTH vol NT 1023420 vs Massive 1023420: MATCH
  2026-04-21 off +61.25  1,285,693 ticks (1,130,388 RTH)  2026-04-20 17:00:00.036000 .. 2026-04-21 15:59:59.848000  RTH vol NT 1546625 vs Massive 1546614: MISMATCH
  2026-04-22 off +61.25  847,805 ticks (667,450 RTH)  2026-04-21 17:00:00.016000 .. 2026-04-22 15:59:59.780000  RTH vol NT 899373 vs Massive 899380: MISMATCH
  2026-04-23 off +61.25  1,356,037 ticks (1,122,372 RTH)  2026-04-22 17:00:00.008000 .. 2026-04-23 15:59:59.384000  RTH vol NT 1483633 vs Massive 1483633: MATCH
  2026-04-24 off +61.25  1,020,477 ticks (804,783 RTH)  2026-04-23 17:00:00.036000 .. 2026-04-24 15:59:59.004000  RTH vol NT 1095724 vs Massive 1095724: MATCH
  2026-04-27 off +61.25  765,966 ticks (608,984 RTH)  2026-04-26 17:00:00.036000 .. 2026-04-27 15:59:57.904000  RTH vol NT 831519 vs Massive 831519: MATCH
  2026-04-28 off +61.25  990,615 ticks (783,638 RTH)  2026-04-27 17:00:00.016000 .. 2026-04-28 15:59:59.204000  RTH vol NT 1042499 vs Massive 1042499: MATCH
  2026-04-29 off +61.25  986,737 ticks (809,207 RTH)  2026-04-28 17:00:00.008000 .. 2026-04-29 15:59:59.744000  RTH vol NT 1088157 vs Massive 1088156: MISMATCH
  2026-04-30 off +61.25  1,185,445 ticks (925,811 RTH)  2026-04-29 17:00:00.068000 .. 2026-04-30 15:59:58.184000  RTH vol NT 1278799 vs Massive 1278799: MATCH
  2026-05-01 off +61.25  885,310 ticks (761,779 RTH)  2026-04-30 17:00:00.028000 .. 2026-05-01 15:59:59.104000  RTH vol NT 1043312 vs Massive 1043311: MISMATCH
  2026-05-04 off +61.25  1,178,824 ticks (940,494 RTH)  2026-05-03 17:00:00.028000 .. 2026-05-04 15:59:59.540000  RTH vol NT 1231029 vs Massive 1231029: MATCH
  2026-05-05 off +61.25  771,714 ticks (612,257 RTH)  2026-05-04 17:00:00.024000 .. 2026-05-05 15:59:59.692000  RTH vol NT 863110 vs Massive 863193: MISMATCH
  2026-05-06 off +61.25  1,113,201 ticks (795,365 RTH)  2026-05-05 17:00:00.024000 .. 2026-05-06 15:59:59.724000  RTH vol NT 1117830 vs Massive 1117828: MISMATCH
  2026-05-07 off +61.25  1,265,749 ticks (1,076,830 RTH)  2026-05-06 17:00:00.028000 .. 2026-05-07 15:59:59.792000  RTH vol NT 1434832 vs Massive 1434832: MATCH
  2026-05-08 off +61.25  882,138 ticks (684,879 RTH)  2026-05-07 17:00:00.092000 .. 2026-05-08 15:59:59.884000  RTH vol NT 954579 vs Massive 954576: MISMATCH
  2026-05-11 off +61.25  862,585 ticks (698,280 RTH)  2026-05-10 17:00:00.044000 .. 2026-05-11 15:59:59.552000  RTH vol NT 964168 vs Massive 964167: MISMATCH
  2026-05-12 off +61.25  1,169,330 ticks (989,141 RTH)  2026-05-11 17:00:00.024000 .. 2026-05-12 15:59:58.676000  RTH vol NT 1319221 vs Massive 1319259: MISMATCH
  2026-05-13 off +61.25  903,431 ticks (726,190 RTH)  2026-05-12 17:00:00.032000 .. 2026-05-13 15:59:58.216000  RTH vol NT 986871 vs Massive 986871: MATCH
  2026-05-14 off +61.25  958,895 ticks (800,609 RTH)  2026-05-13 17:00:00.048000 .. 2026-05-14 15:59:58.808000  RTH vol NT 1099621 vs Massive 1099621: MATCH
  2026-05-15 off +61.25  1,361,727 ticks (1,052,670 RTH)  2026-05-14 17:00:00.008000 .. 2026-05-15 15:59:59.332000  RTH vol NT 1421505 vs Massive 1421469: MISMATCH
  2026-05-18 off +61.25  1,527,121 ticks (1,206,608 RTH)  2026-05-17 17:00:00.036000 .. 2026-05-18 15:59:59.832000  RTH vol NT 1496159 vs Massive 1496154: MISMATCH
  2026-05-19 off +61.25  1,373,798 ticks (1,154,478 RTH)  2026-05-18 17:00:00.020000 .. 2026-05-19 15:59:58.400000  RTH vol NT 1460353 vs Massive 1460353: MATCH
  2026-05-20 off +61.25  1,199,536 ticks (980,637 RTH)  2026-05-19 17:00:00.024000 .. 2026-05-20 15:59:59.956000  RTH vol NT 1245492 vs Massive 1245503: MISMATCH
  2026-05-21 off +61.25  1,345,284 ticks (1,112,445 RTH)  2026-05-20 17:00:00.036000 .. 2026-05-21 15:59:58.172000  RTH vol NT 1395044 vs Massive 1395050: MISMATCH
  2026-05-22 off +61.25  922,204 ticks (713,332 RTH)  2026-05-21 17:00:00.024000 .. 2026-05-22 15:59:59.160000  RTH vol NT 911480 vs Massive 911479: MISMATCH
  2026-05-25 off +61.25  104,081 ticks (45,963 RTH)  2026-05-25 00:00:05.436000 .. 2026-05-25 11:59:59.188000
  2026-05-26 off +61.25  917,798 ticks (690,978 RTH)  2026-05-24 17:00:00.040000 .. 2026-05-26 15:59:59.416000  RTH vol NT 917551 vs Massive 977158: MISMATCH
  2026-05-27 off +61.25  931,841 ticks (749,808 RTH)  2026-05-26 17:00:00.036000 .. 2026-05-27 15:59:59.868000  RTH vol NT 993744 vs Massive 993744: MATCH
  2026-05-28 off +61.25  871,978 ticks (667,144 RTH)  2026-05-27 17:00:00.028000 .. 2026-05-28 15:59:59.988000  RTH vol NT 916655 vs Massive 916655: MATCH
  2026-05-29 off +61.25  1,056,056 ticks (899,174 RTH)  2026-05-28 17:00:00.028000 .. 2026-05-29 15:59:59.572000  RTH vol NT 1255242 vs Massive 1255229: MISMATCH
  2026-06-01 off +61.25  954,034 ticks (733,241 RTH)  2026-05-31 17:00:00.028000 .. 2026-06-01 15:59:59.688000  RTH vol NT 1030805 vs Massive 1030805: MATCH
  2026-06-02 off +61.25  753,414 ticks (579,811 RTH)  2026-06-01 17:00:00.036000 .. 2026-06-02 15:59:58.900000  RTH vol NT 795264 vs Massive 795259: MISMATCH
  2026-06-03 off +61.25  953,805 ticks (771,982 RTH)  2026-06-02 17:00:00.028000 .. 2026-06-03 15:59:59.492000  RTH vol NT 1053814 vs Massive 1053814: MATCH
  2026-06-04 off +61.25  866,529 ticks (650,397 RTH)  2026-06-03 17:00:00.040000 .. 2026-06-04 15:59:59.916000  RTH vol NT 888621 vs Massive 888621: MATCH
  2026-06-05 off +61.25  1,696,175 ticks (1,461,079 RTH)  2026-06-04 17:00:00.036000 .. 2026-06-05 15:59:59.576000  RTH vol NT 1935289 vs Massive 1935272: MISMATCH
  2026-06-08 off +61.25  1,390,572 ticks (1,020,911 RTH)  2026-06-07 17:00:00.032000 .. 2026-06-08 15:59:59.200000  RTH vol NT 1269663 vs Massive 1269663: MATCH
  2026-06-09 off +61.25  1,878,686 ticks (1,671,500 RTH)  2026-06-08 17:00:00.008000 .. 2026-06-09 15:59:59.508000  RTH vol NT 2123222 vs Massive 2123212: MISMATCH
  2026-06-10 off +61.25  1,378,384 ticks (1,047,664 RTH)  2026-06-09 17:00:00.216000 .. 2026-06-10 15:59:59.724000  RTH vol NT 1307881 vs Massive 1307881: MATCH
  2026-06-11 off +61.25  1,491,821 ticks (1,176,362 RTH)  2026-06-10 17:00:00.008000 .. 2026-06-11 15:59:59.820000  RTH vol NT 1476071 vs Massive 1476072: MISMATCH
! 2026-06-12: front-month ESU6 != export ESM6 (roll) — ABORT
! 2026-06-15: front-month ESU6 != export ESM6 (roll) — ABORT
! 2026-06-16: front-month ESU6 != export ESM6 (roll) — ABORT
! 2026-06-17: front-month ESU6 != export ESM6 (roll) — ABORT
! 2026-06-18: front-month ESU6 != export ESM6 (roll) — ABORT

done: 64 written, 0 skipped, 5 aborted -> C:\Users\Admin\myquant\data\ticks_continuous_eth
  export done: {"done":"2026-09-12 23:45:21","note":"exported 69/69 day(s)"}

BACKFILL COMPLETE. ETH store: data/ticks_continuous_eth/
BACKFILL PLAN (ETH -> data/ticks_continuous_eth/):
  ES 09-26: 2026-06-08 .. 2026-09-11

=== ES 09-26 2026-06-08..2026-09-11 — requested (ETH); waiting for AddOn ===

contract 'ES 09-26' -> ticker ESU6  (70 files)
pass 1/2: counting sessions per file...
pass 2/2: writing best file per session...
! 2026-06-08: front-month ESM6 != export ESU6 (roll) — ABORT
! 2026-06-09: front-month ESM6 != export ESU6 (roll) — ABORT
! 2026-06-10: front-month ESM6 != export ESU6 (roll) — ABORT
! 2026-06-11: front-month ESM6 != export ESU6 (roll) — ABORT
  2026-06-12 off +0.00  321,975 ticks (252,144 RTH)  2026-06-11 17:00:00.060000 .. 2026-06-12 15:59:59.028000  RTH vol NT 313279 vs Massive 313276: MISMATCH
  2026-06-15 off +0.00  691,864 ticks (555,537 RTH)  2026-06-14 17:00:00.052000 .. 2026-06-15 15:59:59.776000  RTH vol NT 763203 vs Massive 763203: MATCH
  2026-06-16 off +0.00  868,659 ticks (731,642 RTH)  2026-06-15 17:00:00.036000 .. 2026-06-16 15:59:58.784000  RTH vol NT 929257 vs Massive 929249: MISMATCH
  2026-06-17 off +0.00  1,208,640 ticks (1,075,419 RTH)  2026-06-16 17:00:00.036000 .. 2026-06-17 15:59:59.152000  RTH vol NT 1304628 vs Massive 1304632: MISMATCH
  2026-06-18 off +0.00  1,109,303 ticks (888,061 RTH)  2026-06-17 17:00:00.028000 .. 2026-06-18 15:59:59.128000  RTH vol NT 1134173 vs Massive 1134167: MISMATCH
  2026-06-19 off +0.00  109,907 ticks (42,232 RTH)  2026-06-19 00:00:00.048000 .. 2026-06-19 11:59:59.924000
  2026-06-22 off +0.00  1,071,491 ticks (890,328 RTH)  2026-06-21 17:00:00.040000 .. 2026-06-22 15:59:58.660000  RTH vol NT 1110511 vs Massive 1159523: MISMATCH
  2026-06-23 off +0.00  1,403,997 ticks (1,104,932 RTH)  2026-06-22 17:00:00.032000 .. 2026-06-23 15:59:59.588000  RTH vol NT 1351666 vs Massive 1351661: MISMATCH
  2026-06-24 off +0.00  1,406,334 ticks (1,182,215 RTH)  2026-06-23 17:00:00.024000 .. 2026-06-24 15:59:58.056000  RTH vol NT 1482190 vs Massive 1482186: MISMATCH
  2026-06-25 off +0.00  1,257,981 ticks (1,096,895 RTH)  2026-06-24 17:00:00.032000 .. 2026-06-25 15:59:59.592000  RTH vol NT 1349986 vs Massive 1349986: MATCH
  2026-06-26 off +0.00  1,107,992 ticks (861,001 RTH)  2026-06-25 17:00:00.036000 .. 2026-06-26 15:59:59.544000  RTH vol NT 1099455 vs Massive 1099449: MISMATCH
  2026-06-29 off +0.00  1,113,189 ticks (929,474 RTH)  2026-06-28 17:00:00.036000 .. 2026-06-29 15:59:59.892000  RTH vol NT 1181757 vs Massive 1181754: MISMATCH
  2026-06-30 off +0.00  905,893 ticks (741,101 RTH)  2026-06-29 17:00:00.024000 .. 2026-06-30 15:59:57.864000  RTH vol NT 1017757 vs Massive 1017752: MISMATCH
  2026-07-01 off +0.00  988,805 ticks (793,820 RTH)  2026-06-30 17:00:00.016000 .. 2026-07-01 15:59:59.956000  RTH vol NT 1010830 vs Massive 1010828: MISMATCH
  2026-07-02 off +0.00  1,355,819 ticks (1,159,482 RTH)  2026-07-01 17:00:00.036000 .. 2026-07-02 15:59:58.604000  RTH vol NT 1431107 vs Massive 1431097: MISMATCH
  2026-07-03 off +0.00  74,657 ticks (33,813 RTH)  2026-07-03 00:00:01.612000 .. 2026-07-03 11:59:59.656000  RTH vol NT 39753 vs Massive 16907: MISMATCH
  2026-07-06 off +0.00  768,642 ticks (637,663 RTH)  2026-07-05 17:00:00.036000 .. 2026-07-06 15:59:58.764000  RTH vol NT 809735 vs Massive 849487: MISMATCH
  2026-07-07 off +0.00  935,151 ticks (776,864 RTH)  2026-07-06 17:00:00.008000 .. 2026-07-07 15:59:57.856000  RTH vol NT 999223 vs Massive 999218: MISMATCH
  2026-07-08 off +0.00  1,167,104 ticks (873,950 RTH)  2026-07-07 17:00:00.016000 .. 2026-07-08 15:59:59.880000  RTH vol NT 1076133 vs Massive 1076133: MATCH
  2026-07-09 off +0.00  785,307 ticks (618,257 RTH)  2026-07-08 17:00:00.024000 .. 2026-07-09 15:59:59  RTH vol NT 816082 vs Massive 816072: MISMATCH
  2026-07-10 off +0.00  767,716 ticks (616,773 RTH)  2026-07-09 17:00:00.008000 .. 2026-07-10 15:59:59.656000  RTH vol NT 811304 vs Massive 357641: MISMATCH
  2026-07-13 off +0.00  940,707 ticks (763,109 RTH)  2026-07-12 17:00:00.052000 .. 2026-07-13 15:59:58.416000  RTH vol NT 977567 vs Massive 417898: MISMATCH
  2026-07-14 off +0.00  842,883 ticks (624,858 RTH)  2026-07-13 17:00:00.036000 .. 2026-07-14 15:59:59.876000  RTH vol NT 788513 vs Massive 344265: MISMATCH
  2026-07-15 off +0.00  940,313 ticks (802,620 RTH)  2026-07-14 17:00:00.032000 .. 2026-07-15 15:59:59.896000  RTH vol NT 1058605 vs Massive 464021: MISMATCH
  2026-07-16 off +0.00  958,708 ticks (783,836 RTH)  2026-07-15 17:00:00.052000 .. 2026-07-16 15:59:59.824000  RTH vol NT 1028694 vs Massive 455688: MISMATCH
  2026-07-17 off +0.00  1,058,909 ticks (817,863 RTH)  2026-07-16 17:00:00.036000 .. 2026-07-17 15:59:59.872000  RTH vol NT 1058957 vs Massive 459659: MISMATCH
  2026-07-20 off +0.00  1,003,975 ticks (802,626 RTH)  2026-07-19 17:00:00.036000 .. 2026-07-20 15:59:59.784000  RTH vol NT 1041768 vs Massive 450093: MISMATCH
  2026-07-21 off +0.00  748,307 ticks (587,079 RTH)  2026-07-20 17:00:00.008000 .. 2026-07-21 15:59:59.688000  RTH vol NT 783846 vs Massive 336351: MISMATCH
  2026-07-22 off +0.00  749,881 ticks (584,019 RTH)  2026-07-21 17:00:00.036000 .. 2026-07-22 15:59:59.896000  RTH vol NT 772634 vs Massive 327167: MISMATCH
  2026-07-23 off +0.00  1,234,626 ticks (994,513 RTH)  2026-07-22 17:00:00.036000 .. 2026-07-23 15:59:59.524000  RTH vol NT 1256455 vs Massive 525552: MISMATCH
  2026-07-24 off +0.00  1,085,282 ticks (917,494 RTH)  2026-07-23 17:00:00.028000 .. 2026-07-24 15:59:59.896000  RTH vol NT 1169034 vs Massive 494618: MISMATCH
  2026-07-27 off +0.00  1,123,861 ticks (944,317 RTH)  2026-07-26 17:00:00.060000 .. 2026-07-27 15:59:58.336000  RTH vol NT 1181226 vs Massive 498778: MISMATCH
  2026-07-28 off +0.00  1,003,455 ticks (800,844 RTH)  2026-07-27 17:00:00.036000 .. 2026-07-28 15:59:59.960000  RTH vol NT 1055072 vs Massive 484958: MISMATCH
  2026-07-29 off +0.00  1,572,301 ticks (1,309,457 RTH)  2026-07-28 17:00:00.036000 .. 2026-07-29 15:59:59.580000  RTH vol NT 1619546 vs Massive 706419: MISMATCH
  2026-07-30 off +0.00  1,246,106 ticks (957,383 RTH)  2026-07-29 17:00:00.036000 .. 2026-07-30 15:59:59.576000  RTH vol NT 1266906 vs Massive 568716: MISMATCH
  2026-07-31 off +0.00  1,347,994 ticks (1,136,368 RTH)  2026-07-30 17:00:00.016000 .. 2026-07-31 15:59:59.944000  RTH vol NT 1479554 vs Massive 634680: MISMATCH
  2026-08-03 off +0.00  951,221 ticks (754,832 RTH)  2026-08-02 17:00:00.038000 .. 2026-08-03 15:59:59.872000
  2026-08-04 off +0.00  1,108,700 ticks (917,271 RTH)  2026-08-03 17:00:00.008000 .. 2026-08-04 15:59:59  RTH vol NT 1349192 vs Massive 665168: MISMATCH
  2026-08-05 off +0.00  1,069,226 ticks (896,193 RTH)  2026-08-04 17:00:00.020000 .. 2026-08-05 15:59:59.389000  RTH vol NT 1192508 vs Massive 592630: MISMATCH
  2026-08-06 off +0.00  936,129 ticks (795,805 RTH)  2026-08-05 17:00:00.003000 .. 2026-08-06 15:59:59.388000  RTH vol NT 1025697 vs Massive 439062: MISMATCH
  2026-08-07 off +0.00  895,689 ticks (740,454 RTH)  2026-08-06 17:00:00.024000 .. 2026-08-07 15:59:59.844000  RTH vol NT 951632 vs Massive 400313: MISMATCH
  2026-08-10 off +0.00  661,780 ticks (544,519 RTH)  2026-08-09 17:00:00.032000 .. 2026-08-10 15:59:57.444000  RTH vol NT 721267 vs Massive 302802: MISMATCH
  2026-08-11 off +0.00  709,183 ticks (585,422 RTH)  2026-08-10 17:00:00.024000 .. 2026-08-11 15:59:58.376000  RTH vol NT 793320 vs Massive 332698: MISMATCH
  2026-08-12 off +0.00  683,797 ticks (553,958 RTH)  2026-08-11 17:00:00.020000 .. 2026-08-12 15:59:59.388000  RTH vol NT 728891 vs Massive 294658: MISMATCH
  2026-08-13 off +0.00  725,282 ticks (629,134 RTH)  2026-08-12 17:00:00.012000 .. 2026-08-13 15:59:59.692000  RTH vol NT 917095 vs Massive 411474: MISMATCH
  2026-08-14 off +0.00  618,515 ticks (527,880 RTH)  2026-08-13 17:00:00.008000 .. 2026-08-14 15:59:59.952000  RTH vol NT 722577 vs Massive 298739: MISMATCH
  2026-08-17 off +0.00  657,277 ticks (555,122 RTH)  2026-08-16 17:00:00.028000 .. 2026-08-17 15:59:58.256000  RTH vol NT 801656 vs Massive 353221: MISMATCH
  2026-08-18 off +0.00  899,943 ticks (722,163 RTH)  2026-08-17 17:00:00.008000 .. 2026-08-18 15:59:59.484000  RTH vol NT 989279 vs Massive 457345: MISMATCH
  2026-08-19 off +0.00  1,040,532 ticks (823,344 RTH)  2026-08-18 17:00:00.016000 .. 2026-08-19 15:59:58.852000  RTH vol NT 1093844 vs Massive 499313: MISMATCH
  2026-08-20 off +0.00  1,054,492 ticks (853,859 RTH)  2026-08-19 17:00:00.056000 .. 2026-08-20 15:59:59.964000  RTH vol NT 1140452 vs Massive 533438: MISMATCH
  2026-08-21 off +0.00  812,683 ticks (657,509 RTH)  2026-08-20 17:00:00.036000 .. 2026-08-21 15:59:59.840000  RTH vol NT 919719 vs Massive 438367: MISMATCH
  2026-08-24 off +0.00  799,967 ticks (650,657 RTH)  2026-08-23 17:00:00.032000 .. 2026-08-24 15:59:58.548000  RTH vol NT 865159 vs Massive 401558: MISMATCH
  2026-08-25 off +0.00  725,033 ticks (567,220 RTH)  2026-08-24 17:00:00.020000 .. 2026-08-25 15:59:59.900000  RTH vol NT 764514 vs Massive 357543: MISMATCH
  2026-08-26 off +0.00  763,497 ticks (603,599 RTH)  2026-08-25 17:00:00.024000 .. 2026-08-26 15:59:59.752000  RTH vol NT 830765 vs Massive 358186: MISMATCH
  2026-08-27 off +0.00  946,213 ticks (770,143 RTH)  2026-08-26 17:00:00.008000 .. 2026-08-27 15:59:59.828000  RTH vol NT 1059615 vs Massive 508732: MISMATCH
  2026-08-28 off +0.00  1,073,856 ticks (963,222 RTH)  2026-08-27 17:00:00.028000 .. 2026-08-28 15:59:59.860000  RTH vol NT 1309287 vs Massive 653691: MISMATCH
  2026-08-31 off +0.00  827,616 ticks (666,681 RTH)  2026-08-30 17:00:00.032000 .. 2026-08-31 15:59:59.516000  RTH vol NT 965582 vs Massive 431688: MISMATCH
  2026-09-01 off +0.00  1,146,142 ticks (918,930 RTH)  2026-08-31 17:00:00.024000 .. 2026-09-01 15:59:58.164000  RTH vol NT 1260159 vs Massive 537312: MISMATCH
  2026-09-02 off +0.00  939,696 ticks (744,804 RTH)  2026-09-01 17:00:00.008000 .. 2026-09-02 15:59:59.984000  RTH vol NT 1021452 vs Massive 465847: MISMATCH
  2026-09-03 off +0.00  1,013,559 ticks (840,066 RTH)  2026-09-02 17:00:00.032000 .. 2026-09-03 15:59:58.120000  RTH vol NT 1174155 vs Massive 559052: MISMATCH
  2026-09-04 off +0.00  878,454 ticks (712,445 RTH)  2026-09-03 17:00:00.036000 .. 2026-09-04 15:59:59.048000  RTH vol NT 970022 vs Massive 439341: MISMATCH
  2026-09-07 off +0.00  92,494 ticks (32,132 RTH)  2026-09-07 00:00:00.504000 .. 2026-09-07 11:59:59.524000  RTH vol NT 36948 vs Massive 15176: MISMATCH
  2026-09-08 off +0.00  1,018,439 ticks (797,844 RTH)  2026-09-06 17:00:00.024000 .. 2026-09-08 15:59:57.768000  RTH vol NT 1073754 vs Massive 470676: MISMATCH
  2026-09-09 off +0.00  1,019,214 ticks (819,355 RTH)  2026-09-08 17:00:00.020000 .. 2026-09-09 15:59:57.756000  RTH vol NT 1086379 vs Massive 482257: MISMATCH
  2026-09-10 off +0.00  1,170,786 ticks (924,267 RTH)  2026-09-09 17:00:00.016000 .. 2026-09-10 15:59:58.772000  RTH vol NT 1210186 vs Massive 545465: MISMATCH
  2026-09-11 off +0.00  1,092,021 ticks (795,062 RTH)  2026-09-10 17:00:00.024000 .. 2026-09-11 15:59:59.840000  RTH vol NT 1104558 vs Massive 470021: MISMATCH

done: 66 written, 0 skipped, 4 aborted -> C:\Users\Admin\myquant\data\ticks_continuous_eth
  export done: {"done":"2026-09-13 00:09:05","note":"exported 70/70 day(s)"}

BACKFILL COMPLETE. ETH store: data/ticks_continuous_eth/
