[1/21] ESH2: 34,555,471 ticks -> 63 sessions (79s)
[2/21] ESH3: 28,878,913 ticks -> 61 sessions (143s)
[3/21] ESH4: 21,467,970 ticks -> 64 sessions (192s)
[4/21] ESH5: 35,407,678 ticks -> 64 sessions (270s)
[5/21] ESH6: 30,703,021 ticks -> 64 sessions (337s)
[6/21] ESM2: 33,026,631 ticks -> 64 sessions (410s)
[7/21] ESM3: 26,741,961 ticks -> 66 sessions (470s)
[8/21] ESM4: 25,647,084 ticks -> 70 sessions (527s)
[9/21] ESM5: 35,363,364 ticks -> 65 sessions (604s)
[10/21] ESM6: 32,144,889 ticks -> 65 sessions (676s)
[11/21] ESU1: 10,897,020 ticks -> 49 sessions (703s)
[12/21] ESU2: 31,257,359 ticks -> 66 sessions (773s)
[13/21] ESU3: 24,396,659 ticks -> 66 sessions (827s)
[14/21] ESU4: 28,643,207 ticks -> 66 sessions (890s)
[15/21] ESU5: 22,199,290 ticks -> 66 sessions (941s)
[16/21] ESU6: 7,234,725 ticks -> 15 sessions (958s)
[17/21] ESZ1: 17,198,231 ticks -> 55 sessions (999s)
[18/21] ESZ2: 37,745,967 ticks -> 64 sessions (1083s)
[19/21] ESZ3: 28,506,564 ticks -> 66 sessions (1145s)
[20/21] ESZ4: 23,988,145 ticks -> 66 sessions (1199s)
[21/21] ESZ5: 32,262,937 ticks -> 66 sessions (1359s)

DONE 22.7 min  sessions=1274  5m bars=347,264 -> C:\Users\Admin\myquant-regime\data\regime_eth\_eth_5m.parquet
