  ... 300/1317 days, 71s
  ... 600/1317 days, 164s
  ... 900/1317 days, 242s
  ... 1200/1317 days, 325s

============================================================================================
MES ($5/pt, $6.25/c/trade, $200/mo sub) — 1 contract, $4,500 EOD trailing-DD
============================================================================================
mode              n      net$    PF win%  exp$ worstDay  EODmaxDD     take$  survive?
flip            315    +4,651  1.50   49   +15     -192      -898    -7,549  SURVIVES
ignore          308    +3,930  1.40   48   +13     -192      -962    -8,270  SURVIVES
close_reenter   308    +4,309  1.46   48   +14     -192      -900    -7,891  SURVIVES
close_done      306    +4,270  1.46   48   +14     -192      -925    -7,930  SURVIVES
one_per_day     294    +4,184  1.45   48   +14     -142      -958    -8,016  SURVIVES

============================================================================================
ES ($50/pt, $17.5/c/trade, $200/mo sub) — 1 contract, $4,500 EOD trailing-DD
============================================================================================
mode              n      net$    PF win%  exp$ worstDay  EODmaxDD     take$  survive?
flip            315   +60,688  1.70   50  +193   -1,835    -7,272   +48,488  BLOWN 2021-11-19
ignore          308   +53,160  1.59   49  +173   -1,835    -7,272   +40,960  BLOWN 2021-11-19
close_reenter   308   +56,948  1.66   50  +185   -1,835    -7,272   +44,748  BLOWN 2021-11-19
close_done      306   +56,470  1.65   49  +185   -1,835    -7,272   +44,270  BLOWN 2021-11-19
one_per_day     294   +55,068  1.65   49  +187   -1,380    -7,655   +42,868  SURVIVES

csv: C:\Users\Admin\myquant\reports\regime2e\mode_sweep_20260913_232030.csv
