
=== 20260723 render rc=0 ===
  wrote data\options_sim\gameplan_charts\20260723\path_TR.png
  wrote data\options_sim\gameplan_charts\20260723\path_A.png
  wrote data\options_sim\gameplan_charts\20260723\path_B.png
  wrote data\options_sim\gameplan_charts\20260723\path_C.png
  wrote data\options_sim\gameplan_charts\20260723\path_D.png
  wrote data\options_sim\gameplan_charts\20260723\trade_1_sell_0dte_put.png
  wrote data\options_sim\gameplan_charts\20260723\trade_2_sell_0dte_call.png
  wrote data\options_sim\gameplan_charts\20260723\trade_3_fly_gw_0dte.png
  wrote data\options_sim\gameplan_charts\20260723\trade_4_cr0_touch_fade.png
  wrote data\options_sim\gameplan_charts\20260723\trade_5_ps0_touch_fade.png
  wrote data\options_sim\gameplan_charts\20260723\trade_6_straddle_0dte.png
  wrote data\options_sim\gameplan_charts\20260723\trade_7_bps_stmr_1559.png
12 charts -> data\options_sim\gameplan_charts\20260723



=== 20260724 render rc=0 ===
  wrote data\options_sim\gameplan_charts\20260724\path_TR.png
  wrote data\options_sim\gameplan_charts\20260724\path_A.png
  wrote data\options_sim\gameplan_charts\20260724\path_B.png
  wrote data\options_sim\gameplan_charts\20260724\path_C.png
  wrote data\options_sim\gameplan_charts\20260724\path_D.png
  wrote data\options_sim\gameplan_charts\20260724\trade_1_sell_0dte_put.png
  wrote data\options_sim\gameplan_charts\20260724\trade_2_sell_0dte_call.png
  wrote data\options_sim\gameplan_charts\20260724\trade_3_fly_gw_0dte.png
  wrote data\options_sim\gameplan_charts\20260724\trade_4_cr0_touch_fade.png
  wrote data\options_sim\gameplan_charts\20260724\trade_5_ps0_touch_fade.png
  wrote data\options_sim\gameplan_charts\20260724\trade_6_straddle_0dte.png
  wrote data\options_sim\gameplan_charts\20260724\trade_7_bps_stmr_1559.png
12 charts -> data\options_sim\gameplan_charts\20260724



=== 20260727 render rc=0 ===
  wrote data\options_sim\gameplan_charts\20260727\path_TR.png
  wrote data\options_sim\gameplan_charts\20260727\path_A.png
  wrote data\options_sim\gameplan_charts\20260727\path_B.png
  wrote data\options_sim\gameplan_charts\20260727\path_C.png
  wrote data\options_sim\gameplan_charts\20260727\path_D.png
  wrote data\options_sim\gameplan_charts\20260727\trade_1_sell_0dte_put.png
  wrote data\options_sim\gameplan_charts\20260727\trade_2_sell_0dte_call.png
  wrote data\options_sim\gameplan_charts\20260727\trade_3_fly_gw_0dte.png
  wrote data\options_sim\gameplan_charts\20260727\trade_4_cr0_touch_fade.png
  wrote data\options_sim\gameplan_charts\20260727\trade_5_ps0_touch_fade.png
  wrote data\options_sim\gameplan_charts\20260727\trade_6_straddle_0dte.png
  wrote data\options_sim\gameplan_charts\20260727\trade_7_bps_stmr_1559.png
12 charts -> data\options_sim\gameplan_charts\20260727



=== 20260728 render rc=0 ===
  wrote data\options_sim\gameplan_charts\20260728\path_TR.png
  wrote data\options_sim\gameplan_charts\20260728\path_A.png
  wrote data\options_sim\gameplan_charts\20260728\path_B.png
  wrote data\options_sim\gameplan_charts\20260728\path_C.png
  wrote data\options_sim\gameplan_charts\20260728\path_D.png
  wrote data\options_sim\gameplan_charts\20260728\trade_1_sell_0dte_put.png
  wrote data\options_sim\gameplan_charts\20260728\trade_2_sell_0dte_call.png
  wrote data\options_sim\gameplan_charts\20260728\trade_3_fly_gw_0dte.png
  wrote data\options_sim\gameplan_charts\20260728\trade_4_cr0_touch_fade.png
  wrote data\options_sim\gameplan_charts\20260728\trade_5_ps0_touch_fade.png
  wrote data\options_sim\gameplan_charts\20260728\trade_6_straddle_0dte.png
  wrote data\options_sim\gameplan_charts\20260728\trade_7_bps_stmr_1559.png
12 charts -> data\options_sim\gameplan_charts\20260728



=== 20260729 render rc=0 ===
  wrote data\options_sim\gameplan_charts\20260729\path_TR.png
  wrote data\options_sim\gameplan_charts\20260729\path_A.png
  wrote data\options_sim\gameplan_charts\20260729\path_B.png
  wrote data\options_sim\gameplan_charts\20260729\path_C.png
  wrote data\options_sim\gameplan_charts\20260729\path_D.png
  wrote data\options_sim\gameplan_charts\20260729\trade_1_sell_0dte_put.png
  wrote data\options_sim\gameplan_charts\20260729\trade_2_sell_0dte_call.png
  wrote data\options_sim\gameplan_charts\20260729\trade_3_fly_gw_0dte.png
  wrote data\options_sim\gameplan_charts\20260729\trade_4_cr0_touch_fade.png
  wrote data\options_sim\gameplan_charts\20260729\trade_5_ps0_touch_fade.png
  wrote data\options_sim\gameplan_charts\20260729\trade_6_straddle_0dte.png
  wrote data\options_sim\gameplan_charts\20260729\trade_7_bps_stmr_1559.png
12 charts -> data\options_sim\gameplan_charts\20260729



=== 20260730 render rc=0 ===
  wrote data\options_sim\gameplan_charts\20260730\path_TR.png
  wrote data\options_sim\gameplan_charts\20260730\path_A.png
  wrote data\options_sim\gameplan_charts\20260730\path_B.png
  wrote data\options_sim\gameplan_charts\20260730\path_C.png
  wrote data\options_sim\gameplan_charts\20260730\path_D.png
  wrote data\options_sim\gameplan_charts\20260730\trade_1_sell_0dte_put.png
  wrote data\options_sim\gameplan_charts\20260730\trade_2_sell_0dte_call.png
  wrote data\options_sim\gameplan_charts\20260730\trade_3_fly_gw_0dte.png
  wrote data\options_sim\gameplan_charts\20260730\trade_4_cr0_touch_fade.png
  wrote data\options_sim\gameplan_charts\20260730\trade_5_ps0_touch_fade.png
  wrote data\options_sim\gameplan_charts\20260730\trade_6_straddle_0dte.png
  wrote data\options_sim\gameplan_charts\20260730\trade_7_bps_stmr_1559.png
12 charts -> data\options_sim\gameplan_charts\20260730



=== 20260731 render rc=0 ===
  wrote data\options_sim\gameplan_charts\20260731\path_TR.png
  wrote data\options_sim\gameplan_charts\20260731\path_A.png
  wrote data\options_sim\gameplan_charts\20260731\path_B.png
  wrote data\options_sim\gameplan_charts\20260731\path_C.png
  wrote data\options_sim\gameplan_charts\20260731\path_D.png
  wrote data\options_sim\gameplan_charts\20260731\trade_1_sell_0dte_put.png
  wrote data\options_sim\gameplan_charts\20260731\trade_2_sell_0dte_call.png
  wrote data\options_sim\gameplan_charts\20260731\trade_3_fly_gw_0dte.png
  wrote data\options_sim\gameplan_charts\20260731\trade_4_cr0_touch_fade.png
  wrote data\options_sim\gameplan_charts\20260731\trade_5_ps0_touch_fade.png
  wrote data\options_sim\gameplan_charts\20260731\trade_6_straddle_0dte.png
  wrote data\options_sim\gameplan_charts\20260731\trade_7_bps_stmr_1559.png
12 charts -> data\options_sim\gameplan_charts\20260731



=== 20260803 render rc=0 ===
  wrote data\options_sim\gameplan_charts\20260803\path_TR.png
  wrote data\options_sim\gameplan_charts\20260803\path_A.png
  wrote data\options_sim\gameplan_charts\20260803\path_B.png
  wrote data\options_sim\gameplan_charts\20260803\path_D.png
  wrote data\options_sim\gameplan_charts\20260803\trade_1_sell_0dte_put.png
  wrote data\options_sim\gameplan_charts\20260803\trade_2_sell_0dte_call.png
  wrote data\options_sim\gameplan_charts\20260803\trade_3_fly_gw_0dte.png
  wrote data\options_sim\gameplan_charts\20260803\trade_4_cr0_touch_fade.png
  wrote data\options_sim\gameplan_charts\20260803\trade_5_ps0_touch_fade.png
  wrote data\options_sim\gameplan_charts\20260803\trade_6_straddle_0dte.png
  wrote data\options_sim\gameplan_charts\20260803\trade_7_bps_stmr_1559.png
11 charts -> data\options_sim\gameplan_charts\20260803


