Error 202, reqId 9: Order Canceled - reason:
Error 202, reqId 11: Order Canceled - reason:
Error 10090, reqId 13: Part of requested market data is not subscribed. Subscription-independent ticks are still active.Delayed market data is available.SPX S&P 500 Stock Index/TOP/ALL, contract: Option(conId=907879109, symbol='SPX', lastTradeDateOrContractMonth='20260908', strike=7620.0, right='P', multiplier='100', exchange='SMART', currency='USD', localSymbol='SPXW  260908P07620000', tradingClass='SPXW')
Error 10090, reqId 15: Part of requested market data is not subscribed. Subscription-independent ticks are still active.Delayed market data is available.SPX S&P 500 Stock Index/TOP/ALL, contract: Option(conId=911704943, symbol='SPX', lastTradeDateOrContractMonth='20260908', strike=7645.0, right='P', multiplier='100', exchange='SMART', currency='USD', localSymbol='SPXW  260908P07645000', tradingClass='SPXW')
Error 10090, reqId 22: Part of requested market data is not subscribed. Subscription-independent ticks are still active.Delayed market data is available.SPX S&P 500 Stock Index/TOP/ALL, contract: Option(conId=909508738, symbol='SPX', lastTradeDateOrContractMonth='20260908', strike=7820.0, right='C', multiplier='100', exchange='SMART', currency='USD', localSymbol='SPXW  260908C07820000', tradingClass='SPXW')
Error 10090, reqId 24: Part of requested market data is not subscribed. Subscription-independent ticks are still active.Delayed market data is available.SPX S&P 500 Stock Index/TOP/ALL, contract: Option(conId=911704683, symbol='SPX', lastTradeDateOrContractMonth='20260908', strike=7795.0, right='C', multiplier='100', exchange='SMART', currency='USD', localSymbol='SPXW  260908C07795000', tradingClass='SPXW')
Error 202, reqId 38: Order Canceled - reason:
Error 202, reqId 40: Order Canceled - reason:
Error 10090, reqId 42: Part of requested market data is not subscribed. Subscription-independent ticks are still active.Delayed market data is available.SPX S&P 500 Stock Index/TOP/ALL, contract: Option(conId=911704601, symbol='SPX', lastTradeDateOrContractMonth='20260908', strike=7745.0, right='C', multiplier='100', exchange='SMART', currency='USD', localSymbol='SPXW  260908C07745000', tradingClass='SPXW')
Error 10090, reqId 44: Part of requested market data is not subscribed. Subscription-independent ticks are still active.Delayed market data is available.SPX S&P 500 Stock Index/TOP/ALL, contract: Option(conId=908261101, symbol='SPX', lastTradeDateOrContractMonth='20260908', strike=7720.0, right='C', multiplier='100', exchange='SMART', currency='USD', localSymbol='SPXW  260908C07720000', tradingClass='SPXW')
Error 202, reqId 53: Order Canceled - reason:
Error 10090, reqId 60: Part of requested market data is not subscribed. Subscription-independent ticks are still active.Delayed market data is available.SPX S&P 500 Stock Index/TOP/ALL, contract: Option(conId=908261128, symbol='SPX', lastTradeDateOrContractMonth='20260908', strike=7810.0, right='C', multiplier='100', exchange='SMART', currency='USD', localSymbol='SPXW  260908C07810000', tradingClass='SPXW')
Error 10090, reqId 62: Part of requested market data is not subscribed. Subscription-independent ticks are still active.Delayed market data is available.SPX S&P 500 Stock Index/TOP/ALL, contract: Option(conId=911704663, symbol='SPX', lastTradeDateOrContractMonth='20260908', strike=7785.0, right='C', multiplier='100', exchange='SMART', currency='USD', localSymbol='SPXW  260908C07785000', tradingClass='SPXW')
Error 202, reqId 69: Order Canceled - reason:
Error 202, reqId 78: Order Canceled - reason:
Error 202, reqId 80: Order Canceled - reason:
Error 10090, reqId 82: Part of requested market data is not subscribed. Subscription-independent ticks are still active.Delayed market data is available.SPX S&P 500 Stock Index/TOP/ALL, contract: Option(conId=908261107, symbol='SPX', lastTradeDateOrContractMonth='20260908', strike=7730.0, right='C', multiplier='100', exchange='SMART', currency='USD', localSymbol='SPXW  260908C07730000', tradingClass='SPXW')
Error 10090, reqId 84: Part of requested market data is not subscribed. Subscription-independent ticks are still active.Delayed market data is available.SPX S&P 500 Stock Index/TOP/ALL, contract: Option(conId=911704549, symbol='SPX', lastTradeDateOrContractMonth='20260908', strike=7705.0, right='C', multiplier='100', exchange='SMART', currency='USD', localSymbol='SPXW  260908C07705000', tradingClass='SPXW')
Error 202, reqId 93: Order Canceled - reason:
Error 202, reqId 95: Order Canceled - reason:
Error 10090, reqId 97: Part of requested market data is not subscribed. Subscription-independent ticks are still active.Delayed market data is available.SPX S&P 500 Stock Index/TOP/ALL, contract: Option(conId=907136141, symbol='SPX', lastTradeDateOrContractMonth='20260908', strike=7650.0, right='P', multiplier='100', exchange='SMART', currency='USD', localSymbol='SPXW  260908P07650000', tradingClass='SPXW')
Error 10090, reqId 99: Part of requested market data is not subscribed. Subscription-independent ticks are still active.Delayed market data is available.SPX S&P 500 Stock Index/TOP/ALL, contract: Option(conId=907136170, symbol='SPX', lastTradeDateOrContractMonth='20260908', strike=7675.0, right='P', multiplier='100', exchange='SMART', currency='USD', localSymbol='SPXW  260908P07675000', tradingClass='SPXW')
Error 202, reqId 112: Order Canceled - reason:
Error 202, reqId 124: Order Canceled - reason:
Error 202, reqId 122: Order Canceled - reason:
Error 10090, reqId 128: Part of requested market data is not subscribed. Subscription-independent ticks are still active.Delayed market data is available.SPX S&P 500 Stock Index/TOP/ALL, contract: Option(conId=907879109, symbol='SPX', lastTradeDateOrContractMonth='20260908', strike=7620.0, right='P', multiplier='100', exchange='SMART', currency='USD', localSymbol='SPXW  260908P07620000', tradingClass='SPXW')
Error 201, reqId 132: Order rejected - reason:Order is already expired.
Error 10148, reqId 132: OrderId 132 that needs to be cancelled cannot be cancelled, state: Cancelled.
Error 201, reqId 134: Order rejected - reason:Order is already expired.
Error 10148, reqId 134: OrderId 134 that needs to be cancelled cannot be cancelled, state: Cancelled.
Error 10090, reqId 136: Part of requested market data is not subscribed. Subscription-independent ticks are still active.Delayed market data is available.SPX S&P 500 Stock Index/TOP/ALL, contract: Option(conId=908261101, symbol='SPX', lastTradeDateOrContractMonth='20260908', strike=7720.0, right='C', multiplier='100', exchange='SMART', currency='USD', localSymbol='SPXW  260908C07720000', tradingClass='SPXW')
Error 10090, reqId 138: Part of requested market data is not subscribed. Subscription-independent ticks are still active.Delayed market data is available.SPX S&P 500 Stock Index/TOP/ALL, contract: Option(conId=911704601, symbol='SPX', lastTradeDateOrContractMonth='20260908', strike=7745.0, right='C', multiplier='100', exchange='SMART', currency='USD', localSymbol='SPXW  260908C07745000', tradingClass='SPXW')
Error 201, reqId 142: Order rejected - reason:Order is already expired.
Error 10148, reqId 142: OrderId 142 that needs to be cancelled cannot be cancelled, state: Cancelled.
Error 201, reqId 144: Order rejected - reason:Order is already expired.
Error 10147, reqId 144: OrderId 144 that needs to be cancelled is not found.
Error 10090, reqId 146: Part of requested market data is not subscribed. Subscription-independent ticks are still active.Delayed market data is available.SPX S&P 500 Stock Index/TOP/ALL, contract: Option(conId=907879119, symbol='SPX', lastTradeDateOrContractMonth='20260908', strike=7630.0, right='P', multiplier='100', exchange='SMART', currency='USD', localSymbol='SPXW  260908P07630000', tradingClass='SPXW')
Error 10090, reqId 148: Part of requested market data is not subscribed. Subscription-independent ticks are still active.Delayed market data is available.SPX S&P 500 Stock Index/TOP/ALL
Error 201, reqId 152: Order rejected - reason:Order is already expired.
Error 10148, reqId 152: OrderId 152 that needs to be cancelled cannot be cancelled, state: Cancelled.
Error 201, reqId 154: Order rejected - reason:Order is already expired.
Error 10148, reqId 154: OrderId 154 that needs to be cancelled cannot be cancelled, state: Cancelled.
Error 10090, reqId 156: Part of requested market data is not subscribed. Subscription-independent ticks are still active.Delayed market data is available.SPX S&P 500 Stock Index/TOP/ALL, contract: Option(conId=911704549, symbol='SPX', lastTradeDateOrContractMonth='20260908', strike=7705.0, right='C', multiplier='100', exchange='SMART', currency='USD', localSymbol='SPXW  260908C07705000', tradingClass='SPXW')
Error 10090, reqId 158: Part of requested market data is not subscribed. Subscription-independent ticks are still active.Delayed market data is available.SPX S&P 500 Stock Index/TOP/ALL, contract: Option(conId=908261107, symbol='SPX', lastTradeDateOrContractMonth='20260908', strike=7730.0, right='C', multiplier='100', exchange='SMART', currency='USD', localSymbol='SPXW  260908C07730000', tradingClass='SPXW')
Error 201, reqId 162: Order rejected - reason:Order is already expired.
Error 10148, reqId 162: OrderId 162 that needs to be cancelled cannot be cancelled, state: Cancelled.
Error 201, reqId 164: Order rejected - reason:Order is already expired.
Error 10148, reqId 164: OrderId 164 that needs to be cancelled cannot be cancelled, state: Cancelled.
Error 10090, reqId 166: Part of requested market data is not subscribed. Subscription-independent ticks are still active.Delayed market data is available.SPX S&P 500 Stock Index/TOP/ALL, contract: Option(conId=907136170, symbol='SPX', lastTradeDateOrContractMonth='20260908', strike=7675.0, right='P', multiplier='100', exchange='SMART', currency='USD', localSymbol='SPXW  260908P07675000', tradingClass='SPXW')
Error 10090, reqId 168: Part of requested market data is not subscribed. Subscription-independent ticks are still active.Delayed market data is available.SPX S&P 500 Stock Index/TOP/ALL, contract: Option(conId=907136141, symbol='SPX', lastTradeDateOrContractMonth='20260908', strike=7650.0, right='P', multiplier='100', exchange='SMART', currency='USD', localSymbol='SPXW  260908P07650000', tradingClass='SPXW')
Error 201, reqId 172: Order rejected - reason:Order is already expired.
Error 10148, reqId 172: OrderId 172 that needs to be cancelled cannot be cancelled, state: Cancelled.
Error 201, reqId 174: Order rejected - reason:Order is already expired.
Error 10148, reqId 174: OrderId 174 that needs to be cancelled cannot be cancelled, state: Cancelled.
Error 10090, reqId 176: Part of requested market data is not subscribed. Subscription-independent ticks are still active.Delayed market data is available.SPX S&P 500 Stock Index/TOP/ALL, contract: Option(conId=907878826, symbol='SPX', lastTradeDateOrContractMonth='20260908', strike=7750.0, right='C', multiplier='100', exchange='SMART', currency='USD', localSymbol='SPXW  260908C07750000', tradingClass='SPXW')
Error 10090, reqId 178: Part of requested market data is not subscribed. Subscription-independent ticks are still active.Delayed market data is available.SPX S&P 500 Stock Index/TOP/ALL, contract: Option(conId=907878833, symbol='SPX', lastTradeDateOrContractMonth='20260908', strike=7775.0, right='C', multiplier='100', exchange='SMART', currency='USD', localSymbol='SPXW  260908C07775000', tradingClass='SPXW')
