IB connected 127.0.0.1:4002 (PAPER)  accounts=['DUQ159823']  serverVersion=178
trigger daemon [LIVE (auto-execute)] 20260805: 10 triggers, watching until 15:00 CT
  OPEN captured: 7779.40 @ 09:26:24 CT
Error 10090, reqId 4: Part of requested market data is not subscribed. Subscription-independent ticks are still active.Delayed market data is available.SPX S&P 500 Stock Index/TOP/ALL, contract: Option(conId=899953395, symbol='SPX', lastTradeDateOrContractMonth='20260805', strike=7630.0, right='P', multiplier='100', exchange='SMART', currency='USD', localSymbol='SPXW  260805P07630000', tradingClass='SPXW')
Error 10090, reqId 6: Part of requested market data is not subscribed. Subscription-independent ticks are still active.Delayed market data is available.SPX S&P 500 Stock Index/TOP/ALL, contract: Option(conId=907120693, symbol='SPX', lastTradeDateOrContractMonth='20260805', strike=7655.0, right='P', multiplier='100', exchange='SMART', currency='USD', localSymbol='SPXW  260805P07655000', tradingClass='SPXW')
  BUY 1 @ lim 0.50 -> orderId 7
  status=Filled filled=1.0 avgPrice=0.45
  SELL 1 @ lim 0.65 -> orderId 8
  status=Filled filled=1.0 avgPrice=0.65
  FIRED eodic_p -> auto_20260805_092640: vertical 25pt net credit 0.20 grade C
Error 10090, reqId 10: Part of requested market data is not subscribed. Subscription-independent ticks are still active.Delayed market data is available.SPX S&P 500 Stock Index/TOP/ALL, contract: Option(conId=907860174, symbol='SPX', lastTradeDateOrContractMonth='20260805', strike=7840.0, right='C', multiplier='100', exchange='SMART', currency='USD', localSymbol='SPXW  260805C07840000', tradingClass='SPXW')
Error 10090, reqId 12: Part of requested market data is not subscribed. Subscription-independent ticks are still active.Delayed market data is available.SPX S&P 500 Stock Index/TOP/ALL, contract: Option(conId=907860068, symbol='SPX', lastTradeDateOrContractMonth='20260805', strike=7815.0, right='C', multiplier='100', exchange='SMART', currency='USD', localSymbol='SPXW  260805C07815000', tradingClass='SPXW')
  BUY 1 @ lim 2.35 -> orderId 13
  status=Filled filled=1.0 avgPrice=2.3
  SELL 1 @ lim 5.60 -> orderId 14
  status=Submitted filled=0.0 avgPrice=0.0
  ! eodic_c fire FAILED after gates passed: leg SELL 7815C did not fill
Error 10090, reqId 16: Part of requested market data is not subscribed. Subscription-independent ticks are still active.Delayed market data is available.SPX S&P 500 Stock Index/TOP/ALL, contract: Option(conId=900713896, symbol='SPX', lastTradeDateOrContractMonth='20260805', strike=7710.0, right='P', multiplier='100', exchange='SMART', currency='USD', localSymbol='SPXW  260805P07710000', tradingClass='SPXW')
Error 10090, reqId 18: Part of requested market data is not subscribed. Subscription-independent ticks are still active.Delayed market data is available.SPX S&P 500 Stock Index/TOP/ALL, contract: Option(conId=907860390, symbol='SPX', lastTradeDateOrContractMonth='20260805', strike=7735.0, right='P', multiplier='100', exchange='SMART', currency='USD', localSymbol='SPXW  260805P07735000', tradingClass='SPXW')
Error 202, reqId 14: Order Canceled - reason:
  BUY 1 @ lim 2.55 -> orderId 19
  status=Filled filled=1.0 avgPrice=2.5
  SELL 1 @ lim 5.10 -> orderId 20
  status=Filled filled=1.0 avgPrice=5.1
  FIRED eodfly_p -> auto_20260805_092813: vertical 25pt net credit 2.60 grade C
Error 10090, reqId 22: Part of requested market data is not subscribed. Subscription-independent ticks are still active.Delayed market data is available.SPX S&P 500 Stock Index/TOP/ALL, contract: Option(conId=907464437, symbol='SPX', lastTradeDateOrContractMonth='20260805', strike=7760.0, right='C', multiplier='100', exchange='SMART', currency='USD', localSymbol='SPXW  260805C07760000', tradingClass='SPXW')
Error 10090, reqId 24: Part of requested market data is not subscribed. Subscription-independent ticks are still active.Delayed market data is available.SPX S&P 500 Stock Index/TOP/ALL, contract: Option(conId=907859799, symbol='SPX', lastTradeDateOrContractMonth='20260805', strike=7735.0, right='C', multiplier='100', exchange='SMART', currency='USD', localSymbol='SPXW  260805C07735000', tradingClass='SPXW')
  BUY 1 @ lim 28.70 -> orderId 25
  status=Filled filled=1.0 avgPrice=28.7
  SELL 1 @ lim 48.20 -> orderId 26
  status=Submitted filled=0.0 avgPrice=0.0
Error 202, reqId 26: Order Canceled - reason:
  ! eodfly_c fire FAILED after gates passed: leg SELL 7735C did not fill
Error 10090, reqId 28: Part of requested market data is not subscribed. Subscription-independent ticks are still active.Delayed market data is available.SPX S&P 500 Stock Index/TOP/ALL, contract: Option(conId=898066872, symbol='SPX', lastTradeDateOrContractMonth='20260805', strike=7675.0, right='P', multiplier='100', exchange='SMART', currency='USD', localSymbol='SPXW  260805P07675000', tradingClass='SPXW')
Error 10090, reqId 30: Part of requested market data is not subscribed. Subscription-independent ticks are still active.Delayed market data is available.SPX S&P 500 Stock Index/TOP/ALL, contract: Option(conId=896808361, symbol='SPX', lastTradeDateOrContractMonth='20260805', strike=7700.0, right='P', multiplier='100', exchange='SMART', currency='USD', localSymbol='SPXW  260805P07700000', tradingClass='SPXW')
  BUY 1 @ lim 1.15 -> orderId 31
  status=Filled filled=1.0 avgPrice=1.15
  SELL 1 @ lim 1.95 -> orderId 32
  status=Filled filled=1.0 avgPrice=1.95
  FIRED openic_p -> auto_20260805_092930: vertical 25pt net credit 0.80 grade C
Error 10090, reqId 34: Part of requested market data is not subscribed. Subscription-independent ticks are still active.Delayed market data is available.SPX S&P 500 Stock Index/TOP/ALL, contract: Option(conId=908248503, symbol='SPX', lastTradeDateOrContractMonth='20260805', strike=7885.0, right='C', multiplier='100', exchange='SMART', currency='USD', localSymbol='SPXW  260805C07885000', tradingClass='SPXW')
Error 10090, reqId 36: Part of requested market data is not subscribed. Subscription-independent ticks are still active.Delayed market data is available.SPX S&P 500 Stock Index/TOP/ALL, contract: Option(conId=907860204, symbol='SPX', lastTradeDateOrContractMonth='20260805', strike=7860.0, right='C', multiplier='100', exchange='SMART', currency='USD', localSymbol='SPXW  260805C07860000', tradingClass='SPXW')
  BUY 1 @ lim 0.55 -> orderId 37
  status=Filled filled=1.0 avgPrice=0.55
  SELL 1 @ lim 0.85 -> orderId 38
  status=Filled filled=1.0 avgPrice=0.85
  FIRED openic_c -> auto_20260805_092945: vertical 25pt net credit 0.30 grade C
Error 10090, reqId 40: Part of requested market data is not subscribed. Subscription-independent ticks are still active.Delayed market data is available.SPX S&P 500 Stock Index/TOP/ALL, contract: Option(conId=907860455, symbol='SPX', lastTradeDateOrContractMonth='20260805', strike=7755.0, right='P', multiplier='100', exchange='SMART', currency='USD', localSymbol='SPXW  260805P07755000', tradingClass='SPXW')
Error 10090, reqId 42: Part of requested market data is not subscribed. Subscription-independent ticks are still active.Delayed market data is available.SPX S&P 500 Stock Index/TOP/ALL, contract: Option(conId=907464486, symbol='SPX', lastTradeDateOrContractMonth='20260805', strike=7780.0, right='P', multiplier='100', exchange='SMART', currency='USD', localSymbol='SPXW  260805P07780000', tradingClass='SPXW')
  BUY 1 @ lim 10.70 -> orderId 43
  status=Submitted filled=0.0 avgPrice=0.0
Error 202, reqId 43: Order Canceled - reason:
  ! openfly_p fire FAILED after gates passed: leg BUY 7755P did not fill
Error 10090, reqId 45: Part of requested market data is not subscribed. Subscription-independent ticks are still active.Delayed market data is available.SPX S&P 500 Stock Index/TOP/ALL, contract: Option(conId=907860015, symbol='SPX', lastTradeDateOrContractMonth='20260805', strike=7805.0, right='C', multiplier='100', exchange='SMART', currency='USD', localSymbol='SPXW  260805C07805000', tradingClass='SPXW')
Error 10090, reqId 47: Part of requested market data is not subscribed. Subscription-independent ticks are still active.Delayed market data is available.SPX S&P 500 Stock Index/TOP/ALL, contract: Option(conId=907464449, symbol='SPX', lastTradeDateOrContractMonth='20260805', strike=7780.0, right='C', multiplier='100', exchange='SMART', currency='USD', localSymbol='SPXW  260805C07780000', tradingClass='SPXW')
  BUY 1 @ lim 4.90 -> orderId 48
  status=Filled filled=1.0 avgPrice=4.9
  SELL 1 @ lim 13.00 -> orderId 49
  status=Submitted filled=0.0 avgPrice=0.0
Error 202, reqId 49: Order Canceled - reason:
  ! openfly_c fire FAILED after gates passed: leg SELL 7780C did not fill
Error 10090, reqId 51: Part of requested market data is not subscribed. Subscription-independent ticks are still active.Delayed market data is available.SPX S&P 500 Stock Index/TOP/ALL, contract: Option(conId=898066837, symbol='SPX', lastTradeDateOrContractMonth='20260805', strike=7540.0, right='P', multiplier='100', exchange='SMART', currency='USD', localSymbol='SPXW  260805P07540000', tradingClass='SPXW')
Error 10090, reqId 53: Part of requested market data is not subscribed. Subscription-independent ticks are still active.Delayed market data is available.SPX S&P 500 Stock Index/TOP/ALL, contract: Option(conId=902387302, symbol='SPX', lastTradeDateOrContractMonth='20260805', strike=7565.0, right='P', multiplier='100', exchange='SMART', currency='USD', localSymbol='SPXW  260805P07565000', tradingClass='SPXW')
  STAND DOWN gx_bps [broken]: zero/negative credit (0.00) — wall already blown through (est net 0.00) — no order placed
Error 10090, reqId 55: Part of requested market data is not subscribed. Subscription-independent ticks are still active.Delayed market data is available.SPX S&P 500 Stock Index/TOP/ALL, contract: Option(conId=898066331, symbol='SPX', lastTradeDateOrContractMonth='20260805', strike=7775.0, right='C', multiplier='100', exchange='SMART', currency='USD', localSymbol='SPXW  260805C07775000', tradingClass='SPXW')
Error 10090, reqId 57: Part of requested market data is not subscribed. Subscription-independent ticks are still active.Delayed market data is available.SPX S&P 500 Stock Index/TOP/ALL, contract: Option(conId=898066309, symbol='SPX', lastTradeDateOrContractMonth='20260805', strike=7750.0, right='C', multiplier='100', exchange='SMART', currency='USD', localSymbol='SPXW  260805C07750000', tradingClass='SPXW')
  BUY 1 @ lim 14.40 -> orderId 58
  status=Filled filled=1.0 avgPrice=14.2
  SELL 1 @ lim 28.70 -> orderId 59
Error 202, reqId 59: Order Canceled - reason:We cannot accept an order at a limit price at or more aggressive than 28.8. Please submit your order using a <br>limit price that is closer to the current market price of 29.8. or convert your order to an algorithmic Order <br>(IBALGO)
  status=Cancelled filled=0.0 avgPrice=0.0
Error 10148, reqId 59: OrderId 59 that needs to be cancelled cannot be cancelled, state: Cancelled.
  ! gx_bcs fire FAILED after gates passed: leg SELL 7750C did not fill
Error 10090, reqId 61: Part of requested market data is not subscribed. Subscription-independent ticks are still active.Delayed market data is available.SPX S&P 500 Stock Index/TOP/ALL, contract: Option(conId=907860455, symbol='SPX', lastTradeDateOrContractMonth='20260805', strike=7755.0, right='P', multiplier='100', exchange='SMART', currency='USD', localSymbol='SPXW  260805P07755000', tradingClass='SPXW')
Error 10090, reqId 63: Part of requested market data is not subscribed. Subscription-independent ticks are still active.Delayed market data is available.SPX S&P 500 Stock Index/TOP/ALL, contract: Option(conId=907464486, symbol='SPX', lastTradeDateOrContractMonth='20260805', strike=7780.0, right='P', multiplier='100', exchange='SMART', currency='USD', localSymbol='SPXW  260805P07780000', tradingClass='SPXW')
  BUY 1 @ lim 11.80 -> orderId 64
  status=Filled filled=1.0 avgPrice=11.4
  SELL 1 @ lim 22.90 -> orderId 65
  status=Submitted filled=0.0 avgPrice=0.0
Error 202, reqId 65: Order Canceled - reason:
  ! openfly_p fire FAILED after gates passed: leg SELL 7780P did not fill
Error 10090, reqId 67: Part of requested market data is not subscribed. Subscription-independent ticks are still active.Delayed market data is available.SPX S&P 500 Stock Index/TOP/ALL, contract: Option(conId=907860015, symbol='SPX', lastTradeDateOrContractMonth='20260805', strike=7805.0, right='C', multiplier='100', exchange='SMART', currency='USD', localSymbol='SPXW  260805C07805000', tradingClass='SPXW')
Error 10090, reqId 69: Part of requested market data is not subscribed. Subscription-independent ticks are still active.Delayed market data is available.SPX S&P 500 Stock Index/TOP/ALL, contract: Option(conId=907464449, symbol='SPX', lastTradeDateOrContractMonth='20260805', strike=7780.0, right='C', multiplier='100', exchange='SMART', currency='USD', localSymbol='SPXW  260805C07780000', tradingClass='SPXW')
  BUY 1 @ lim 5.80 -> orderId 70
  status=Filled filled=1.0 avgPrice=5.7
  SELL 1 @ lim 13.60 -> orderId 71
  status=Filled filled=1.0 avgPrice=13.9
  FIRED openfly_c -> auto_20260805_093432: vertical 25pt net credit 8.20 grade C
Error 10090, reqId 73: Part of requested market data is not subscribed. Subscription-independent ticks are still active.Delayed market data is available.SPX S&P 500 Stock Index/TOP/ALL, contract: Option(conId=898066331, symbol='SPX', lastTradeDateOrContractMonth='20260805', strike=7775.0, right='C', multiplier='100', exchange='SMART', currency='USD', localSymbol='SPXW  260805C07775000', tradingClass='SPXW')
Error 10090, reqId 75: Part of requested market data is not subscribed. Subscription-independent ticks are still active.Delayed market data is available.SPX S&P 500 Stock Index/TOP/ALL, contract: Option(conId=898066309, symbol='SPX', lastTradeDateOrContractMonth='20260805', strike=7750.0, right='C', multiplier='100', exchange='SMART', currency='USD', localSymbol='SPXW  260805C07750000', tradingClass='SPXW')
  BUY 1 @ lim 16.20 -> orderId 76
  status=Filled filled=1.0 avgPrice=15.9
  SELL 1 @ lim 30.90 -> orderId 77
  status=Filled filled=1.0 avgPrice=30.9
  FIRED gx_bcs -> auto_20260805_093447: vertical 25pt net credit 15.00 grade C
Error 10090, reqId 79: Part of requested market data is not subscribed. Subscription-independent ticks are still active.Delayed market data is available.SPX S&P 500 Stock Index/TOP/ALL, contract: Option(conId=907860455, symbol='SPX', lastTradeDateOrContractMonth='20260805', strike=7755.0, right='P', multiplier='100', exchange='SMART', currency='USD', localSymbol='SPXW  260805P07755000', tradingClass='SPXW')
Error 10090, reqId 81: Part of requested market data is not subscribed. Subscription-independent ticks are still active.Delayed market data is available.SPX S&P 500 Stock Index/TOP/ALL, contract: Option(conId=907464486, symbol='SPX', lastTradeDateOrContractMonth='20260805', strike=7780.0, right='P', multiplier='100', exchange='SMART', currency='USD', localSymbol='SPXW  260805P07780000', tradingClass='SPXW')
  BUY 1 @ lim 12.20 -> orderId 82
  status=Filled filled=1.0 avgPrice=12.2
  SELL 1 @ lim 23.20 -> orderId 83
  status=Filled filled=1.0 avgPrice=23.3
  FIRED openfly_p -> auto_20260805_093505: vertical 25pt net credit 11.10 grade C
Error 10090, reqId 85: Part of requested market data is not subscribed. Subscription-independent ticks are still active.Delayed market data is available.SPX S&P 500 Stock Index/TOP/ALL, contract: Option(conId=898066309, symbol='SPX', lastTradeDateOrContractMonth='20260805', strike=7750.0, right='C', multiplier='100', exchange='SMART', currency='USD', localSymbol='SPXW  260805C07750000', tradingClass='SPXW')
Error 10090, reqId 87: Part of requested market data is not subscribed. Subscription-independent ticks are still active.Delayed market data is available.SPX S&P 500 Stock Index/TOP/ALL, contract: Option(conId=898066331, symbol='SPX', lastTradeDateOrContractMonth='20260805', strike=7775.0, right='C', multiplier='100', exchange='SMART', currency='USD', localSymbol='SPXW  260805C07775000', tradingClass='SPXW')
  BUY 1 @ lim 26.20 -> orderId 88
  status=Filled filled=1.0 avgPrice=26.0
  SELL 1 @ lim 12.00 -> orderId 89
  status=Filled filled=1.0 avgPrice=12.1
  CLOSED auto_20260805_093447 cost 13.90 P&L $109 — level ACCEPTED: spot 7764 held above the 7750 short strike for 10min (>10) — the wall we sold did not hold
Error 10090, reqId 91: Part of requested market data is not subscribed. Subscription-independent ticks are still active.Delayed market data is available.SPX S&P 500 Stock Index/TOP/ALL, contract: Option(conId=907464486, symbol='SPX', lastTradeDateOrContractMonth='20260805', strike=7780.0, right='P', multiplier='100', exchange='SMART', currency='USD', localSymbol='SPXW  260805P07780000', tradingClass='SPXW')
Error 10090, reqId 93: Part of requested market data is not subscribed. Subscription-independent ticks are still active.Delayed market data is available.SPX S&P 500 Stock Index/TOP/ALL, contract: Option(conId=907860455, symbol='SPX', lastTradeDateOrContractMonth='20260805', strike=7755.0, right='P', multiplier='100', exchange='SMART', currency='USD', localSymbol='SPXW  260805P07755000', tradingClass='SPXW')
  BUY 1 @ lim 24.60 -> orderId 94
  status=Filled filled=1.0 avgPrice=24.1
  SELL 1 @ lim 11.70 -> orderId 95
  status=Filled filled=1.0 avgPrice=11.7
  CLOSED auto_20260805_093505 cost 12.40 P&L $-131 — level ACCEPTED: spot 7765 held below the 7780 short strike for 10min (>10) — the wall we sold did not hold
Error 10090, reqId 97: Part of requested market data is not subscribed. Subscription-independent ticks are still active.Delayed market data is available.SPX S&P 500 Stock Index/TOP/ALL, contract: Option(conId=907860390, symbol='SPX', lastTradeDateOrContractMonth='20260805', strike=7735.0, right='P', multiplier='100', exchange='SMART', currency='USD', localSymbol='SPXW  260805P07735000', tradingClass='SPXW')
Error 10090, reqId 99: Part of requested market data is not subscribed. Subscription-independent ticks are still active.Delayed market data is available.SPX S&P 500 Stock Index/TOP/ALL, contract: Option(conId=900713896, symbol='SPX', lastTradeDateOrContractMonth='20260805', strike=7710.0, right='P', multiplier='100', exchange='SMART', currency='USD', localSymbol='SPXW  260805P07710000', tradingClass='SPXW')
  BUY 1 @ lim 16.80 -> orderId 100
  status=Submitted filled=0.0 avgPrice=0.0
Error 202, reqId 100: Order Canceled - reason:
  ! exit FAILED auto_20260805_092813: leg BUY 7735.0P did not fill
Error 10090, reqId 102: Part of requested market data is not subscribed. Subscription-independent ticks are still active.Delayed market data is available.SPX S&P 500 Stock Index/TOP/ALL, contract: Option(conId=907860390, symbol='SPX', lastTradeDateOrContractMonth='20260805', strike=7735.0, right='P', multiplier='100', exchange='SMART', currency='USD', localSymbol='SPXW  260805P07735000', tradingClass='SPXW')
Error 10090, reqId 104: Part of requested market data is not subscribed. Subscription-independent ticks are still active.Delayed market data is available.SPX S&P 500 Stock Index/TOP/ALL, contract: Option(conId=900713896, symbol='SPX', lastTradeDateOrContractMonth='20260805', strike=7710.0, right='P', multiplier='100', exchange='SMART', currency='USD', localSymbol='SPXW  260805P07710000', tradingClass='SPXW')
  BUY 1 @ lim 18.20 -> orderId 105
  status=Filled filled=1.0 avgPrice=18.0
  SELL 1 @ lim 7.60 -> orderId 106
  status=Filled filled=1.0 avgPrice=7.6
  CLOSED auto_20260805_092813 cost 10.40 P&L $-781 — level ACCEPTED: spot 7728 held below the 7735 short strike for 12min (>10) — the wall we sold did not hold
Error 10090, reqId 108: Part of requested market data is not subscribed. Subscription-independent ticks are still active.Delayed market data is available.SPX S&P 500 Stock Index/TOP/ALL, contract: Option(conId=907120693, symbol='SPX', lastTradeDateOrContractMonth='20260805', strike=7655.0, right='P', multiplier='100', exchange='SMART', currency='USD', localSymbol='SPXW  260805P07655000', tradingClass='SPXW')
Error 10090, reqId 110: Part of requested market data is not subscribed. Subscription-independent ticks are still active.Delayed market data is available.SPX S&P 500 Stock Index/TOP/ALL, contract: Option(conId=899953395, symbol='SPX', lastTradeDateOrContractMonth='20260805', strike=7630.0, right='P', multiplier='100', exchange='SMART', currency='USD', localSymbol='SPXW  260805P07630000', tradingClass='SPXW')
  ! exit quote failed auto_20260805_092640: no live quote 7630.0P — nothing placed
Error 10090, reqId 112: Part of requested market data is not subscribed. Subscription-independent ticks are still active.Delayed market data is available.SPX S&P 500 Stock Index/TOP/ALL, contract: Option(conId=896808361, symbol='SPX', lastTradeDateOrContractMonth='20260805', strike=7700.0, right='P', multiplier='100', exchange='SMART', currency='USD', localSymbol='SPXW  260805P07700000', tradingClass='SPXW')
Error 10090, reqId 114: Part of requested market data is not subscribed. Subscription-independent ticks are still active.Delayed market data is available.SPX S&P 500 Stock Index/TOP/ALL, contract: Option(conId=898066872, symbol='SPX', lastTradeDateOrContractMonth='20260805', strike=7675.0, right='P', multiplier='100', exchange='SMART', currency='USD', localSymbol='SPXW  260805P07675000', tradingClass='SPXW')
  ! exit quote failed auto_20260805_092930: no live quote 7675.0P — nothing placed
Error 10090, reqId 116: Part of requested market data is not subscribed. Subscription-independent ticks are still active.Delayed market data is available.SPX S&P 500 Stock Index/TOP/ALL, contract: Option(conId=907860204, symbol='SPX', lastTradeDateOrContractMonth='20260805', strike=7860.0, right='C', multiplier='100', exchange='SMART', currency='USD', localSymbol='SPXW  260805C07860000', tradingClass='SPXW')
Error 10090, reqId 118: Part of requested market data is not subscribed. Subscription-independent ticks are still active.Delayed market data is available.SPX S&P 500 Stock Index/TOP/ALL, contract: Option(conId=908248503, symbol='SPX', lastTradeDateOrContractMonth='20260805', strike=7885.0, right='C', multiplier='100', exchange='SMART', currency='USD', localSymbol='SPXW  260805C07885000', tradingClass='SPXW')
  ! exit quote failed auto_20260805_092945: no live quote 7885.0C — nothing placed
Error 10090, reqId 120: Part of requested market data is not subscribed. Subscription-independent ticks are still active.Delayed market data is available.SPX S&P 500 Stock Index/TOP/ALL, contract: Option(conId=907464449, symbol='SPX', lastTradeDateOrContractMonth='20260805', strike=7780.0, right='C', multiplier='100', exchange='SMART', currency='USD', localSymbol='SPXW  260805C07780000', tradingClass='SPXW')
Error 10090, reqId 122: Part of requested market data is not subscribed. Subscription-independent ticks are still active.Delayed market data is available.SPX S&P 500 Stock Index/TOP/ALL, contract: Option(conId=907860015, symbol='SPX', lastTradeDateOrContractMonth='20260805', strike=7805.0, right='C', multiplier='100', exchange='SMART', currency='USD', localSymbol='SPXW  260805C07805000', tradingClass='SPXW')
  ! exit quote failed auto_20260805_093432: no live quote 7805.0C — nothing placed
Error 10090, reqId 124: Part of requested market data is not subscribed. Subscription-independent ticks are still active.Delayed market data is available.SPX S&P 500 Stock Index/TOP/ALL, contract: Option(conId=907120693, symbol='SPX', lastTradeDateOrContractMonth='20260805', strike=7655.0, right='P', multiplier='100', exchange='SMART', currency='USD', localSymbol='SPXW  260805P07655000', tradingClass='SPXW')
Error 10090, reqId 126: Part of requested market data is not subscribed. Subscription-independent ticks are still active.Delayed market data is available.SPX S&P 500 Stock Index/TOP/ALL, contract: Option(conId=899953395, symbol='SPX', lastTradeDateOrContractMonth='20260805', strike=7630.0, right='P', multiplier='100', exchange='SMART', currency='USD', localSymbol='SPXW  260805P07630000', tradingClass='SPXW')
  ! exit quote failed auto_20260805_092640: no live quote 7630.0P — nothing placed
Error 10090, reqId 128: Part of requested market data is not subscribed. Subscription-independent ticks are still active.Delayed market data is available.SPX S&P 500 Stock Index/TOP/ALL, contract: Option(conId=896808361, symbol='SPX', lastTradeDateOrContractMonth='20260805', strike=7700.0, right='P', multiplier='100', exchange='SMART', currency='USD', localSymbol='SPXW  260805P07700000', tradingClass='SPXW')
Error 10090, reqId 130: Part of requested market data is not subscribed. Subscription-independent ticks are still active.Delayed market data is available.SPX S&P 500 Stock Index/TOP/ALL, contract: Option(conId=898066872, symbol='SPX', lastTradeDateOrContractMonth='20260805', strike=7675.0, right='P', multiplier='100', exchange='SMART', currency='USD', localSymbol='SPXW  260805P07675000', tradingClass='SPXW')
  ! exit quote failed auto_20260805_092930: no live quote 7675.0P — nothing placed
Error 10090, reqId 132: Part of requested market data is not subscribed. Subscription-independent ticks are still active.Delayed market data is available.SPX S&P 500 Stock Index/TOP/ALL, contract: Option(conId=907860204, symbol='SPX', lastTradeDateOrContractMonth='20260805', strike=7860.0, right='C', multiplier='100', exchange='SMART', currency='USD', localSymbol='SPXW  260805C07860000', tradingClass='SPXW')
Error 10090, reqId 134: Part of requested market data is not subscribed. Subscription-independent ticks are still active.Delayed market data is available.SPX S&P 500 Stock Index/TOP/ALL, contract: Option(conId=908248503, symbol='SPX', lastTradeDateOrContractMonth='20260805', strike=7885.0, right='C', multiplier='100', exchange='SMART', currency='USD', localSymbol='SPXW  260805C07885000', tradingClass='SPXW')
  ! exit quote failed auto_20260805_092945: no live quote 7885.0C — nothing placed
Error 10090, reqId 136: Part of requested market data is not subscribed. Subscription-independent ticks are still active.Delayed market data is available.SPX S&P 500 Stock Index/TOP/ALL, contract: Option(conId=907464449, symbol='SPX', lastTradeDateOrContractMonth='20260805', strike=7780.0, right='C', multiplier='100', exchange='SMART', currency='USD', localSymbol='SPXW  260805C07780000', tradingClass='SPXW')
Error 10090, reqId 138: Part of requested market data is not subscribed. Subscription-independent ticks are still active.Delayed market data is available.SPX S&P 500 Stock Index/TOP/ALL, contract: Option(conId=907860015, symbol='SPX', lastTradeDateOrContractMonth='20260805', strike=7805.0, right='C', multiplier='100', exchange='SMART', currency='USD', localSymbol='SPXW  260805C07805000', tradingClass='SPXW')
  ! exit quote failed auto_20260805_093432: no live quote 7805.0C — nothing placed
Error 10090, reqId 140: Part of requested market data is not subscribed. Subscription-independent ticks are still active.Delayed market data is available.SPX S&P 500 Stock Index/TOP/ALL, contract: Option(conId=907120693, symbol='SPX', lastTradeDateOrContractMonth='20260805', strike=7655.0, right='P', multiplier='100', exchange='SMART', currency='USD', localSymbol='SPXW  260805P07655000', tradingClass='SPXW')
Error 10090, reqId 142: Part of requested market data is not subscribed. Subscription-independent ticks are still active.Delayed market data is available.SPX S&P 500 Stock Index/TOP/ALL, contract: Option(conId=899953395, symbol='SPX', lastTradeDateOrContractMonth='20260805', strike=7630.0, right='P', multiplier='100', exchange='SMART', currency='USD', localSymbol='SPXW  260805P07630000', tradingClass='SPXW')
  ! exit quote failed auto_20260805_092640: no live quote 7630.0P — nothing placed
Error 10090, reqId 144: Part of requested market data is not subscribed. Subscription-independent ticks are still active.Delayed market data is available.SPX S&P 500 Stock Index/TOP/ALL, contract: Option(conId=896808361, symbol='SPX', lastTradeDateOrContractMonth='20260805', strike=7700.0, right='P', multiplier='100', exchange='SMART', currency='USD', localSymbol='SPXW  260805P07700000', tradingClass='SPXW')
Error 10090, reqId 146: Part of requested market data is not subscribed. Subscription-independent ticks are still active.Delayed market data is available.SPX S&P 500 Stock Index/TOP/ALL, contract: Option(conId=898066872, symbol='SPX', lastTradeDateOrContractMonth='20260805', strike=7675.0, right='P', multiplier='100', exchange='SMART', currency='USD', localSymbol='SPXW  260805P07675000', tradingClass='SPXW')
  ! exit quote failed auto_20260805_092930: no live quote 7675.0P — nothing placed
Error 10090, reqId 148: Part of requested market data is not subscribed. Subscription-independent ticks are still active.Delayed market data is available.SPX S&P 500 Stock Index/TOP/ALL, contract: Option(conId=907860204, symbol='SPX', lastTradeDateOrContractMonth='20260805', strike=7860.0, right='C', multiplier='100', exchange='SMART', currency='USD', localSymbol='SPXW  260805C07860000', tradingClass='SPXW')
Error 10090, reqId 150: Part of requested market data is not subscribed. Subscription-independent ticks are still active.Delayed market data is available.SPX S&P 500 Stock Index/TOP/ALL, contract: Option(conId=908248503, symbol='SPX', lastTradeDateOrContractMonth='20260805', strike=7885.0, right='C', multiplier='100', exchange='SMART', currency='USD', localSymbol='SPXW  260805C07885000', tradingClass='SPXW')
  ! exit quote failed auto_20260805_092945: no live quote 7885.0C — nothing placed
Error 10090, reqId 152: Part of requested market data is not subscribed. Subscription-independent ticks are still active.Delayed market data is available.SPX S&P 500 Stock Index/TOP/ALL, contract: Option(conId=907464449, symbol='SPX', lastTradeDateOrContractMonth='20260805', strike=7780.0, right='C', multiplier='100', exchange='SMART', currency='USD', localSymbol='SPXW  260805C07780000', tradingClass='SPXW')
Error 10090, reqId 154: Part of requested market data is not subscribed. Subscription-independent ticks are still active.Delayed market data is available.SPX S&P 500 Stock Index/TOP/ALL, contract: Option(conId=907860015, symbol='SPX', lastTradeDateOrContractMonth='20260805', strike=7805.0, right='C', multiplier='100', exchange='SMART', currency='USD', localSymbol='SPXW  260805C07805000', tradingClass='SPXW')
  ! exit quote failed auto_20260805_093432: no live quote 7805.0C — nothing placed
Error 10090, reqId 156: Part of requested market data is not subscribed. Subscription-independent ticks are still active.Delayed market data is available.SPX S&P 500 Stock Index/TOP/ALL, contract: Option(conId=907120693, symbol='SPX', lastTradeDateOrContractMonth='20260805', strike=7655.0, right='P', multiplier='100', exchange='SMART', currency='USD', localSymbol='SPXW  260805P07655000', tradingClass='SPXW')
Error 10090, reqId 158: Part of requested market data is not subscribed. Subscription-independent ticks are still active.Delayed market data is available.SPX S&P 500 Stock Index/TOP/ALL, contract: Option(conId=899953395, symbol='SPX', lastTradeDateOrContractMonth='20260805', strike=7630.0, right='P', multiplier='100', exchange='SMART', currency='USD', localSymbol='SPXW  260805P07630000', tradingClass='SPXW')
  ! exit quote failed auto_20260805_092640: no live quote 7630.0P — nothing placed
Error 10090, reqId 160: Part of requested market data is not subscribed. Subscription-independent ticks are still active.Delayed market data is available.SPX S&P 500 Stock Index/TOP/ALL, contract: Option(conId=896808361, symbol='SPX', lastTradeDateOrContractMonth='20260805', strike=7700.0, right='P', multiplier='100', exchange='SMART', currency='USD', localSymbol='SPXW  260805P07700000', tradingClass='SPXW')
Error 10090, reqId 162: Part of requested market data is not subscribed. Subscription-independent ticks are still active.Delayed market data is available.SPX S&P 500 Stock Index/TOP/ALL, contract: Option(conId=898066872, symbol='SPX', lastTradeDateOrContractMonth='20260805', strike=7675.0, right='P', multiplier='100', exchange='SMART', currency='USD', localSymbol='SPXW  260805P07675000', tradingClass='SPXW')
  ! exit quote failed auto_20260805_092930: no live quote 7675.0P — nothing placed
Error 10090, reqId 164: Part of requested market data is not subscribed. Subscription-independent ticks are still active.Delayed market data is available.SPX S&P 500 Stock Index/TOP/ALL, contract: Option(conId=907860204, symbol='SPX', lastTradeDateOrContractMonth='20260805', strike=7860.0, right='C', multiplier='100', exchange='SMART', currency='USD', localSymbol='SPXW  260805C07860000', tradingClass='SPXW')
Error 10090, reqId 166: Part of requested market data is not subscribed. Subscription-independent ticks are still active.Delayed market data is available.SPX S&P 500 Stock Index/TOP/ALL, contract: Option(conId=908248503, symbol='SPX', lastTradeDateOrContractMonth='20260805', strike=7885.0, right='C', multiplier='100', exchange='SMART', currency='USD', localSymbol='SPXW  260805C07885000', tradingClass='SPXW')
  ! exit quote failed auto_20260805_092945: no live quote 7885.0C — nothing placed
Error 10090, reqId 168: Part of requested market data is not subscribed. Subscription-independent ticks are still active.Delayed market data is available.SPX S&P 500 Stock Index/TOP/ALL, contract: Option(conId=907464449, symbol='SPX', lastTradeDateOrContractMonth='20260805', strike=7780.0, right='C', multiplier='100', exchange='SMART', currency='USD', localSymbol='SPXW  260805C07780000', tradingClass='SPXW')
Error 10090, reqId 170: Part of requested market data is not subscribed. Subscription-independent ticks are still active.Delayed market data is available.SPX S&P 500 Stock Index/TOP/ALL, contract: Option(conId=907860015, symbol='SPX', lastTradeDateOrContractMonth='20260805', strike=7805.0, right='C', multiplier='100', exchange='SMART', currency='USD', localSymbol='SPXW  260805C07805000', tradingClass='SPXW')
  ! exit quote failed auto_20260805_093432: no live quote 7805.0C — nothing placed
Error 10090, reqId 172: Part of requested market data is not subscribed. Subscription-independent ticks are still active.Delayed market data is available.SPX S&P 500 Stock Index/TOP/ALL, contract: Option(conId=907120693, symbol='SPX', lastTradeDateOrContractMonth='20260805', strike=7655.0, right='P', multiplier='100', exchange='SMART', currency='USD', localSymbol='SPXW  260805P07655000', tradingClass='SPXW')
Error 10090, reqId 174: Part of requested market data is not subscribed. Subscription-independent ticks are still active.Delayed market data is available.SPX S&P 500 Stock Index/TOP/ALL, contract: Option(conId=899953395, symbol='SPX', lastTradeDateOrContractMonth='20260805', strike=7630.0, right='P', multiplier='100', exchange='SMART', currency='USD', localSymbol='SPXW  260805P07630000', tradingClass='SPXW')
  ! exit quote failed auto_20260805_092640: no live quote 7630.0P — nothing placed
Error 10090, reqId 176: Part of requested market data is not subscribed. Subscription-independent ticks are still active.Delayed market data is available.SPX S&P 500 Stock Index/TOP/ALL, contract: Option(conId=896808361, symbol='SPX', lastTradeDateOrContractMonth='20260805', strike=7700.0, right='P', multiplier='100', exchange='SMART', currency='USD', localSymbol='SPXW  260805P07700000', tradingClass='SPXW')
Error 10090, reqId 178: Part of requested market data is not subscribed. Subscription-independent ticks are still active.Delayed market data is available.SPX S&P 500 Stock Index/TOP/ALL, contract: Option(conId=898066872, symbol='SPX', lastTradeDateOrContractMonth='20260805', strike=7675.0, right='P', multiplier='100', exchange='SMART', currency='USD', localSymbol='SPXW  260805P07675000', tradingClass='SPXW')
  ! exit quote failed auto_20260805_092930: no live quote 7675.0P — nothing placed
Error 10090, reqId 180: Part of requested market data is not subscribed. Subscription-independent ticks are still active.Delayed market data is available.SPX S&P 500 Stock Index/TOP/ALL, contract: Option(conId=907860204, symbol='SPX', lastTradeDateOrContractMonth='20260805', strike=7860.0, right='C', multiplier='100', exchange='SMART', currency='USD', localSymbol='SPXW  260805C07860000', tradingClass='SPXW')
Error 10090, reqId 182: Part of requested market data is not subscribed. Subscription-independent ticks are still active.Delayed market data is available.SPX S&P 500 Stock Index/TOP/ALL, contract: Option(conId=908248503, symbol='SPX', lastTradeDateOrContractMonth='20260805', strike=7885.0, right='C', multiplier='100', exchange='SMART', currency='USD', localSymbol='SPXW  260805C07885000', tradingClass='SPXW')
  ! exit quote failed auto_20260805_092945: no live quote 7885.0C — nothing placed
Error 10090, reqId 184: Part of requested market data is not subscribed. Subscription-independent ticks are still active.Delayed market data is available.SPX S&P 500 Stock Index/TOP/ALL, contract: Option(conId=907464449, symbol='SPX', lastTradeDateOrContractMonth='20260805', strike=7780.0, right='C', multiplier='100', exchange='SMART', currency='USD', localSymbol='SPXW  260805C07780000', tradingClass='SPXW')
Error 10090, reqId 186: Part of requested market data is not subscribed. Subscription-independent ticks are still active.Delayed market data is available.SPX S&P 500 Stock Index/TOP/ALL, contract: Option(conId=907860015, symbol='SPX', lastTradeDateOrContractMonth='20260805', strike=7805.0, right='C', multiplier='100', exchange='SMART', currency='USD', localSymbol='SPXW  260805C07805000', tradingClass='SPXW')
  ! exit quote failed auto_20260805_093432: no live quote 7805.0C — nothing placed
Error 10090, reqId 188: Part of requested market data is not subscribed. Subscription-independent ticks are still active.Delayed market data is available.SPX S&P 500 Stock Index/TOP/ALL, contract: Option(conId=907120693, symbol='SPX', lastTradeDateOrContractMonth='20260805', strike=7655.0, right='P', multiplier='100', exchange='SMART', currency='USD', localSymbol='SPXW  260805P07655000', tradingClass='SPXW')
Error 10090, reqId 190: Part of requested market data is not subscribed. Subscription-independent ticks are still active.Delayed market data is available.SPX S&P 500 Stock Index/TOP/ALL, contract: Option(conId=899953395, symbol='SPX', lastTradeDateOrContractMonth='20260805', strike=7630.0, right='P', multiplier='100', exchange='SMART', currency='USD', localSymbol='SPXW  260805P07630000', tradingClass='SPXW')
  ! exit quote failed auto_20260805_092640: no live quote 7630.0P — nothing placed
Error 10090, reqId 192: Part of requested market data is not subscribed. Subscription-independent ticks are still active.Delayed market data is available.SPX S&P 500 Stock Index/TOP/ALL, contract: Option(conId=896808361, symbol='SPX', lastTradeDateOrContractMonth='20260805', strike=7700.0, right='P', multiplier='100', exchange='SMART', currency='USD', localSymbol='SPXW  260805P07700000', tradingClass='SPXW')
Error 10090, reqId 194: Part of requested market data is not subscribed. Subscription-independent ticks are still active.Delayed market data is available.SPX S&P 500 Stock Index/TOP/ALL, contract: Option(conId=898066872, symbol='SPX', lastTradeDateOrContractMonth='20260805', strike=7675.0, right='P', multiplier='100', exchange='SMART', currency='USD', localSymbol='SPXW  260805P07675000', tradingClass='SPXW')
  ! exit quote failed auto_20260805_092930: no live quote 7675.0P — nothing placed
Error 10090, reqId 196: Part of requested market data is not subscribed. Subscription-independent ticks are still active.Delayed market data is available.SPX S&P 500 Stock Index/TOP/ALL, contract: Option(conId=907860204, symbol='SPX', lastTradeDateOrContractMonth='20260805', strike=7860.0, right='C', multiplier='100', exchange='SMART', currency='USD', localSymbol='SPXW  260805C07860000', tradingClass='SPXW')
Error 10090, reqId 198: Part of requested market data is not subscribed. Subscription-independent ticks are still active.Delayed market data is available.SPX S&P 500 Stock Index/TOP/ALL, contract: Option(conId=908248503, symbol='SPX', lastTradeDateOrContractMonth='20260805', strike=7885.0, right='C', multiplier='100', exchange='SMART', currency='USD', localSymbol='SPXW  260805C07885000', tradingClass='SPXW')
  ! exit quote failed auto_20260805_092945: no live quote 7885.0C — nothing placed
Error 10090, reqId 200: Part of requested market data is not subscribed. Subscription-independent ticks are still active.Delayed market data is available.SPX S&P 500 Stock Index/TOP/ALL, contract: Option(conId=907464449, symbol='SPX', lastTradeDateOrContractMonth='20260805', strike=7780.0, right='C', multiplier='100', exchange='SMART', currency='USD', localSymbol='SPXW  260805C07780000', tradingClass='SPXW')
Error 10090, reqId 202: Part of requested market data is not subscribed. Subscription-independent ticks are still active.Delayed market data is available.SPX S&P 500 Stock Index/TOP/ALL, contract: Option(conId=907860015, symbol='SPX', lastTradeDateOrContractMonth='20260805', strike=7805.0, right='C', multiplier='100', exchange='SMART', currency='USD', localSymbol='SPXW  260805C07805000', tradingClass='SPXW')
  ! exit quote failed auto_20260805_093432: no live quote 7805.0C — nothing placed
Error 10090, reqId 204: Part of requested market data is not subscribed. Subscription-independent ticks are still active.Delayed market data is available.SPX S&P 500 Stock Index/TOP/ALL, contract: Option(conId=907120693, symbol='SPX', lastTradeDateOrContractMonth='20260805', strike=7655.0, right='P', multiplier='100', exchange='SMART', currency='USD', localSymbol='SPXW  260805P07655000', tradingClass='SPXW')
Error 10090, reqId 206: Part of requested market data is not subscribed. Subscription-independent ticks are still active.Delayed market data is available.SPX S&P 500 Stock Index/TOP/ALL, contract: Option(conId=899953395, symbol='SPX', lastTradeDateOrContractMonth='20260805', strike=7630.0, right='P', multiplier='100', exchange='SMART', currency='USD', localSymbol='SPXW  260805P07630000', tradingClass='SPXW')
  ! exit quote failed auto_20260805_092640: no live quote 7630.0P — nothing placed
Error 10090, reqId 208: Part of requested market data is not subscribed. Subscription-independent ticks are still active.Delayed market data is available.SPX S&P 500 Stock Index/TOP/ALL, contract: Option(conId=896808361, symbol='SPX', lastTradeDateOrContractMonth='20260805', strike=7700.0, right='P', multiplier='100', exchange='SMART', currency='USD', localSymbol='SPXW  260805P07700000', tradingClass='SPXW')
Error 10090, reqId 210: Part of requested market data is not subscribed. Subscription-independent ticks are still active.Delayed market data is available.SPX S&P 500 Stock Index/TOP/ALL, contract: Option(conId=898066872, symbol='SPX', lastTradeDateOrContractMonth='20260805', strike=7675.0, right='P', multiplier='100', exchange='SMART', currency='USD', localSymbol='SPXW  260805P07675000', tradingClass='SPXW')
  ! exit quote failed auto_20260805_092930: no live quote 7675.0P — nothing placed
Error 10090, reqId 212: Part of requested market data is not subscribed. Subscription-independent ticks are still active.Delayed market data is available.SPX S&P 500 Stock Index/TOP/ALL, contract: Option(conId=907860204, symbol='SPX', lastTradeDateOrContractMonth='20260805', strike=7860.0, right='C', multiplier='100', exchange='SMART', currency='USD', localSymbol='SPXW  260805C07860000', tradingClass='SPXW')
Error 10090, reqId 214: Part of requested market data is not subscribed. Subscription-independent ticks are still active.Delayed market data is available.SPX S&P 500 Stock Index/TOP/ALL, contract: Option(conId=908248503, symbol='SPX', lastTradeDateOrContractMonth='20260805', strike=7885.0, right='C', multiplier='100', exchange='SMART', currency='USD', localSymbol='SPXW  260805C07885000', tradingClass='SPXW')
  ! exit quote failed auto_20260805_092945: no live quote 7885.0C — nothing placed
Error 10090, reqId 216: Part of requested market data is not subscribed. Subscription-independent ticks are still active.Delayed market data is available.SPX S&P 500 Stock Index/TOP/ALL, contract: Option(conId=907464449, symbol='SPX', lastTradeDateOrContractMonth='20260805', strike=7780.0, right='C', multiplier='100', exchange='SMART', currency='USD', localSymbol='SPXW  260805C07780000', tradingClass='SPXW')
Error 10090, reqId 218: Part of requested market data is not subscribed. Subscription-independent ticks are still active.Delayed market data is available.SPX S&P 500 Stock Index/TOP/ALL, contract: Option(conId=907860015, symbol='SPX', lastTradeDateOrContractMonth='20260805', strike=7805.0, right='C', multiplier='100', exchange='SMART', currency='USD', localSymbol='SPXW  260805C07805000', tradingClass='SPXW')
  ! exit quote failed auto_20260805_093432: no live quote 7805.0C — nothing placed
Error 10090, reqId 220: Part of requested market data is not subscribed. Subscription-independent ticks are still active.Delayed market data is available.SPX S&P 500 Stock Index/TOP/ALL, contract: Option(conId=907120693, symbol='SPX', lastTradeDateOrContractMonth='20260805', strike=7655.0, right='P', multiplier='100', exchange='SMART', currency='USD', localSymbol='SPXW  260805P07655000', tradingClass='SPXW')
Error 10090, reqId 222: Part of requested market data is not subscribed. Subscription-independent ticks are still active.Delayed market data is available.SPX S&P 500 Stock Index/TOP/ALL, contract: Option(conId=899953395, symbol='SPX', lastTradeDateOrContractMonth='20260805', strike=7630.0, right='P', multiplier='100', exchange='SMART', currency='USD', localSymbol='SPXW  260805P07630000', tradingClass='SPXW')
  ! exit quote failed auto_20260805_092640: no live quote 7630.0P — nothing placed
Error 10090, reqId 224: Part of requested market data is not subscribed. Subscription-independent ticks are still active.Delayed market data is available.SPX S&P 500 Stock Index/TOP/ALL, contract: Option(conId=896808361, symbol='SPX', lastTradeDateOrContractMonth='20260805', strike=7700.0, right='P', multiplier='100', exchange='SMART', currency='USD', localSymbol='SPXW  260805P07700000', tradingClass='SPXW')
Error 10090, reqId 226: Part of requested market data is not subscribed. Subscription-independent ticks are still active.Delayed market data is available.SPX S&P 500 Stock Index/TOP/ALL, contract: Option(conId=898066872, symbol='SPX', lastTradeDateOrContractMonth='20260805', strike=7675.0, right='P', multiplier='100', exchange='SMART', currency='USD', localSymbol='SPXW  260805P07675000', tradingClass='SPXW')
  ! exit quote failed auto_20260805_092930: no live quote 7675.0P — nothing placed
Error 10090, reqId 228: Part of requested market data is not subscribed. Subscription-independent ticks are still active.Delayed market data is available.SPX S&P 500 Stock Index/TOP/ALL, contract: Option(conId=907860204, symbol='SPX', lastTradeDateOrContractMonth='20260805', strike=7860.0, right='C', multiplier='100', exchange='SMART', currency='USD', localSymbol='SPXW  260805C07860000', tradingClass='SPXW')
Error 10090, reqId 230: Part of requested market data is not subscribed. Subscription-independent ticks are still active.Delayed market data is available.SPX S&P 500 Stock Index/TOP/ALL, contract: Option(conId=908248503, symbol='SPX', lastTradeDateOrContractMonth='20260805', strike=7885.0, right='C', multiplier='100', exchange='SMART', currency='USD', localSymbol='SPXW  260805C07885000', tradingClass='SPXW')
  ! exit quote failed auto_20260805_092945: no live quote 7885.0C — nothing placed
Error 10090, reqId 232: Part of requested market data is not subscribed. Subscription-independent ticks are still active.Delayed market data is available.SPX S&P 500 Stock Index/TOP/ALL, contract: Option(conId=907464449, symbol='SPX', lastTradeDateOrContractMonth='20260805', strike=7780.0, right='C', multiplier='100', exchange='SMART', currency='USD', localSymbol='SPXW  260805C07780000', tradingClass='SPXW')
Error 10090, reqId 234: Part of requested market data is not subscribed. Subscription-independent ticks are still active.Delayed market data is available.SPX S&P 500 Stock Index/TOP/ALL, contract: Option(conId=907860015, symbol='SPX', lastTradeDateOrContractMonth='20260805', strike=7805.0, right='C', multiplier='100', exchange='SMART', currency='USD', localSymbol='SPXW  260805C07805000', tradingClass='SPXW')
  ! exit quote failed auto_20260805_093432: no live quote 7805.0C — nothing placed

done. 8 triggers fired: eodic_p(C), eodfly_p(C), openic_p(C), openic_c(C), openfly_p(C), openfly_c(C), gx_bps(?), gx_bcs(C)
