IB connected 127.0.0.1:4002 (PAPER)  accounts=['DUQ159823']  serverVersion=178
trigger daemon [LIVE (auto-execute)] 20260804: 10 triggers, watching until 15:00 CT
Error 10090, reqId 4: Part of requested market data is not subscribed. Subscription-independent ticks are still active.Delayed market data is available.SPX S&P 500 Stock Index/TOP/ALL, contract: Option(conId=896510064, symbol='SPX', lastTradeDateOrContractMonth='20260804', strike=7600.0, right='C', multiplier='100', exchange='SMART', currency='USD', localSymbol='SPXW  260804C07600000', tradingClass='SPXW')
Error 10090, reqId 6: Part of requested market data is not subscribed. Subscription-independent ticks are still active.Delayed market data is available.SPX S&P 500 Stock Index/TOP/ALL, contract: Option(conId=896510074, symbol='SPX', lastTradeDateOrContractMonth='20260804', strike=7625.0, right='C', multiplier='100', exchange='SMART', currency='USD', localSymbol='SPXW  260804C07625000', tradingClass='SPXW')
  BUY 1 @ lim 48.50 -> orderId 7
  status=Submitted filled=0.0 avgPrice=0.0
Error 202, reqId 7: Order Canceled - reason:
  ! exit FAILED auto_20260804_083406: leg BUY 7600.0C did not fill
Error 10090, reqId 9: Part of requested market data is not subscribed. Subscription-independent ticks are still active.Delayed market data is available.SPX S&P 500 Stock Index/TOP/ALL, contract: Option(conId=896510064, symbol='SPX', lastTradeDateOrContractMonth='20260804', strike=7600.0, right='C', multiplier='100', exchange='SMART', currency='USD', localSymbol='SPXW  260804C07600000', tradingClass='SPXW')
Error 10090, reqId 11: Part of requested market data is not subscribed. Subscription-independent ticks are still active.Delayed market data is available.SPX S&P 500 Stock Index/TOP/ALL, contract: Option(conId=896510074, symbol='SPX', lastTradeDateOrContractMonth='20260804', strike=7625.0, right='C', multiplier='100', exchange='SMART', currency='USD', localSymbol='SPXW  260804C07625000', tradingClass='SPXW')
  BUY 1 @ lim 47.30 -> orderId 12
  status=Filled filled=1.0 avgPrice=47.3
  SELL 1 @ lim 27.90 -> orderId 13
  status=Submitted filled=0.0 avgPrice=0.0
  ! exit FAILED auto_20260804_083406: leg SELL 7625.0C did not fill
Error 10090, reqId 15: Part of requested market data is not subscribed. Subscription-independent ticks are still active.Delayed market data is available.SPX S&P 500 Stock Index/TOP/ALL, contract: Option(conId=896510064, symbol='SPX', lastTradeDateOrContractMonth='20260804', strike=7600.0, right='C', multiplier='100', exchange='SMART', currency='USD', localSymbol='SPXW  260804C07600000', tradingClass='SPXW')
Error 10090, reqId 17: Part of requested market data is not subscribed. Subscription-independent ticks are still active.Delayed market data is available.SPX S&P 500 Stock Index/TOP/ALL, contract: Option(conId=896510074, symbol='SPX', lastTradeDateOrContractMonth='20260804', strike=7625.0, right='C', multiplier='100', exchange='SMART', currency='USD', localSymbol='SPXW  260804C07625000', tradingClass='SPXW')
  BUY 1 @ lim 49.70 -> orderId 18
  status=Filled filled=1.0 avgPrice=49.7
  SELL 1 @ lim 28.00 -> orderId 19
  status=Filled filled=1.0 avgPrice=28.1
  CLOSED auto_20260804_083406 cost 21.60 P&L $-101 — level ACCEPTED: spot 7647 held above the 7600 short strike for 15min (>10) — the wall we sold did not hold
Error 10090, reqId 21: Part of requested market data is not subscribed. Subscription-independent ticks are still active.Delayed market data is available.SPX S&P 500 Stock Index/TOP/ALL, contract: Option(conId=897610460, symbol='SPX', lastTradeDateOrContractMonth='20260804', strike=7560.0, right='P', multiplier='100', exchange='SMART', currency='USD', localSymbol='SPXW  260804P07560000', tradingClass='SPXW')
Error 10090, reqId 23: Part of requested market data is not subscribed. Subscription-independent ticks are still active.Delayed market data is available.SPX S&P 500 Stock Index/TOP/ALL, contract: Option(conId=901395176, symbol='SPX', lastTradeDateOrContractMonth='20260804', strike=7585.0, right='P', multiplier='100', exchange='SMART', currency='USD', localSymbol='SPXW  260804P07585000', tradingClass='SPXW')
  BUY 1 @ lim 0.55 -> orderId 24
  status=Filled filled=1.0 avgPrice=0.5
  SELL 1 @ lim 0.85 -> orderId 25
  status=Filled filled=1.0 avgPrice=0.85
  FIRED openic_p -> auto_20260804_090516: vertical 25pt net credit 0.35 grade C
Error 10090, reqId 27: Part of requested market data is not subscribed. Subscription-independent ticks are still active.Delayed market data is available.SPX S&P 500 Stock Index/TOP/ALL, contract: Option(conId=907464328, symbol='SPX', lastTradeDateOrContractMonth='20260804', strike=7760.0, right='C', multiplier='100', exchange='SMART', currency='USD', localSymbol='SPXW  260804C07760000', tradingClass='SPXW')
Error 10090, reqId 29: Part of requested market data is not subscribed. Subscription-independent ticks are still active.Delayed market data is available.SPX S&P 500 Stock Index/TOP/ALL, contract: Option(conId=907858721, symbol='SPX', lastTradeDateOrContractMonth='20260804', strike=7735.0, right='C', multiplier='100', exchange='SMART', currency='USD', localSymbol='SPXW  260804C07735000', tradingClass='SPXW')
  BUY 1 @ lim 0.35 -> orderId 30
  status=Filled filled=1.0 avgPrice=0.35
  SELL 1 @ lim 0.70 -> orderId 31
  status=Filled filled=1.0 avgPrice=0.7
  FIRED openic_c -> auto_20260804_090532: vertical 25pt net credit 0.35 grade C
Error 10090, reqId 33: Part of requested market data is not subscribed. Subscription-independent ticks are still active.Delayed market data is available.SPX S&P 500 Stock Index/TOP/ALL, contract: Option(conId=902387093, symbol='SPX', lastTradeDateOrContractMonth='20260804', strike=7635.0, right='P', multiplier='100', exchange='SMART', currency='USD', localSymbol='SPXW  260804P07635000', tradingClass='SPXW')
Error 10090, reqId 35: Part of requested market data is not subscribed. Subscription-independent ticks are still active.Delayed market data is available.SPX S&P 500 Stock Index/TOP/ALL, contract: Option(conId=900382694, symbol='SPX', lastTradeDateOrContractMonth='20260804', strike=7660.0, right='P', multiplier='100', exchange='SMART', currency='USD', localSymbol='SPXW  260804P07660000', tradingClass='SPXW')
  BUY 1 @ lim 3.80 -> orderId 36
  status=Filled filled=1.0 avgPrice=3.6
  SELL 1 @ lim 10.20 -> orderId 37
  status=Submitted filled=0.0 avgPrice=0.0
Error 202, reqId 37: Order Canceled - reason:
  ! openfly_p fire FAILED after gates passed: leg SELL 7660P did not fill
Error 10090, reqId 39: Part of requested market data is not subscribed. Subscription-independent ticks are still active.Delayed market data is available.SPX S&P 500 Stock Index/TOP/ALL, contract: Option(conId=907464306, symbol='SPX', lastTradeDateOrContractMonth='20260804', strike=7685.0, right='C', multiplier='100', exchange='SMART', currency='USD', localSymbol='SPXW  260804C07685000', tradingClass='SPXW')
Error 10090, reqId 41: Part of requested market data is not subscribed. Subscription-independent ticks are still active.Delayed market data is available.SPX S&P 500 Stock Index/TOP/ALL, contract: Option(conId=900382643, symbol='SPX', lastTradeDateOrContractMonth='20260804', strike=7660.0, right='C', multiplier='100', exchange='SMART', currency='USD', localSymbol='SPXW  260804C07660000', tradingClass='SPXW')
  BUY 1 @ lim 5.80 -> orderId 42
  status=Filled filled=1.0 avgPrice=5.8
  SELL 1 @ lim 17.00 -> orderId 43
  status=Filled filled=1.0 avgPrice=17.0
  FIRED openfly_c -> auto_20260804_090713: vertical 25pt net credit 11.20 grade C
Error 10090, reqId 45: Part of requested market data is not subscribed. Subscription-independent ticks are still active.Delayed market data is available.SPX S&P 500 Stock Index/TOP/ALL, contract: Option(conId=896510857, symbol='SPX', lastTradeDateOrContractMonth='20260804', strike=7500.0, right='P', multiplier='100', exchange='SMART', currency='USD', localSymbol='SPXW  260804P07500000', tradingClass='SPXW')
Error 10090, reqId 47: Part of requested market data is not subscribed. Subscription-independent ticks are still active.Delayed market data is available.SPX S&P 500 Stock Index/TOP/ALL, contract: Option(conId=896510860, symbol='SPX', lastTradeDateOrContractMonth='20260804', strike=7525.0, right='P', multiplier='100', exchange='SMART', currency='USD', localSymbol='SPXW  260804P07525000', tradingClass='SPXW')
  STAND DOWN gx_bps [broken]: zero/negative credit (0.00) — wall already blown through (est net 0.00) — no order placed
Error 10090, reqId 49: Part of requested market data is not subscribed. Subscription-independent ticks are still active.Delayed market data is available.SPX S&P 500 Stock Index/TOP/ALL, contract: Option(conId=904006709, symbol='SPX', lastTradeDateOrContractMonth='20260804', strike=7655.0, right='C', multiplier='100', exchange='SMART', currency='USD', localSymbol='SPXW  260804C07655000', tradingClass='SPXW')
Error 10090, reqId 51: Part of requested market data is not subscribed. Subscription-independent ticks are still active.Delayed market data is available.SPX S&P 500 Stock Index/TOP/ALL, contract: Option(conId=899494079, symbol='SPX', lastTradeDateOrContractMonth='20260804', strike=7630.0, right='C', multiplier='100', exchange='SMART', currency='USD', localSymbol='SPXW  260804C07630000', tradingClass='SPXW')
  BUY 1 @ lim 19.30 -> orderId 52
  status=Submitted filled=0.0 avgPrice=0.0
Error 202, reqId 52: Order Canceled - reason:
  ! gx_bcs fire FAILED after gates passed: leg BUY 7655C did not fill
Error 10090, reqId 54: Part of requested market data is not subscribed. Subscription-independent ticks are still active.Delayed market data is available.SPX S&P 500 Stock Index/TOP/ALL, contract: Option(conId=902387093, symbol='SPX', lastTradeDateOrContractMonth='20260804', strike=7635.0, right='P', multiplier='100', exchange='SMART', currency='USD', localSymbol='SPXW  260804P07635000', tradingClass='SPXW')
Error 10090, reqId 56: Part of requested market data is not subscribed. Subscription-independent ticks are still active.Delayed market data is available.SPX S&P 500 Stock Index/TOP/ALL, contract: Option(conId=900382694, symbol='SPX', lastTradeDateOrContractMonth='20260804', strike=7660.0, right='P', multiplier='100', exchange='SMART', currency='USD', localSymbol='SPXW  260804P07660000', tradingClass='SPXW')
  BUY 1 @ lim 3.50 -> orderId 57
  status=Filled filled=1.0 avgPrice=3.4
  SELL 1 @ lim 9.10 -> orderId 58
  status=Filled filled=1.0 avgPrice=9.1
  FIRED openfly_p -> auto_20260804_090917: vertical 25pt net credit 5.70 grade C
Error 10090, reqId 60: Part of requested market data is not subscribed. Subscription-independent ticks are still active.Delayed market data is available.SPX S&P 500 Stock Index/TOP/ALL, contract: Option(conId=904006709, symbol='SPX', lastTradeDateOrContractMonth='20260804', strike=7655.0, right='C', multiplier='100', exchange='SMART', currency='USD', localSymbol='SPXW  260804C07655000', tradingClass='SPXW')
Error 10090, reqId 62: Part of requested market data is not subscribed. Subscription-independent ticks are still active.Delayed market data is available.SPX S&P 500 Stock Index/TOP/ALL, contract: Option(conId=899494079, symbol='SPX', lastTradeDateOrContractMonth='20260804', strike=7630.0, right='C', multiplier='100', exchange='SMART', currency='USD', localSymbol='SPXW  260804C07630000', tradingClass='SPXW')
  BUY 1 @ lim 19.90 -> orderId 63
  status=Filled filled=1.0 avgPrice=19.8
  SELL 1 @ lim 39.90 -> orderId 64
  status=Filled filled=1.0 avgPrice=39.9
  FIRED gx_bcs -> auto_20260804_090940: vertical 25pt net credit 20.10 grade C
Error 10090, reqId 66: Part of requested market data is not subscribed. Subscription-independent ticks are still active.Delayed market data is available.SPX S&P 500 Stock Index/TOP/ALL, contract: Option(conId=900382643, symbol='SPX', lastTradeDateOrContractMonth='20260804', strike=7660.0, right='C', multiplier='100', exchange='SMART', currency='USD', localSymbol='SPXW  260804C07660000', tradingClass='SPXW')
Error 10090, reqId 68: Part of requested market data is not subscribed. Subscription-independent ticks are still active.Delayed market data is available.SPX S&P 500 Stock Index/TOP/ALL, contract: Option(conId=907464306, symbol='SPX', lastTradeDateOrContractMonth='20260804', strike=7685.0, right='C', multiplier='100', exchange='SMART', currency='USD', localSymbol='SPXW  260804C07685000', tradingClass='SPXW')
  BUY 1 @ lim 22.80 -> orderId 69
  status=Filled filled=1.0 avgPrice=22.8
  SELL 1 @ lim 8.90 -> orderId 70
  status=Filled filled=1.0 avgPrice=8.9
  CLOSED auto_20260804_090713 cost 13.90 P&L $-271 — level ACCEPTED: spot 7676 held above the 7660 short strike for 10min (>10) — the wall we sold did not hold
Error 10090, reqId 72: Part of requested market data is not subscribed. Subscription-independent ticks are still active.Delayed market data is available.SPX S&P 500 Stock Index/TOP/ALL, contract: Option(conId=899494079, symbol='SPX', lastTradeDateOrContractMonth='20260804', strike=7630.0, right='C', multiplier='100', exchange='SMART', currency='USD', localSymbol='SPXW  260804C07630000', tradingClass='SPXW')
Error 10090, reqId 74: Part of requested market data is not subscribed. Subscription-independent ticks are still active.Delayed market data is available.SPX S&P 500 Stock Index/TOP/ALL, contract: Option(conId=904006709, symbol='SPX', lastTradeDateOrContractMonth='20260804', strike=7655.0, right='C', multiplier='100', exchange='SMART', currency='USD', localSymbol='SPXW  260804C07655000', tradingClass='SPXW')
  BUY 1 @ lim 48.20 -> orderId 75
Error 202, reqId 75: Order Canceled - reason:We cannot accept an order at a limit price at or more aggressive than 46.7. Please submit your order using a <br>limit price that is closer to the current market price of 45.7. or convert your order to an algorithmic Order <br>(IBALGO)
  status=Cancelled filled=0.0 avgPrice=0.0
Error 10148, reqId 75: OrderId 75 that needs to be cancelled cannot be cancelled, state: Cancelled.
  ! exit FAILED auto_20260804_090940: leg BUY 7630.0C did not fill
Error 10090, reqId 77: Part of requested market data is not subscribed. Subscription-independent ticks are still active.Delayed market data is available.SPX S&P 500 Stock Index/TOP/ALL, contract: Option(conId=899494079, symbol='SPX', lastTradeDateOrContractMonth='20260804', strike=7630.0, right='C', multiplier='100', exchange='SMART', currency='USD', localSymbol='SPXW  260804C07630000', tradingClass='SPXW')
Error 10090, reqId 79: Part of requested market data is not subscribed. Subscription-independent ticks are still active.Delayed market data is available.SPX S&P 500 Stock Index/TOP/ALL, contract: Option(conId=904006709, symbol='SPX', lastTradeDateOrContractMonth='20260804', strike=7655.0, right='C', multiplier='100', exchange='SMART', currency='USD', localSymbol='SPXW  260804C07655000', tradingClass='SPXW')
  BUY 1 @ lim 42.10 -> orderId 80
  status=Filled filled=1.0 avgPrice=42.0
  SELL 1 @ lim 21.20 -> orderId 81
  status=Filled filled=1.0 avgPrice=21.2
  CLOSED auto_20260804_090940 cost 20.80 P&L $-71 — level ACCEPTED: spot 7671 held above the 7630 short strike for 12min (>10) — the wall we sold did not hold
Error 10090, reqId 83: Part of requested market data is not subscribed. Subscription-independent ticks are still active.Delayed market data is available.SPX S&P 500 Stock Index/TOP/ALL, contract: Option(conId=897609959, symbol='SPX', lastTradeDateOrContractMonth='20260804', strike=7675.0, right='C', multiplier='100', exchange='SMART', currency='USD', localSymbol='SPXW  260804C07675000', tradingClass='SPXW')
Error 10090, reqId 85: Part of requested market data is not subscribed. Subscription-independent ticks are still active.Delayed market data is available.SPX S&P 500 Stock Index/TOP/ALL, contract: Option(conId=896510085, symbol='SPX', lastTradeDateOrContractMonth='20260804', strike=7700.0, right='C', multiplier='100', exchange='SMART', currency='USD', localSymbol='SPXW  260804C07700000', tradingClass='SPXW')
  BUY 1 @ lim 14.60 -> orderId 86
  status=Filled filled=1.0 avgPrice=14.4
  SELL 1 @ lim 3.80 -> orderId 87
  status=Filled filled=1.0 avgPrice=3.8
  CLOSED auto_20260804_083337 cost 10.60 P&L $-866 — level ACCEPTED: spot 7682 held above the 7675 short strike for 10min (>10) — the wall we sold did not hold
Error 1100, reqId -1: Connectivity between IBKR and Trader Workstation has been lost.
Error 1102, reqId -1: Connectivity between IBKR and Trader Workstation has been restored - data maintained. The following farms are connected: usfarm.nj; usopt; usfarm; secdefnj. The following farms are not connected: ushmds.
Error 10090, reqId 90: Part of requested market data is not subscribed. Subscription-independent ticks are still active.Delayed market data is available.SPX S&P 500 Stock Index/TOP/ALL, contract: Option(conId=907858721, symbol='SPX', lastTradeDateOrContractMonth='20260804', strike=7735.0, right='C', multiplier='100', exchange='SMART', currency='USD', localSymbol='SPXW  260804C07735000', tradingClass='SPXW')
Error 10090, reqId 92: Part of requested market data is not subscribed. Subscription-independent ticks are still active.Delayed market data is available.SPX S&P 500 Stock Index/TOP/ALL, contract: Option(conId=907464328, symbol='SPX', lastTradeDateOrContractMonth='20260804', strike=7760.0, right='C', multiplier='100', exchange='SMART', currency='USD', localSymbol='SPXW  260804C07760000', tradingClass='SPXW')
  BUY 1 @ lim 11.30 -> orderId 93
  status=Filled filled=1.0 avgPrice=11.2
  SELL 1 @ lim 3.00 -> orderId 94
  status=Filled filled=1.0 avgPrice=3.0
  CLOSED auto_20260804_090532 cost 8.20 P&L $-786 — level ACCEPTED: spot 7736 held above the 7735 short strike for 10min (>10) — the wall we sold did not hold
Error 10090, reqId 96: Part of requested market data is not subscribed. Subscription-independent ticks are still active.Delayed market data is available.SPX S&P 500 Stock Index/TOP/ALL, contract: Option(conId=896510896, symbol='SPX', lastTradeDateOrContractMonth='20260804', strike=7600.0, right='P', multiplier='100', exchange='SMART', currency='USD', localSymbol='SPXW  260804P07600000', tradingClass='SPXW')
Error 10090, reqId 98: Part of requested market data is not subscribed. Subscription-independent ticks are still active.Delayed market data is available.SPX S&P 500 Stock Index/TOP/ALL, contract: Option(conId=896510884, symbol='SPX', lastTradeDateOrContractMonth='20260804', strike=7575.0, right='P', multiplier='100', exchange='SMART', currency='USD', localSymbol='SPXW  260804P07575000', tradingClass='SPXW')
  ! exit quote failed auto_20260804_083352: no live quote 7575.0P — nothing placed
Error 10090, reqId 100: Part of requested market data is not subscribed. Subscription-independent ticks are still active.Delayed market data is available.SPX S&P 500 Stock Index/TOP/ALL, contract: Option(conId=901395176, symbol='SPX', lastTradeDateOrContractMonth='20260804', strike=7585.0, right='P', multiplier='100', exchange='SMART', currency='USD', localSymbol='SPXW  260804P07585000', tradingClass='SPXW')
Error 10090, reqId 102: Part of requested market data is not subscribed. Subscription-independent ticks are still active.Delayed market data is available.SPX S&P 500 Stock Index/TOP/ALL, contract: Option(conId=897610460, symbol='SPX', lastTradeDateOrContractMonth='20260804', strike=7560.0, right='P', multiplier='100', exchange='SMART', currency='USD', localSymbol='SPXW  260804P07560000', tradingClass='SPXW')
  ! exit quote failed auto_20260804_090516: no live quote 7560.0P — nothing placed
Error 10090, reqId 104: Part of requested market data is not subscribed. Subscription-independent ticks are still active.Delayed market data is available.SPX S&P 500 Stock Index/TOP/ALL, contract: Option(conId=900382694, symbol='SPX', lastTradeDateOrContractMonth='20260804', strike=7660.0, right='P', multiplier='100', exchange='SMART', currency='USD', localSymbol='SPXW  260804P07660000', tradingClass='SPXW')
Error 10090, reqId 106: Part of requested market data is not subscribed. Subscription-independent ticks are still active.Delayed market data is available.SPX S&P 500 Stock Index/TOP/ALL, contract: Option(conId=902387093, symbol='SPX', lastTradeDateOrContractMonth='20260804', strike=7635.0, right='P', multiplier='100', exchange='SMART', currency='USD', localSymbol='SPXW  260804P07635000', tradingClass='SPXW')
  ! exit quote failed auto_20260804_090917: no live quote 7635.0P — nothing placed
Error 10090, reqId 108: Part of requested market data is not subscribed. Subscription-independent ticks are still active.Delayed market data is available.SPX S&P 500 Stock Index/TOP/ALL, contract: Option(conId=896510896, symbol='SPX', lastTradeDateOrContractMonth='20260804', strike=7600.0, right='P', multiplier='100', exchange='SMART', currency='USD', localSymbol='SPXW  260804P07600000', tradingClass='SPXW')
Error 10090, reqId 110: Part of requested market data is not subscribed. Subscription-independent ticks are still active.Delayed market data is available.SPX S&P 500 Stock Index/TOP/ALL, contract: Option(conId=896510884, symbol='SPX', lastTradeDateOrContractMonth='20260804', strike=7575.0, right='P', multiplier='100', exchange='SMART', currency='USD', localSymbol='SPXW  260804P07575000', tradingClass='SPXW')
  ! exit quote failed auto_20260804_083352: no live quote 7575.0P — nothing placed
Error 10090, reqId 112: Part of requested market data is not subscribed. Subscription-independent ticks are still active.Delayed market data is available.SPX S&P 500 Stock Index/TOP/ALL, contract: Option(conId=901395176, symbol='SPX', lastTradeDateOrContractMonth='20260804', strike=7585.0, right='P', multiplier='100', exchange='SMART', currency='USD', localSymbol='SPXW  260804P07585000', tradingClass='SPXW')
Error 10090, reqId 114: Part of requested market data is not subscribed. Subscription-independent ticks are still active.Delayed market data is available.SPX S&P 500 Stock Index/TOP/ALL, contract: Option(conId=897610460, symbol='SPX', lastTradeDateOrContractMonth='20260804', strike=7560.0, right='P', multiplier='100', exchange='SMART', currency='USD', localSymbol='SPXW  260804P07560000', tradingClass='SPXW')
  ! exit quote failed auto_20260804_090516: no live quote 7560.0P — nothing placed
Error 10090, reqId 116: Part of requested market data is not subscribed. Subscription-independent ticks are still active.Delayed market data is available.SPX S&P 500 Stock Index/TOP/ALL, contract: Option(conId=900382694, symbol='SPX', lastTradeDateOrContractMonth='20260804', strike=7660.0, right='P', multiplier='100', exchange='SMART', currency='USD', localSymbol='SPXW  260804P07660000', tradingClass='SPXW')
Error 10090, reqId 118: Part of requested market data is not subscribed. Subscription-independent ticks are still active.Delayed market data is available.SPX S&P 500 Stock Index/TOP/ALL, contract: Option(conId=902387093, symbol='SPX', lastTradeDateOrContractMonth='20260804', strike=7635.0, right='P', multiplier='100', exchange='SMART', currency='USD', localSymbol='SPXW  260804P07635000', tradingClass='SPXW')
  ! exit quote failed auto_20260804_090917: no live quote 7635.0P — nothing placed
Error 10090, reqId 120: Part of requested market data is not subscribed. Subscription-independent ticks are still active.Delayed market data is available.SPX S&P 500 Stock Index/TOP/ALL, contract: Option(conId=896510896, symbol='SPX', lastTradeDateOrContractMonth='20260804', strike=7600.0, right='P', multiplier='100', exchange='SMART', currency='USD', localSymbol='SPXW  260804P07600000', tradingClass='SPXW')
Error 10090, reqId 122: Part of requested market data is not subscribed. Subscription-independent ticks are still active.Delayed market data is available.SPX S&P 500 Stock Index/TOP/ALL, contract: Option(conId=896510884, symbol='SPX', lastTradeDateOrContractMonth='20260804', strike=7575.0, right='P', multiplier='100', exchange='SMART', currency='USD', localSymbol='SPXW  260804P07575000', tradingClass='SPXW')
  ! exit quote failed auto_20260804_083352: no live quote 7575.0P — nothing placed
Error 10090, reqId 124: Part of requested market data is not subscribed. Subscription-independent ticks are still active.Delayed market data is available.SPX S&P 500 Stock Index/TOP/ALL, contract: Option(conId=901395176, symbol='SPX', lastTradeDateOrContractMonth='20260804', strike=7585.0, right='P', multiplier='100', exchange='SMART', currency='USD', localSymbol='SPXW  260804P07585000', tradingClass='SPXW')
Error 10090, reqId 126: Part of requested market data is not subscribed. Subscription-independent ticks are still active.Delayed market data is available.SPX S&P 500 Stock Index/TOP/ALL, contract: Option(conId=897610460, symbol='SPX', lastTradeDateOrContractMonth='20260804', strike=7560.0, right='P', multiplier='100', exchange='SMART', currency='USD', localSymbol='SPXW  260804P07560000', tradingClass='SPXW')
  ! exit quote failed auto_20260804_090516: no live quote 7560.0P — nothing placed
Error 10090, reqId 128: Part of requested market data is not subscribed. Subscription-independent ticks are still active.Delayed market data is available.SPX S&P 500 Stock Index/TOP/ALL, contract: Option(conId=900382694, symbol='SPX', lastTradeDateOrContractMonth='20260804', strike=7660.0, right='P', multiplier='100', exchange='SMART', currency='USD', localSymbol='SPXW  260804P07660000', tradingClass='SPXW')
Error 10090, reqId 130: Part of requested market data is not subscribed. Subscription-independent ticks are still active.Delayed market data is available.SPX S&P 500 Stock Index/TOP/ALL, contract: Option(conId=902387093, symbol='SPX', lastTradeDateOrContractMonth='20260804', strike=7635.0, right='P', multiplier='100', exchange='SMART', currency='USD', localSymbol='SPXW  260804P07635000', tradingClass='SPXW')
  ! exit quote failed auto_20260804_090917: no live quote 7635.0P — nothing placed
Error 10090, reqId 132: Part of requested market data is not subscribed. Subscription-independent ticks are still active.Delayed market data is available.SPX S&P 500 Stock Index/TOP/ALL, contract: Option(conId=896510896, symbol='SPX', lastTradeDateOrContractMonth='20260804', strike=7600.0, right='P', multiplier='100', exchange='SMART', currency='USD', localSymbol='SPXW  260804P07600000', tradingClass='SPXW')
Error 10090, reqId 134: Part of requested market data is not subscribed. Subscription-independent ticks are still active.Delayed market data is available.SPX S&P 500 Stock Index/TOP/ALL, contract: Option(conId=896510884, symbol='SPX', lastTradeDateOrContractMonth='20260804', strike=7575.0, right='P', multiplier='100', exchange='SMART', currency='USD', localSymbol='SPXW  260804P07575000', tradingClass='SPXW')
  ! exit quote failed auto_20260804_083352: no live quote 7575.0P — nothing placed
Error 10090, reqId 136: Part of requested market data is not subscribed. Subscription-independent ticks are still active.Delayed market data is available.SPX S&P 500 Stock Index/TOP/ALL, contract: Option(conId=901395176, symbol='SPX', lastTradeDateOrContractMonth='20260804', strike=7585.0, right='P', multiplier='100', exchange='SMART', currency='USD', localSymbol='SPXW  260804P07585000', tradingClass='SPXW')
Error 10090, reqId 138: Part of requested market data is not subscribed. Subscription-independent ticks are still active.Delayed market data is available.SPX S&P 500 Stock Index/TOP/ALL, contract: Option(conId=897610460, symbol='SPX', lastTradeDateOrContractMonth='20260804', strike=7560.0, right='P', multiplier='100', exchange='SMART', currency='USD', localSymbol='SPXW  260804P07560000', tradingClass='SPXW')
  ! exit quote failed auto_20260804_090516: no live quote 7560.0P — nothing placed
Error 10090, reqId 140: Part of requested market data is not subscribed. Subscription-independent ticks are still active.Delayed market data is available.SPX S&P 500 Stock Index/TOP/ALL, contract: Option(conId=900382694, symbol='SPX', lastTradeDateOrContractMonth='20260804', strike=7660.0, right='P', multiplier='100', exchange='SMART', currency='USD', localSymbol='SPXW  260804P07660000', tradingClass='SPXW')
Error 10090, reqId 142: Part of requested market data is not subscribed. Subscription-independent ticks are still active.Delayed market data is available.SPX S&P 500 Stock Index/TOP/ALL, contract: Option(conId=902387093, symbol='SPX', lastTradeDateOrContractMonth='20260804', strike=7635.0, right='P', multiplier='100', exchange='SMART', currency='USD', localSymbol='SPXW  260804P07635000', tradingClass='SPXW')
  ! exit quote failed auto_20260804_090917: no live quote 7635.0P — nothing placed
Error 10090, reqId 144: Part of requested market data is not subscribed. Subscription-independent ticks are still active.Delayed market data is available.SPX S&P 500 Stock Index/TOP/ALL, contract: Option(conId=896510896, symbol='SPX', lastTradeDateOrContractMonth='20260804', strike=7600.0, right='P', multiplier='100', exchange='SMART', currency='USD', localSymbol='SPXW  260804P07600000', tradingClass='SPXW')
Error 10090, reqId 146: Part of requested market data is not subscribed. Subscription-independent ticks are still active.Delayed market data is available.SPX S&P 500 Stock Index/TOP/ALL, contract: Option(conId=896510884, symbol='SPX', lastTradeDateOrContractMonth='20260804', strike=7575.0, right='P', multiplier='100', exchange='SMART', currency='USD', localSymbol='SPXW  260804P07575000', tradingClass='SPXW')
  ! exit quote failed auto_20260804_083352: no live quote 7575.0P — nothing placed
Error 10090, reqId 148: Part of requested market data is not subscribed. Subscription-independent ticks are still active.Delayed market data is available.SPX S&P 500 Stock Index/TOP/ALL, contract: Option(conId=901395176, symbol='SPX', lastTradeDateOrContractMonth='20260804', strike=7585.0, right='P', multiplier='100', exchange='SMART', currency='USD', localSymbol='SPXW  260804P07585000', tradingClass='SPXW')
Error 10090, reqId 150: Part of requested market data is not subscribed. Subscription-independent ticks are still active.Delayed market data is available.SPX S&P 500 Stock Index/TOP/ALL, contract: Option(conId=897610460, symbol='SPX', lastTradeDateOrContractMonth='20260804', strike=7560.0, right='P', multiplier='100', exchange='SMART', currency='USD', localSymbol='SPXW  260804P07560000', tradingClass='SPXW')
  ! exit quote failed auto_20260804_090516: no live quote 7560.0P — nothing placed
Error 10090, reqId 152: Part of requested market data is not subscribed. Subscription-independent ticks are still active.Delayed market data is available.SPX S&P 500 Stock Index/TOP/ALL, contract: Option(conId=900382694, symbol='SPX', lastTradeDateOrContractMonth='20260804', strike=7660.0, right='P', multiplier='100', exchange='SMART', currency='USD', localSymbol='SPXW  260804P07660000', tradingClass='SPXW')
Error 10090, reqId 154: Part of requested market data is not subscribed. Subscription-independent ticks are still active.Delayed market data is available.SPX S&P 500 Stock Index/TOP/ALL, contract: Option(conId=902387093, symbol='SPX', lastTradeDateOrContractMonth='20260804', strike=7635.0, right='P', multiplier='100', exchange='SMART', currency='USD', localSymbol='SPXW  260804P07635000', tradingClass='SPXW')
  ! exit quote failed auto_20260804_090917: no live quote 7635.0P — nothing placed
Error 10090, reqId 156: Part of requested market data is not subscribed. Subscription-independent ticks are still active.Delayed market data is available.SPX S&P 500 Stock Index/TOP/ALL, contract: Option(conId=896510896, symbol='SPX', lastTradeDateOrContractMonth='20260804', strike=7600.0, right='P', multiplier='100', exchange='SMART', currency='USD', localSymbol='SPXW  260804P07600000', tradingClass='SPXW')
Error 10090, reqId 158: Part of requested market data is not subscribed. Subscription-independent ticks are still active.Delayed market data is available.SPX S&P 500 Stock Index/TOP/ALL, contract: Option(conId=896510884, symbol='SPX', lastTradeDateOrContractMonth='20260804', strike=7575.0, right='P', multiplier='100', exchange='SMART', currency='USD', localSymbol='SPXW  260804P07575000', tradingClass='SPXW')
  ! exit quote failed auto_20260804_083352: no live quote 7575.0P — nothing placed
Error 10090, reqId 160: Part of requested market data is not subscribed. Subscription-independent ticks are still active.Delayed market data is available.SPX S&P 500 Stock Index/TOP/ALL, contract: Option(conId=901395176, symbol='SPX', lastTradeDateOrContractMonth='20260804', strike=7585.0, right='P', multiplier='100', exchange='SMART', currency='USD', localSymbol='SPXW  260804P07585000', tradingClass='SPXW')
Error 10090, reqId 162: Part of requested market data is not subscribed. Subscription-independent ticks are still active.Delayed market data is available.SPX S&P 500 Stock Index/TOP/ALL, contract: Option(conId=897610460, symbol='SPX', lastTradeDateOrContractMonth='20260804', strike=7560.0, right='P', multiplier='100', exchange='SMART', currency='USD', localSymbol='SPXW  260804P07560000', tradingClass='SPXW')
  ! exit quote failed auto_20260804_090516: no live quote 7560.0P — nothing placed
Error 10090, reqId 164: Part of requested market data is not subscribed. Subscription-independent ticks are still active.Delayed market data is available.SPX S&P 500 Stock Index/TOP/ALL, contract: Option(conId=900382694, symbol='SPX', lastTradeDateOrContractMonth='20260804', strike=7660.0, right='P', multiplier='100', exchange='SMART', currency='USD', localSymbol='SPXW  260804P07660000', tradingClass='SPXW')
Error 10090, reqId 166: Part of requested market data is not subscribed. Subscription-independent ticks are still active.Delayed market data is available.SPX S&P 500 Stock Index/TOP/ALL, contract: Option(conId=902387093, symbol='SPX', lastTradeDateOrContractMonth='20260804', strike=7635.0, right='P', multiplier='100', exchange='SMART', currency='USD', localSymbol='SPXW  260804P07635000', tradingClass='SPXW')
  ! exit quote failed auto_20260804_090917: no live quote 7635.0P — nothing placed
Error 10090, reqId 168: Part of requested market data is not subscribed. Subscription-independent ticks are still active.Delayed market data is available.SPX S&P 500 Stock Index/TOP/ALL, contract: Option(conId=896510896, symbol='SPX', lastTradeDateOrContractMonth='20260804', strike=7600.0, right='P', multiplier='100', exchange='SMART', currency='USD', localSymbol='SPXW  260804P07600000', tradingClass='SPXW')
Error 10090, reqId 170: Part of requested market data is not subscribed. Subscription-independent ticks are still active.Delayed market data is available.SPX S&P 500 Stock Index/TOP/ALL, contract: Option(conId=896510884, symbol='SPX', lastTradeDateOrContractMonth='20260804', strike=7575.0, right='P', multiplier='100', exchange='SMART', currency='USD', localSymbol='SPXW  260804P07575000', tradingClass='SPXW')
  ! exit quote failed auto_20260804_083352: no live quote 7575.0P — nothing placed
Error 10090, reqId 172: Part of requested market data is not subscribed. Subscription-independent ticks are still active.Delayed market data is available.SPX S&P 500 Stock Index/TOP/ALL, contract: Option(conId=901395176, symbol='SPX', lastTradeDateOrContractMonth='20260804', strike=7585.0, right='P', multiplier='100', exchange='SMART', currency='USD', localSymbol='SPXW  260804P07585000', tradingClass='SPXW')
Error 10090, reqId 174: Part of requested market data is not subscribed. Subscription-independent ticks are still active.Delayed market data is available.SPX S&P 500 Stock Index/TOP/ALL, contract: Option(conId=897610460, symbol='SPX', lastTradeDateOrContractMonth='20260804', strike=7560.0, right='P', multiplier='100', exchange='SMART', currency='USD', localSymbol='SPXW  260804P07560000', tradingClass='SPXW')
  ! exit quote failed auto_20260804_090516: no live quote 7560.0P — nothing placed
Error 10090, reqId 176: Part of requested market data is not subscribed. Subscription-independent ticks are still active.Delayed market data is available.SPX S&P 500 Stock Index/TOP/ALL, contract: Option(conId=900382694, symbol='SPX', lastTradeDateOrContractMonth='20260804', strike=7660.0, right='P', multiplier='100', exchange='SMART', currency='USD', localSymbol='SPXW  260804P07660000', tradingClass='SPXW')
Error 10090, reqId 178: Part of requested market data is not subscribed. Subscription-independent ticks are still active.Delayed market data is available.SPX S&P 500 Stock Index/TOP/ALL, contract: Option(conId=902387093, symbol='SPX', lastTradeDateOrContractMonth='20260804', strike=7635.0, right='P', multiplier='100', exchange='SMART', currency='USD', localSymbol='SPXW  260804P07635000', tradingClass='SPXW')
  ! exit quote failed auto_20260804_090917: no live quote 7635.0P — nothing placed
Error 10090, reqId 180: Part of requested market data is not subscribed. Subscription-independent ticks are still active.Delayed market data is available.SPX S&P 500 Stock Index/TOP/ALL, contract: Option(conId=896510896, symbol='SPX', lastTradeDateOrContractMonth='20260804', strike=7600.0, right='P', multiplier='100', exchange='SMART', currency='USD', localSymbol='SPXW  260804P07600000', tradingClass='SPXW')
Error 10090, reqId 182: Part of requested market data is not subscribed. Subscription-independent ticks are still active.Delayed market data is available.SPX S&P 500 Stock Index/TOP/ALL, contract: Option(conId=896510884, symbol='SPX', lastTradeDateOrContractMonth='20260804', strike=7575.0, right='P', multiplier='100', exchange='SMART', currency='USD', localSymbol='SPXW  260804P07575000', tradingClass='SPXW')
  ! exit quote failed auto_20260804_083352: no live quote 7575.0P — nothing placed
Error 10090, reqId 184: Part of requested market data is not subscribed. Subscription-independent ticks are still active.Delayed market data is available.SPX S&P 500 Stock Index/TOP/ALL, contract: Option(conId=901395176, symbol='SPX', lastTradeDateOrContractMonth='20260804', strike=7585.0, right='P', multiplier='100', exchange='SMART', currency='USD', localSymbol='SPXW  260804P07585000', tradingClass='SPXW')
Error 10090, reqId 186: Part of requested market data is not subscribed. Subscription-independent ticks are still active.Delayed market data is available.SPX S&P 500 Stock Index/TOP/ALL, contract: Option(conId=897610460, symbol='SPX', lastTradeDateOrContractMonth='20260804', strike=7560.0, right='P', multiplier='100', exchange='SMART', currency='USD', localSymbol='SPXW  260804P07560000', tradingClass='SPXW')
  ! exit quote failed auto_20260804_090516: no live quote 7560.0P — nothing placed
Error 10090, reqId 188: Part of requested market data is not subscribed. Subscription-independent ticks are still active.Delayed market data is available.SPX S&P 500 Stock Index/TOP/ALL, contract: Option(conId=900382694, symbol='SPX', lastTradeDateOrContractMonth='20260804', strike=7660.0, right='P', multiplier='100', exchange='SMART', currency='USD', localSymbol='SPXW  260804P07660000', tradingClass='SPXW')
Error 10090, reqId 190: Part of requested market data is not subscribed. Subscription-independent ticks are still active.Delayed market data is available.SPX S&P 500 Stock Index/TOP/ALL, contract: Option(conId=902387093, symbol='SPX', lastTradeDateOrContractMonth='20260804', strike=7635.0, right='P', multiplier='100', exchange='SMART', currency='USD', localSymbol='SPXW  260804P07635000', tradingClass='SPXW')
  ! exit quote failed auto_20260804_090917: no live quote 7635.0P — nothing placed
Error 10090, reqId 192: Part of requested market data is not subscribed. Subscription-independent ticks are still active.Delayed market data is available.SPX S&P 500 Stock Index/TOP/ALL, contract: Option(conId=896510896, symbol='SPX', lastTradeDateOrContractMonth='20260804', strike=7600.0, right='P', multiplier='100', exchange='SMART', currency='USD', localSymbol='SPXW  260804P07600000', tradingClass='SPXW')
Error 10090, reqId 194: Part of requested market data is not subscribed. Subscription-independent ticks are still active.Delayed market data is available.SPX S&P 500 Stock Index/TOP/ALL, contract: Option(conId=896510884, symbol='SPX', lastTradeDateOrContractMonth='20260804', strike=7575.0, right='P', multiplier='100', exchange='SMART', currency='USD', localSymbol='SPXW  260804P07575000', tradingClass='SPXW')
  ! exit quote failed auto_20260804_083352: no live quote 7575.0P — nothing placed
Error 10090, reqId 196: Part of requested market data is not subscribed. Subscription-independent ticks are still active.Delayed market data is available.SPX S&P 500 Stock Index/TOP/ALL, contract: Option(conId=901395176, symbol='SPX', lastTradeDateOrContractMonth='20260804', strike=7585.0, right='P', multiplier='100', exchange='SMART', currency='USD', localSymbol='SPXW  260804P07585000', tradingClass='SPXW')
Error 10090, reqId 198: Part of requested market data is not subscribed. Subscription-independent ticks are still active.Delayed market data is available.SPX S&P 500 Stock Index/TOP/ALL, contract: Option(conId=897610460, symbol='SPX', lastTradeDateOrContractMonth='20260804', strike=7560.0, right='P', multiplier='100', exchange='SMART', currency='USD', localSymbol='SPXW  260804P07560000', tradingClass='SPXW')
  ! exit quote failed auto_20260804_090516: no live quote 7560.0P — nothing placed
Error 10090, reqId 200: Part of requested market data is not subscribed. Subscription-independent ticks are still active.Delayed market data is available.SPX S&P 500 Stock Index/TOP/ALL, contract: Option(conId=900382694, symbol='SPX', lastTradeDateOrContractMonth='20260804', strike=7660.0, right='P', multiplier='100', exchange='SMART', currency='USD', localSymbol='SPXW  260804P07660000', tradingClass='SPXW')
Error 10090, reqId 202: Part of requested market data is not subscribed. Subscription-independent ticks are still active.Delayed market data is available.SPX S&P 500 Stock Index/TOP/ALL, contract: Option(conId=902387093, symbol='SPX', lastTradeDateOrContractMonth='20260804', strike=7635.0, right='P', multiplier='100', exchange='SMART', currency='USD', localSymbol='SPXW  260804P07635000', tradingClass='SPXW')
  ! exit quote failed auto_20260804_090917: no live quote 7635.0P — nothing placed

done. 10 triggers fired: eodic_p(?), eodic_c(C), eodfly_p(C), eodfly_c(C), openic_p(C), openic_c(C), openfly_p(C), openfly_c(C), gx_bps(?), gx_bcs(C)
