12 tickers · 1254 request-dates (2021-09-28..2026-07-17)
  ...100/1254 dates  570 level-days  (300 requests)
  ...200/1254 dates  1162 level-days  (600 requests)
  ...300/1254 dates  1848 level-days  (900 requests)
  ...400/1254 dates  2502 level-days  (1200 requests)
  ...500/1254 dates  3181 level-days  (1500 requests)
  ...600/1254 dates  3853 level-days  (1800 requests)
  ...700/1254 dates  4524 level-days  (2100 requests)
  ...800/1254 dates  5593 level-days  (2400 requests)
  ...900/1254 dates  6736 level-days  (2700 requests)
  ...1000/1254 dates  7903 level-days  (3000 requests)
  ...1100/1254 dates  9089 level-days  (3300 requests)
  ...1200/1254 dates  10239 level-days  (3600 requests)
ES1!   : 524 sessions  2024-07-01..2026-07-15  (no-spot rows: 524)
NQ1!   : 524 sessions  2024-07-01..2026-07-15  (no-spot rows: 524)
RTY1!  : 524 sessions  2024-07-01..2026-07-15  (no-spot rows: 524)
CL1!   : 524 sessions  2024-07-01..2026-07-15  (no-spot rows: 524)
GC1!   : 524 sessions  2024-07-01..2026-07-15  (no-spot rows: 524)
AAPL   : 1202 sessions  2021-09-27..2026-07-15  (no-spot rows: 1)
MSFT   : 1201 sessions  2021-09-27..2026-07-15  (no-spot rows: 1)
NVDA   : 1202 sessions  2021-09-27..2026-07-15  (no-spot rows: 1)
AMZN   : 1201 sessions  2021-09-27..2026-07-15  (no-spot rows: 1)
GOOGL  : 1202 sessions  2021-09-27..2026-07-15  (no-spot rows: 1)
META   : 1025 sessions  2022-06-09..2026-07-15  (no-spot rows: 1)
TSLA   : 1201 sessions  2021-09-27..2026-07-15  (no-spot rows: 1)

DONE — 3762 requests used.
