  OK SPX      +0 new  (202 sessions)
  OK SPY      +0 new  (202 sessions)
  OK QQQ      +0 new  (202 sessions)
  OK NDX      +0 new  (202 sessions)
  OK IWM      +0 new  (202 sessions)
  OK RUT      +0 new  (202 sessions)
  OK DIA      +0 new  (202 sessions)
  OK XLK      +0 new  (202 sessions)
  OK SMH      +0 new  (202 sessions)
  OK XLF      +0 new  (202 sessions)
  OK XLE      +0 new  (202 sessions)
  OK XLV      +0 new  (202 sessions)
  OK XLY      +0 new  (202 sessions)
  OK XLI      +0 new  (202 sessions)
  OK XLP      +0 new  (202 sessions)
  OK XLU      +0 new  (202 sessions)
  OK XLB      +0 new  (202 sessions)
  OK XLC      +0 new  (202 sessions)
  OK XLRE     +0 new  (202 sessions)
  OK XLG      +0 new  (0 sessions)
  OK VIX      +0 new  (202 sessions)
  OK IBIT   +202 new  (202 sessions)
  OK GLD    +202 new  (202 sessions)
  OK USO    +202 new  (202 sessions)
  OK TLT    +202 new  (202 sessions)
  OK HYG    +202 new  (202 sessions)
  OK ES1!   +208 new  (208 sessions)
  OK NQ1!   +208 new  (208 sessions)
  OK RTY1!  +208 new  (208 sessions)
  OK GC1!   +208 new  (208 sessions)
  OK CL1!   +208 new  (208 sessions)
  OK AAPL   +202 new  (202 sessions)
  OK MSFT   +202 new  (202 sessions)
  OK NVDA   +202 new  (202 sessions)
  OK AMZN   +202 new  (202 sessions)
  OK GOOG   +202 new  (202 sessions)
  OK META   +202 new  (202 sessions)
  OK TSLA   +202 new  (202 sessions)

Done. 38 tickers -> C:\Users\Admin\myquant\scratchpad\bl_basket_gamma.json
