  OK SPX    +202 new  (202 sessions)
  OK SPY    +202 new  (202 sessions)
  OK QQQ    +202 new  (202 sessions)
  OK NDX    +202 new  (202 sessions)
  OK IWM    +202 new  (202 sessions)
  OK RUT    +202 new  (202 sessions)
  OK DIA    +202 new  (202 sessions)
  OK XLK    +202 new  (202 sessions)
  OK SMH    +202 new  (202 sessions)
  OK XLF    +202 new  (202 sessions)
  OK XLE    +202 new  (202 sessions)
  OK XLV    +202 new  (202 sessions)
  OK XLY    +202 new  (202 sessions)
  OK XLI    +202 new  (202 sessions)
  OK XLP    +202 new  (202 sessions)
  OK XLU    +202 new  (202 sessions)
  OK XLB    +202 new  (202 sessions)
  OK XLC    +202 new  (202 sessions)
  OK XLRE   +202 new  (202 sessions)
  OK XLG      +0 new  (0 sessions)
  OK VIX    +202 new  (202 sessions)
  OK IBIT   +202 new  (202 sessions)
  OK GLD    +202 new  (202 sessions)
  OK USO    +202 new  (202 sessions)
  OK TLT    +202 new  (202 sessions)
  OK HYG    +202 new  (202 sessions)
  OK ES1!   +208 new  (208 sessions)
  OK NQ1!   +208 new  (208 sessions)
  OK RTY1!  +208 new  (208 sessions)
  OK GC1!   +208 new  (208 sessions)
  OK CL1!   +208 new  (208 sessions)
  OK AAPL   +202 new  (202 sessions)
  OK MSFT   +202 new  (202 sessions)
  OK NVDA   +202 new  (202 sessions)
  OK AMZN   +202 new  (202 sessions)
  OK GOOG   +202 new  (202 sessions)
  OK META   +202 new  (202 sessions)
  OK TSLA   +202 new  (202 sessions)

Done. 38 tickers -> C:\Users\Admin\myquant\scratchpad\bl_basket_gamma.json
