77 jobs: 77 done, 0 pending (skipped this run)

[1/77] OPRA-20260806-95WSEKFWG5  (14 files, 0.08 GB)
[2/77] OPRA-20260806-LRRBQPB488  (28 files, 0.16 GB)
[3/77] OPRA-20260806-LSNW5R37T3  (42 files, 0.26 GB)
[4/77] OPRA-20260806-DBRGMYN6KG  (56 files, 0.34 GB)
[5/77] OPRA-20260806-C9V6QRJREE  (70 files, 0.42 GB)
[6/77] OPRA-20260806-9MDRQ5EPV8  (84 files, 0.51 GB)
[7/77] OPRA-20260806-LC5L3SL6RK  (98 files, 0.59 GB)
[8/77] OPRA-20260806-AE5S8LQHHU  (112 files, 0.68 GB)
[9/77] OPRA-20260806-MXW5G9FBNU  (126 files, 0.78 GB)
[10/77] OPRA-20260806-5LCGG5E6X4  (140 files, 0.88 GB)
[11/77] OPRA-20260806-8FH56NAPC4  (154 files, 0.97 GB)
[12/77] OPRA-20260806-G9U5L3PMLM  (168 files, 1.06 GB)
[13/77] OPRA-20260806-RFU9YXE9G9  (182 files, 1.16 GB)
[14/77] OPRA-20260806-7JT5UHRYFX  (196 files, 1.26 GB)
[15/77] OPRA-20260806-KWH7HBXGN4  (210 files, 1.34 GB)
[16/77] OPRA-20260806-SFRSF479XA  (224 files, 1.42 GB)
[17/77] OPRA-20260806-GUE3Q8NPTV  (238 files, 1.50 GB)
[18/77] OPRA-20260806-VP5YHWYA6P  (252 files, 1.59 GB)
[19/77] OPRA-20260806-F4BVCLEG56  (266 files, 1.67 GB)
[20/77] OPRA-20260806-EK77J7B95P  (280 files, 1.76 GB)
[21/77] OPRA-20260806-KD43LF6MMU  (294 files, 1.84 GB)
[22/77] OPRA-20260806-X98XW9TA3L  (308 files, 1.93 GB)
[23/77] OPRA-20260806-PCWT6L79QV  (322 files, 2.02 GB)
[24/77] OPRA-20260806-UN6TE4EGPW  (336 files, 2.12 GB)
[25/77] OPRA-20260806-NHUWBJ96NY  (350 files, 2.22 GB)
[26/77] OPRA-20260806-3QN793SEB4  (364 files, 2.31 GB)
[27/77] OPRA-20260806-HU3EFF9D6X  (378 files, 2.40 GB)
[28/77] OPRA-20260806-647B8955WN  (392 files, 2.48 GB)
[29/77] OPRA-20260806-XMFMA58VCR  (406 files, 2.57 GB)
[30/77] OPRA-20260806-8XAY6WUMXX  (420 files, 2.66 GB)
[31/77] OPRA-20260806-G3MK58H5LU  (434 files, 2.76 GB)
[32/77] OPRA-20260806-ACEFEEPYGF  (448 files, 2.85 GB)
[33/77] OPRA-20260806-CQA3TF7WWP  (462 files, 2.95 GB)
[34/77] OPRA-20260806-EBJ5KNBWQJ  (476 files, 3.04 GB)
[35/77] OPRA-20260806-FLWBUMRVU6  (490 files, 3.14 GB)
[36/77] OPRA-20260806-U7BR6394SW  (504 files, 3.22 GB)
[37/77] OPRA-20260806-7FWTTC48C6  (518 files, 3.32 GB)
[38/77] OPRA-20260806-DQV6FEE8UT  (532 files, 3.41 GB)
[39/77] OPRA-20260806-M6JHKEUMRQ  (546 files, 3.49 GB)
[40/77] OPRA-20260806-RQNFYFN6UH  (560 files, 3.58 GB)
[41/77] OPRA-20260806-AR4GB4QTGU  (574 files, 3.68 GB)
[42/77] OPRA-20260806-U8P545DTKN  (588 files, 3.77 GB)
[43/77] OPRA-20260806-CQYMEUS7JN  (602 files, 3.86 GB)
[44/77] OPRA-20260806-FA8XFSS8CQ  (616 files, 3.97 GB)
[45/77] OPRA-20260806-WH7JDJH3FC  (630 files, 4.09 GB)
[46/77] OPRA-20260806-4G3VD5JGS7  (644 files, 4.22 GB)
[47/77] OPRA-20260806-Q5MVHXJHMU  (658 files, 4.34 GB)
[48/77] OPRA-20260806-9X74J6JUB6  (672 files, 4.45 GB)
[49/77] OPRA-20260806-A4ABY849WB  (686 files, 4.55 GB)
[50/77] OPRA-20260806-4VQ7AUGWJL  (700 files, 4.66 GB)
[51/77] OPRA-20260806-WJ9NT9C3AU  (714 files, 4.79 GB)
[52/77] OPRA-20260806-UVL6WTWVBB  (728 files, 4.89 GB)
[53/77] OPRA-20260806-5EAKYC5T5T  (742 files, 5.00 GB)
[54/77] OPRA-20260806-MQTYEE88YC  (756 files, 5.12 GB)
[55/77] OPRA-20260806-4QMWNWKRKJ  (770 files, 5.24 GB)
[56/77] OPRA-20260806-VUNHRGMDXU  (784 files, 5.35 GB)
[57/77] OPRA-20260806-ADCWQF6TP6  (798 files, 5.46 GB)
[58/77] OPRA-20260806-QUG5TFRHNX  (812 files, 5.58 GB)
[59/77] OPRA-20260806-4Y3AVCACGY  (826 files, 5.70 GB)
[60/77] OPRA-20260806-JTTQEV8YY9  (840 files, 5.83 GB)
[61/77] OPRA-20260806-53XNVBUTDC  (854 files, 5.96 GB)
[62/77] OPRA-20260806-JU3U8MQJV8  (868 files, 6.07 GB)
[63/77] OPRA-20260806-RVPD3B6F57  (882 files, 6.18 GB)
[64/77] OPRA-20260806-6Y5UVQLJRW  (896 files, 6.30 GB)
[65/77] OPRA-20260806-KF4GJQVMUH  (910 files, 6.42 GB)
[66/77] OPRA-20260806-46LSQ6M4GC  (924 files, 6.55 GB)
[67/77] OPRA-20260806-QBMKUS5NP6  (938 files, 6.68 GB)
[68/77] OPRA-20260806-SUMJSYHE5M  (952 files, 6.81 GB)
[69/77] OPRA-20260806-VW3SMKJUV6  (966 files, 6.93 GB)
[70/77] OPRA-20260806-MU6RVSS6YM  (980 files, 7.01 GB)
[71/77] OPRA-20260806-CPFUVQF3DV  (994 files, 7.11 GB)
[72/77] OPRA-20260806-YCYYG9G4DQ  (1008 files, 7.24 GB)
[73/77] OPRA-20260806-Q5X58FVST3  (1022 files, 7.36 GB)
[74/77] OPRA-20260806-QEJVFGY6H4  (1036 files, 7.47 GB)
[75/77] OPRA-20260806-VL9LMHGDGJ  (1050 files, 7.58 GB)
[76/77] OPRA-20260806-6CKJAXJHLP  (1064 files, 7.69 GB)
[77/77] OPRA-20260806-SMGLLMA6RK  (1072 files, 7.71 GB)

DONE: 1072 files, 7.71 GB in C:\Users\Admin\myquant\data\databento\0dte_spxw_cbbo1m
