FROZEN f2EL fade regenerated: n=112  base n= 112 $   6,440 $  57.5/tr PF=1.31 win=13.4%  (target ~n141 PF1.28 wf_dataset)

==========================================================================================
LOOKBACK-K SWEEP — is K=10 arbitrary? (strong = cs>=2.0 ATR, wide/EOD fade)
==========================================================================================
    K  strong n  strong $/tr  strong PF  perm-p  rest $/tr  rest PF  hold PF
    5        18        -27.9       0.85   0.642       73.9     1.39     0.86
    8        52        124.1       1.69   0.224       -0.2     1.00     1.87
   10        58        108.1       1.60   0.257        3.1     1.02     1.89
   15        68         23.9       1.13   0.710      109.5     1.57     1.08
   20        75         52.5       1.28   0.543       67.6     1.35     1.79
==========================================================================================
TERCILE of cross_str (strong move through EMA)
==========================================================================================
  weak     n=  46 $   1,132 $  24.6/tr PF=1.12 win= 8.7%
  mid      n=  30 $  -1,762 $ -58.8/tr PF=0.69 win=13.3%
  STRONG   n=  36 $   7,070 $ 196.4/tr PF=2.12 win=19.4%

==========================================================================================
THRESHOLD sweep + perm-null + train/holdout  (does non-strong = dead?)
==========================================================================================
  >=1.0: STRONG n=  66 $   5,308 $  80.4/tr PF=1.44 win=16.7%  perm-p=0.368  
          rest  n=  46 $   1,132 $  24.6/tr PF=1.12 win= 8.7%   | STRONG train n=  41 $   2,470 $  60.2/tr PF=1.33 win=17.1% hold n=  25 $   2,838 $ 113.5/tr PF=1.62 win=16.0%
  >=1.5: STRONG n=  64 $   5,742 $  89.7/tr PF=1.50 win=17.2%  perm-p=0.324  
          rest  n=  48 $     698 $  14.5/tr PF=1.07 win= 8.3%   | STRONG train n=  40 $   2,688 $  67.2/tr PF=1.37 win=17.5% hold n=  24 $   3,055 $ 127.3/tr PF=1.70 win=16.7%
  >=2.0: STRONG n=  58 $   6,272 $ 108.1/tr PF=1.60 win=17.2%  perm-p=0.251  
          rest  n=  54 $     168 $   3.1/tr PF=1.02 win= 9.3%   | STRONG train n=  36 $   2,782 $  77.3/tr PF=1.43 win=16.7% hold n=  22 $   3,490 $ 158.6/tr PF=1.89 win=18.2%
  >=2.5: STRONG n=  38 $   6,635 $ 174.6/tr PF=1.98 win=18.4%  perm-p=0.144  
          rest  n=  74 $    -195 $  -2.6/tr PF=0.99 win=10.8%   | STRONG train n=  25 $   3,838 $ 153.5/tr PF=1.88 win=20.0% hold n=  13 $   2,798 $ 215.2/tr PF=2.17 win=15.4%
  >=3.0: STRONG n=  21 $   4,608 $ 219.4/tr PF=2.25 win=19.0%  perm-p=0.150  
          rest  n=  91 $   1,832 $  20.1/tr PF=1.11 win=12.1%   | STRONG train n=  14 $   4,342 $ 310.2/tr PF=2.82 win=21.4% hold n=   7 $     265 $  37.9/tr PF=1.20 win=14.3%

==========================================================================================
DECISION: FILTER vs SIZER at cross_str>=2.0
==========================================================================================
  base take-all fades:                n= 112 $   6,440 $  57.5/tr PF=1.31 win=13.4%
  FILTER strong-only:                 n=  58 $   6,272 $ 108.1/tr PF=1.60 win=17.2%
  the REST (weak/mid) alone:          n=  54 $     168 $   3.1/tr PF=1.02 win= 9.3%  <- if this is +$ & PF>1, DON'T filter, SIZE
  SIZER 2x-strong + 1x-rest ($ tot):  $12,712

  year-by-year, strong-only (>=2.0):
    2021: n=   3 $     822 $ 274.2/tr PF=2.89 win=33.3%
    2022: n=  16 $   1,370 $  85.6/tr PF=1.45 win=12.5%
    2023: n=  17 $     590 $  34.7/tr PF=1.19 win=17.6%
    2024: n=  11 $     520 $  47.3/tr PF=1.27 win=18.2%
    2025: n=   9 $   3,405 $ 378.3/tr PF=3.24 win=22.2%
    2026: n=   2 $    -435 $-217.5/tr PF=0.00 win= 0.0%
