  https://menthorq.com/academy/trade-futures-with-menthorq/ -> 13 lesson links
  https://menthorq.com/academy/how-to-use-blind-spots-levels/ -> 7 lesson links
  https://menthorq.com/academy/gamma-levels/ -> 15 lesson links
total unique lessons: 35
  [1/35]   2385c  0DTEs Levels Lesson - MenthorQ Academy
  [2/35]   3192c  Common Questions when Using Gamma Levels Lesson - MenthorQ Academy
  [3/35]   3485c  Gamma Levels on Futures Options Lesson - MenthorQ Academy
  [4/35]   3712c  How Options Affect the Futures Market Lesson - MenthorQ Academy
  [5/35]   2647c  Trading Examples: Intraday Levels and the importance of Flow Lesson - 
  [6/35]   1945c  Intraday vs EOD: When to Use Them Lesson - MenthorQ Academy
  [7/35]   3308c  Intro to Intraday Gamma Models Lesson - MenthorQ Academy
  [8/35]   3443c  Why Gamma Matters: MenthorQ Gamma Levels Lesson - MenthorQ Academy
  [9/35]   2828c  GEX Levels 1 to 10 Lesson - MenthorQ Academy
  [10/35]   2773c  1 Day Expected Move Indicator Lesson - MenthorQ Academy
  [11/35]   3056c  Call Resistance Level Lesson - MenthorQ Academy
  [12/35]   3092c  High Vol Level Lesson - MenthorQ Academy
  [13/35]   2735c  Put Support Level Lesson - MenthorQ Academy
  [14/35]   3487c  Understanding Gamma Levels Lesson - MenthorQ Academy
  [15/35]   3295c  Why Looking at Correlated Option Chains when Trading Futures Lesson - 
  [16/35]   2314c  Blind Spots for Futures Lesson - MenthorQ Academy
  [17/35]   3123c  Blind Spots Levels for Forex Lesson - MenthorQ Academy
  [18/35]   2433c  Blind Spots Levels for Stocks Lesson - MenthorQ Academy
  [19/35]   3070c  Create your A+ Set up and Roadmap with Blind Spots Lesson - MenthorQ A
  [20/35]   3261c  How to plan your Roadmap using Blind Spots Levels Lesson - MenthorQ Ac
  [21/35]   3362c  How to use Blind Spots Levels Lesson - MenthorQ Academy
  [22/35]   3276c  What are Blind Spots Levels? Lesson - MenthorQ Academy
  [23/35]   2723c  Building a Roadmap with Gamma Levels and Blind Spots Levels Lesson - M
  [24/35]   2953c  How to create a Roadmap for Swing Trading Lesson - MenthorQ Academy
  [25/35]   2713c  How to enter and exit positions using the Roadmap Lesson - MenthorQ Ac
  [26/35]   3344c  How to leverage data to set up your Timing Lesson - MenthorQ Academy
  [27/35]    124c  How to trade during high volatile days when levels get broken Lesson -
  [28/35]   3254c  How to use Fibonacci Levels to create a Trading Roadmap Lesson - Menth
  [29/35]   3370c  How to use Location Lesson - MenthorQ Academy
  [30/35]   2495c  How to use the Swing Trading Model to build a Roadmap Lesson - Menthor
  [31/35]   2951c  How to use Timing as your Trading Indicator Lesson - MenthorQ Academy
  [32/35]   3498c  MenthorQ for Futures Traders Lesson - MenthorQ Academy
  [33/35]    140c  Strategies to trade levels: first and second touch and Pinning Effect 
  [34/35]   3230c  The importance of Location in Trading Lesson - MenthorQ Academy
  [35/35]   3249c  Trading Setup Lesson - MenthorQ Academy

wrote 35 lessons -> C:\Users\Admin\myquant\data\menthorq\knowledge\lessons_futures
