[50/1267] trades=441 (11s)
[100/1267] trades=910 (25s)
[150/1267] trades=1470 (49s)
[200/1267] trades=2040 (74s)
[250/1267] trades=2532 (98s)
[300/1267] trades=3039 (123s)
[350/1267] trades=3568 (149s)
[400/1267] trades=4109 (170s)
[450/1267] trades=4677 (191s)
[500/1267] trades=5158 (209s)
[550/1267] trades=5635 (228s)
[600/1267] trades=6152 (250s)
[650/1267] trades=6705 (267s)
[700/1267] trades=7180 (285s)
[800/1267] trades=8252 (323s)
[850/1267] trades=8793 (342s)
[900/1267] trades=9334 (363s)
[950/1267] trades=9889 (394s)
[1000/1267] trades=10392 (413s)
[1050/1267] trades=10913 (430s)
[1100/1267] trades=11410 (451s)
[1150/1267] trades=11910 (473s)
[1200/1267] trades=12427 (498s)
[1250/1267] trades=12937 (519s)

DONE 526s  days=1231  rows=26192  -> C:\Users\Admin\myquant\scratchpad\second_entries_OLD_2bfc02b_20260724.csv

====================================================================================================
SECOND ENTRIES (2E)  n/book=3340
====================================================================================================

-- target T1 (1R) --  n=3340  meanR -0.103  win 44.9%  net $-108,000  PF 0.82
               n  meanR     win      net     PF
regime  dir                                    
BEAR    L    442 -0.095  45.249 -10922.5  0.873
        S    565 -0.076  46.195 -18162.5  0.823
BULL    L    621 -0.121  43.961 -19267.5  0.796
        S    469 -0.070  46.482 -11457.5  0.852
NEUTRAL L    635 -0.194  40.315 -33437.5  0.723
        S    608 -0.046  47.697 -14752.5  0.862

-- target T2 (2R) --  n=3340  meanR -0.162  win 27.9%  net $-174,212  PF 0.78
               n  meanR     win      net     PF
regime  dir                                    
BEAR    L    442 -0.226  25.792 -38797.5  0.679
        S    565 -0.092  30.265 -23325.0  0.825
BULL    L    621 -0.159  28.019 -27392.5  0.778
        S    469 -0.136  28.785 -10620.0  0.894
NEUTRAL L    635 -0.220  25.984 -41312.5  0.731
        S    608 -0.141  28.618 -32765.0  0.773

====================================================================================================
first entries (reference)  n/book=9756
====================================================================================================

-- target T1 (1R) --  n=9756  meanR -0.085  win 45.7%  net $-257,755  PF 0.86
                n  meanR     win      net     PF
regime  dir                                     
BEAR    L     163 -0.153  42.331  -5490.0  0.838
        S    1869 -0.116  44.195 -75395.0  0.795
BULL    L    2140 -0.090  45.514 -70350.0  0.789
        S     164 -0.134  43.293  -5757.5  0.815
NEUTRAL L    2729 -0.062  46.904 -46032.5  0.910
        S    2691 -0.078  46.117 -54730.0  0.892

-- target T2 (2R) --  n=9756  meanR -0.114  win 29.5%  net $-440,705  PF 0.81
                n  meanR     win       net     PF
regime  dir                                      
BEAR    L     163 -0.209  26.380   -8615.0  0.807
        S    1869 -0.130  28.999  -98270.0  0.794
BULL    L    2140 -0.145  28.505 -126950.0  0.714
        S     164 -0.177  27.439  -14232.5  0.666
NEUTRAL L    2729 -0.089  30.377 -105282.5  0.848
        S    2691 -0.095  30.175  -87355.0  0.870
