[50/1267] trades=441 (11s)
[100/1267] trades=910 (25s)
[150/1267] trades=1470 (50s)
[200/1267] trades=2040 (74s)
[250/1267] trades=2532 (99s)
[300/1267] trades=3039 (124s)
[350/1267] trades=3568 (149s)
[400/1267] trades=4109 (172s)
[450/1267] trades=4677 (193s)
[500/1267] trades=5158 (210s)
[550/1267] trades=5635 (229s)
[600/1267] trades=6152 (250s)
[650/1267] trades=6705 (267s)
[700/1267] trades=7180 (285s)
[800/1267] trades=8252 (323s)
[850/1267] trades=8793 (342s)
[900/1267] trades=9334 (362s)
[950/1267] trades=9889 (393s)
[1000/1267] trades=10392 (413s)
[1050/1267] trades=10913 (429s)
[1100/1267] trades=11410 (450s)
[1150/1267] trades=11910 (472s)
[1200/1267] trades=12427 (496s)
[1250/1267] trades=12937 (517s)

DONE 524s  days=1231  rows=26192  -> C:\Users\Admin\myquant\scratchpad\second_entries_NEW_1760ffd_20260724.csv

====================================================================================================
SECOND ENTRIES (2E)  n/book=3340
====================================================================================================

-- target T1 (1R) --  n=3340  meanR -0.103  win 44.9%  net $-108,000  PF 0.82
               n  meanR     win      net     PF
regime  dir                                    
BEAR    L    471 -0.117  44.161 -15392.5  0.835
        S    649 -0.063  46.841 -15982.5  0.858
BULL    L    727 -0.109  44.567 -21247.5  0.807
        S    510 -0.071  46.471 -12425.0  0.853
NEUTRAL L    500 -0.212  39.400 -26987.5  0.723
        S    483 -0.056  47.205 -15965.0  0.822

-- target T2 (2R) --  n=3340  meanR -0.162  win 27.9%  net $-174,212  PF 0.78
               n  meanR     win      net     PF
regime  dir                                    
BEAR    L    471 -0.242  25.265 -43455.0  0.665
        S    649 -0.080  30.663 -21170.0  0.857
BULL    L    727 -0.183  27.235 -37697.5  0.743
        S    510 -0.129  29.020 -11550.0  0.894
NEUTRAL L    500 -0.184  27.200 -26350.0  0.783
        S    483 -0.174  27.536 -33990.0  0.720

====================================================================================================
first entries (reference)  n/book=9756
====================================================================================================

-- target T1 (1R) --  n=9756  meanR -0.085  win 45.7%  net $-257,755  PF 0.86
                n  meanR     win       net     PF
regime  dir                                      
BEAR    L     185 -0.135  43.243   -4575.0  0.882
        S    2113 -0.136  43.209 -100577.5  0.758
BULL    L    2479 -0.088  45.623  -74157.5  0.807
        S     199 -0.166  41.709   -7695.0  0.795
NEUTRAL L    2368 -0.061  46.959  -43140.0  0.906
        S    2412 -0.053  47.347  -27610.0  0.939

-- target T2 (2R) --  n=9756  meanR -0.114  win 29.5%  net $-440,705  PF 0.81
                n  meanR     win       net     PF
regime  dir                                      
BEAR    L     185 -0.238  25.405  -13412.5  0.749
        S    2113 -0.151  28.301 -129115.0  0.758
BULL    L    2479 -0.152  28.278 -146095.0  0.716
        S     199 -0.171  27.638  -12357.5  0.750
NEUTRAL L    2368 -0.070  30.997  -81340.0  0.867
        S    2412 -0.072  30.929  -58385.0  0.904
